09-15 21:50:55.399 12309 26575 W CameraPipeCaptureResult: Please use unwrapAndroidObject to prevent the extra object wrapper.
09-15 21:50:55.427 12309 26575 W CAM_kma : RESULT_EXTENDED_FACE key is null
09-15 21:50:55.430 12309 26575 W CameraPipeCaptureResult: Please use unwrapAndroidObject to prevent the extra object wrapper.
09-15 21:50:55.458 12309 26575 W CAM_kma : RESULT_EXTENDED_FACE key is null
09-15 21:50:55.464 12309 26575 W CameraPipeCaptureResult: Please use unwrapAndroidObject to prevent the extra object wrapper.
09-15 21:50:55.499 12309 26575 W CAM_kma : RESULT_EXTENDED_FACE key is null
09-15 21:50:55.506 12309 26575 W CameraPipeCaptureResult: Please use unwrapAndroidObject to prevent the extra object wrapper.
09-15 21:50:55.517 12309 28163 E native  : E0000 00:00:1757944255.517313   28163 lens_offset.cc:141] timestamp 42653022277415 invalid. (1120126 ns away from the latest one). Note that this log prints at most once every 1 seconds
09-15 21:50:55.529 12309 26575 W CAM_kma : RESULT_EXTENDED_FACE key is null
09-15 21:50:55.536 12309 26575 W CameraPipeCaptureResult: Please use unwrapAndroidObject to prevent the extra object wrapper.
09-15 21:50:55.560 12309 26575 W CAM_kma : RESULT_EXTENDED_FACE key is null
09-15 21:50:55.565 12309 26575 W CameraPipeCaptureResult: Please use unwrapAndroidObject to prevent the extra object wrapper.
09-15 21:50:55.593 12309 26575 W CAM_kma : RESULT_EXTENDED_FACE key is null
09-15 21:50:55.598 12309 26575 W CameraPipeCaptureResult: Please use unwrapAndroidObject to prevent the extra object wrapper.
09-15 21:50:55.627 12309 26575 W CAM_kma : RESULT_EXTENDED_FACE key is null
09-15 21:50:55.631 12309 26575 W CameraPipeCaptureResult: Please use unwrapAndroidObject to prevent the extra object wrapper.
09-15 21:50:55.662 12309 26575 W CAM_kma : RESULT_EXTENDED_FACE key is null
09-15 21:50:55.663 12309 26575 W CameraPipeCaptureResult: Please use unwrapAndroidObject to prevent the extra object wrapper.
09-15 21:50:55.692 12309 26575 W CAM_kma : RESULT_EXTENDED_FACE key is null
09-15 21:50:55.697 12309 26575 W CameraPipeCaptureResult: Please use unwrapAndroidObject to prevent the extra object wrapper.
09-15 21:50:55.695 12309 12309 W VfeExecutor: type=1400 audit(0.0:68960): avc:  denied  { getattr } for  name="/" dev="dmabuf" ino=1 scontext=u:r:google_camera_app:s0:c183,c256,c512,c768 tcontext=u:object_r:unlabeled:s0 tclass=filesystem permissive=0 app=com.google.android.GoogleCamera
09-15 21:50:55.695 12309 12309 W VfeExecutor: type=1400 audit(0.0:68961): avc:  denied  { getattr } for  name="/" dev="dmabuf" ino=1 scontext=u:r:google_camera_app:s0:c183,c256,c512,c768 tcontext=u:object_r:unlabeled:s0 tclass=filesystem permissive=0 app=com.google.android.GoogleCamera
09-15 21:50:55.728 12309 26575 W CAM_kma : RESULT_EXTENDED_FACE key is null
09-15 21:50:55.732 12309 26575 W CameraPipeCaptureResult: Please use unwrapAndroidObject to prevent the extra object wrapper.
09-15 21:50:55.731 12309 12309 W VfeExecutor: type=1400 audit(0.0:68962): avc:  denied  { getattr } for  name="/" dev="dmabuf" ino=1 scontext=u:r:google_camera_app:s0:c183,c256,c512,c768 tcontext=u:object_r:unlabeled:s0 tclass=filesystem permissive=0 app=com.google.android.GoogleCamera
09-15 21:50:55.731 12309 12309 W VfeExecutor: type=1400 audit(0.0:68963): avc:  denied  { getattr } for  name="/" dev="dmabuf" ino=1 scontext=u:r:google_camera_app:s0:c183,c256,c512,c768 tcontext=u:object_r:unlabeled:s0 tclass=filesystem permissive=0 app=com.google.android.GoogleCamera
09-15 21:50:55.763 12309 26575 W CAM_kma : RESULT_EXTENDED_FACE key is null
09-15 21:50:55.764 12309 26699 W CAM_pob : Pet and BoH faces are not supported. [CONTEXT ratelimit_period="1 SECONDS" skipped=30 ]
09-15 21:50:55.763 12309 12309 W VfeExecutor: type=1400 audit(0.0:68964): avc:  denied  { getattr } for  name="/" dev="dmabuf" ino=1 scontext=u:r:google_camera_app:s0:c183,c256,c512,c768 tcontext=u:object_r:unlabeled:s0 tclass=filesystem permissive=0 app=com.google.android.GoogleCamera
09-15 21:50:55.770 12309 26575 W CameraPipeCaptureResult: Please use unwrapAndroidObject to prevent the extra object wrapper.
09-15 21:50:55.795 12309 26575 W CAM_kma : RESULT_EXTENDED_FACE key is null
09-15 21:50:55.801 12309 26575 W CameraPipeCaptureResult: Please use unwrapAndroidObject to prevent the extra object wrapper.
09-15 21:50:55.829 12309 26575 W CAM_kma : RESULT_EXTENDED_FACE key is null
09-15 21:50:55.833 12309 26575 W CameraPipeCaptureResult: Please use unwrapAndroidObject to prevent the extra object wrapper.
09-15 21:50:55.861 12309 26575 W CAM_kma : RESULT_EXTENDED_FACE key is null
09-15 21:50:55.865 12309 26575 W CameraPipeCaptureResult: Please use unwrapAndroidObject to prevent the extra object wrapper.
09-15 21:50:55.897 12309 26575 W CAM_kma : RESULT_EXTENDED_FACE key is null
09-15 21:50:55.898 12309 26575 W CameraPipeCaptureResult: Please use unwrapAndroidObject to prevent the extra object wrapper.
09-15 21:50:55.929 12309 26575 W CAM_kma : RESULT_EXTENDED_FACE key is null
09-15 21:50:55.934 12309 26575 W CameraPipeCaptureResult: Please use unwrapAndroidObject to prevent the extra object wrapper.
09-15 21:50:55.961 12309 26575 W CAM_kma : RESULT_EXTENDED_FACE key is null
09-15 21:50:55.968 12309 26575 W CameraPipeCaptureResult: Please use unwrapAndroidObject to prevent the extra object wrapper.
09-15 21:50:55.996 12309 26575 W CAM_kma : RESULT_EXTENDED_FACE key is null
09-15 21:50:55.998 12309 26575 W CameraPipeCaptureResult: Please use unwrapAndroidObject to prevent the extra object wrapper.
09-15 21:50:56.027 12309 26575 W CAM_kma : RESULT_EXTENDED_FACE key is null
09-15 21:50:56.033 12309 26575 W CameraPipeCaptureResult: Please use unwrapAndroidObject to prevent the extra object wrapper.
09-15 21:50:56.067 12309 26575 W CAM_kma : RESULT_EXTENDED_FACE key is null
09-15 21:50:56.070 12309 26575 W CameraPipeCaptureResult: Please use unwrapAndroidObject to prevent the extra object wrapper.
09-15 21:50:56.094 12309 26575 W CAM_kma : RESULT_EXTENDED_FACE key is null
09-15 21:50:56.100 12309 26575 W CameraPipeCaptureResult: Please use unwrapAndroidObject to prevent the extra object wrapper.
09-15 21:50:56.131 12309 26575 W CAM_kma : RESULT_EXTENDED_FACE key is null
09-15 21:50:56.135 12309 26575 W CameraPipeCaptureResult: Please use unwrapAndroidObject to prevent the extra object wrapper.
09-15 21:50:56.163 12309 26575 W CAM_kma : RESULT_EXTENDED_FACE key is null
09-15 21:50:56.168 12309 26575 W CameraPipeCaptureResult: Please use unwrapAndroidObject to prevent the extra object wrapper.
09-15 21:50:56.203 12309 26575 W CAM_kma : RESULT_EXTENDED_FACE key is null
09-15 21:50:56.212 12309 26575 W CameraPipeCaptureResult: Please use unwrapAndroidObject to prevent the extra object wrapper.
09-15 21:50:56.232 12309 26575 W CAM_kma : RESULT_EXTENDED_FACE key is null
09-15 21:50:56.237 12309 26575 W CameraPipeCaptureResult: Please use unwrapAndroidObject to prevent the extra object wrapper.
09-15 21:50:56.263 12309 26575 W CAM_kma : RESULT_EXTENDED_FACE key is null
09-15 21:50:56.269 12309 26575 W CameraPipeCaptureResult: Please use unwrapAndroidObject to prevent the extra object wrapper.
09-15 21:50:56.295 12309 26575 W CAM_kma : RESULT_EXTENDED_FACE key is null
09-15 21:50:56.300 12309 26575 W CameraPipeCaptureResult: Please use unwrapAndroidObject to prevent the extra object wrapper.
09-15 21:50:56.328 12309 26575 W CAM_kma : RESULT_EXTENDED_FACE key is null
09-15 21:50:56.333 12309 26575 W CameraPipeCaptureResult: Please use unwrapAndroidObject to prevent the extra object wrapper.
09-15 21:50:56.360 12309 26575 W CAM_kma : RESULT_EXTENDED_FACE key is null
09-15 21:50:56.369 12309 26575 W CameraPipeCaptureResult: Please use unwrapAndroidObject to prevent the extra object wrapper.
09-15 21:50:56.393 12309 26575 W CAM_kma : RESULT_EXTENDED_FACE key is null
09-15 21:50:56.400 12309 26575 W CameraPipeCaptureResult: Please use unwrapAndroidObject to prevent the extra object wrapper.
09-15 21:50:56.431 12309 26575 W CAM_kma : RESULT_EXTENDED_FACE key is null
09-15 21:50:56.434 12309 26575 W CameraPipeCaptureResult: Please use unwrapAndroidObject to prevent the extra object wrapper.
09-15 21:50:56.462 12309 26575 W CAM_kma : RESULT_EXTENDED_FACE key is null
09-15 21:50:56.467 12309 26575 W CameraPipeCaptureResult: Please use unwrapAndroidObject to prevent the extra object wrapper.
09-15 21:50:56.495 12309 26575 W CAM_kma : RESULT_EXTENDED_FACE key is null
09-15 21:50:56.500 12309 26575 W CameraPipeCaptureResult: Please use unwrapAndroidObject to prevent the extra object wrapper.
09-15 21:50:56.529 12309 26575 W CAM_kma : RESULT_EXTENDED_FACE key is null
09-15 21:50:56.532 12309 26575 W CameraPipeCaptureResult: Please use unwrapAndroidObject to prevent the extra object wrapper.
09-15 21:50:56.560 12309 26575 W CAM_kma : RESULT_EXTENDED_FACE key is null
09-15 21:50:56.566 12309 26575 W CameraPipeCaptureResult: Please use unwrapAndroidObject to prevent the extra object wrapper.
09-15 21:50:56.594 12309 26575 W CAM_kma : RESULT_EXTENDED_FACE key is null
09-15 21:50:56.599 12309 26575 W CameraPipeCaptureResult: Please use unwrapAndroidObject to prevent the extra object wrapper.
09-15 21:50:56.616 12309 28163 E native  : E0000 00:00:1757944256.615932   28163 lens_offset.cc:141] timestamp 42654122340196 invalid. (1173755 ns away from the latest one). Note that this log prints at most once every 1 seconds
09-15 21:50:56.634 12309 26575 W CAM_kma : RESULT_EXTENDED_FACE key is null
09-15 21:50:56.635 12309 26575 W CameraPipeCaptureResult: Please use unwrapAndroidObject to prevent the extra object wrapper.
09-15 21:50:56.662 12309 26575 W CAM_kma : RESULT_EXTENDED_FACE key is null
09-15 21:50:56.669 12309 26575 W CameraPipeCaptureResult: Please use unwrapAndroidObject to prevent the extra object wrapper.
09-15 21:50:56.693 12309 26575 W CAM_kma : RESULT_EXTENDED_FACE key is null
09-15 21:50:56.699 12309 26575 W CameraPipeCaptureResult: Please use unwrapAndroidObject to prevent the extra object wrapper.
09-15 21:50:56.699 12309 12309 W VfeExecutor: type=1400 audit(0.0:69020): avc:  denied  { getattr } for  name="/" dev="dmabuf" ino=1 scontext=u:r:google_camera_app:s0:c183,c256,c512,c768 tcontext=u:object_r:unlabeled:s0 tclass=filesystem permissive=0 app=com.google.android.GoogleCamera
09-15 21:50:56.699 12309 12309 W VfeExecutor: type=1400 audit(0.0:69021): avc:  denied  { getattr } for  name="/" dev="dmabuf" ino=1 scontext=u:r:google_camera_app:s0:c183,c256,c512,c768 tcontext=u:object_r:unlabeled:s0 tclass=filesystem permissive=0 app=com.google.android.GoogleCamera
09-15 21:50:56.729 12309 26575 W CAM_kma : RESULT_EXTENDED_FACE key is null
09-15 21:50:56.731 12309 26575 W CameraPipeCaptureResult: Please use unwrapAndroidObject to prevent the extra object wrapper.
09-15 21:50:56.731 12309 12309 W VfeExecutor: type=1400 audit(0.0:69022): avc:  denied  { getattr } for  name="/" dev="dmabuf" ino=1 scontext=u:r:google_camera_app:s0:c183,c256,c512,c768 tcontext=u:object_r:unlabeled:s0 tclass=filesystem permissive=0 app=com.google.android.GoogleCamera
09-15 21:50:56.731 12309 12309 W VfeExecutor: type=1400 audit(0.0:69023): avc:  denied  { getattr } for  name="/" dev="dmabuf" ino=1 scontext=u:r:google_camera_app:s0:c183,c256,c512,c768 tcontext=u:object_r:unlabeled:s0 tclass=filesystem permissive=0 app=com.google.android.GoogleCamera
09-15 21:50:56.760 12309 26575 W CAM_kma : RESULT_EXTENDED_FACE key is null
09-15 21:50:56.766 12309 26575 W CameraPipeCaptureResult: Please use unwrapAndroidObject to prevent the extra object wrapper.
09-15 21:50:56.767 12309 12309 W VfeExecutor: type=1400 audit(0.0:69024): avc:  denied  { getattr } for  name="/" dev="dmabuf" ino=1 scontext=u:r:google_camera_app:s0:c183,c256,c512,c768 tcontext=u:object_r:unlabeled:s0 tclass=filesystem permissive=0 app=com.google.android.GoogleCamera
09-15 21:50:56.793 12309 26575 W CAM_kma : RESULT_EXTENDED_FACE key is null
09-15 21:50:56.794 12309 26699 W CAM_pob : Pet and BoH faces are not supported. [CONTEXT ratelimit_period="1 SECONDS" skipped=30 ]
09-15 21:50:56.798 12309 26575 W CameraPipeCaptureResult: Please use unwrapAndroidObject to prevent the extra object wrapper.
09-15 21:50:56.828 12309 26575 W CAM_kma : RESULT_EXTENDED_FACE key is null
09-15 21:50:56.832 12309 26575 W CameraPipeCaptureResult: Please use unwrapAndroidObject to prevent the extra object wrapper.
09-15 21:50:56.837 12309 28175 I native  : I0000 00:00:1757944256.836853   28175 vio_fault_detector.cc:366] [VioFaultDetector] Not enough ransac inliers=49 ransac_inlier_ratio=0.06125 for duration: 99.887559ms.
09-15 21:50:56.864 12309 26575 W CAM_kma : RESULT_EXTENDED_FACE key is null
09-15 21:50:56.868 12309 26575 W CameraPipeCaptureResult: Please use unwrapAndroidObject to prevent the extra object wrapper.
09-15 21:50:56.895 12309 26575 W CAM_kma : RESULT_EXTENDED_FACE key is null
09-15 21:50:56.899 12309 26575 W CameraPipeCaptureResult: Please use unwrapAndroidObject to prevent the extra object wrapper.
09-15 21:50:56.927 12309 26575 W CAM_kma : RESULT_EXTENDED_FACE key is null
09-15 21:50:56.933 12309 26575 W CameraPipeCaptureResult: Please use unwrapAndroidObject to prevent the extra object wrapper.
09-15 21:50:56.965 12309 26575 W CAM_kma : RESULT_EXTENDED_FACE key is null
09-15 21:50:56.970 12309 26575 W CameraPipeCaptureResult: Please use unwrapAndroidObject to prevent the extra object wrapper.
09-15 21:50:56.995 12309 26575 W CAM_kma : RESULT_EXTENDED_FACE key is null
09-15 21:50:57.001 12309 26575 W CameraPipeCaptureResult: Please use unwrapAndroidObject to prevent the extra object wrapper.
09-15 21:50:57.028 12309 26575 W CAM_kma : RESULT_EXTENDED_FACE key is null
09-15 21:50:57.036 12309 26575 W CameraPipeCaptureResult: Please use unwrapAndroidObject to prevent the extra object wrapper.
09-15 21:50:57.062 12309 26575 W CAM_kma : RESULT_EXTENDED_FACE key is null
09-15 21:50:57.068 12309 26575 W CameraPipeCaptureResult: Please use unwrapAndroidObject to prevent the extra object wrapper.
09-15 21:50:57.094 12309 26575 W CAM_kma : RESULT_EXTENDED_FACE key is null
09-15 21:50:57.099 12309 26575 W CameraPipeCaptureResult: Please use unwrapAndroidObject to prevent the extra object wrapper.
09-15 21:50:57.132 12309 26575 W CAM_kma : RESULT_EXTENDED_FACE key is null
09-15 21:50:57.136 12309 26575 W CameraPipeCaptureResult: Please use unwrapAndroidObject to prevent the extra object wrapper.
09-15 21:50:57.161 12309 26575 W CAM_kma : RESULT_EXTENDED_FACE key is null
09-15 21:50:57.166 12309 26575 W CameraPipeCaptureResult: Please use unwrapAndroidObject to prevent the extra object wrapper.
09-15 21:50:57.195 12309 26575 W CAM_kma : RESULT_EXTENDED_FACE key is null
09-15 21:50:57.198 12309 26575 W CameraPipeCaptureResult: Please use unwrapAndroidObject to prevent the extra object wrapper.
09-15 21:50:57.229 12309 26575 W CAM_kma : RESULT_EXTENDED_FACE key is null
09-15 21:50:57.234 12309 26575 W CameraPipeCaptureResult: Please use unwrapAndroidObject to prevent the extra object wrapper.
09-15 21:50:57.262 12309 26575 W CAM_kma : RESULT_EXTENDED_FACE key is null
09-15 21:50:57.265 12309 26575 W CameraPipeCaptureResult: Please use unwrapAndroidObject to prevent the extra object wrapper.
09-15 21:50:57.294 12309 26575 W CAM_kma : RESULT_EXTENDED_FACE key is null
09-15 21:50:57.300 12309 26575 W CameraPipeCaptureResult: Please use unwrapAndroidObject to prevent the extra object wrapper.
09-15 21:50:57.329 12309 26575 W CAM_kma : RESULT_EXTENDED_FACE key is null
09-15 21:50:57.332 12309 26575 W CameraPipeCaptureResult: Please use unwrapAndroidObject to prevent the extra object wrapper.
09-15 21:50:57.361 12309 26575 W CAM_kma : RESULT_EXTENDED_FACE key is null
09-15 21:50:57.366 12309 26575 W CameraPipeCaptureResult: Please use unwrapAndroidObject to prevent the extra object wrapper.
09-15 21:50:57.397 12309 26575 W CAM_kma : RESULT_EXTENDED_FACE key is null
09-15 21:50:57.401 12309 26575 W CameraPipeCaptureResult: Please use unwrapAndroidObject to prevent the extra object wrapper.
09-15 21:50:57.436 12309 26575 W CAM_kma : RESULT_EXTENDED_FACE key is null
09-15 21:50:57.441 12309 26575 W CameraPipeCaptureResult: Please use unwrapAndroidObject to prevent the extra object wrapper.
09-15 21:50:57.465 12309 26575 W CAM_kma : RESULT_EXTENDED_FACE key is null
09-15 21:50:57.470 12309 26575 W CameraPipeCaptureResult: Please use unwrapAndroidObject to prevent the extra object wrapper.
09-15 21:50:57.496 12309 26575 W CAM_kma : RESULT_EXTENDED_FACE key is null
09-15 21:50:57.500 12309 26575 W CameraPipeCaptureResult: Please use unwrapAndroidObject to prevent the extra object wrapper.
09-15 21:50:57.528 12309 26575 W CAM_kma : RESULT_EXTENDED_FACE key is null
09-15 21:50:57.534 12309 26575 W CameraPipeCaptureResult: Please use unwrapAndroidObject to prevent the extra object wrapper.
09-15 21:50:57.570 12309 26575 W CAM_kma : RESULT_EXTENDED_FACE key is null
09-15 21:50:57.580 12309 26575 W CameraPipeCaptureResult: Please use unwrapAndroidObject to prevent the extra object wrapper.
09-15 21:50:57.599 12309 26575 W CAM_kma : RESULT_EXTENDED_FACE key is null
09-15 21:50:57.604 12309 26575 W CameraPipeCaptureResult: Please use unwrapAndroidObject to prevent the extra object wrapper.
09-15 21:50:57.631 12309 26575 W CAM_kma : RESULT_EXTENDED_FACE key is null
09-15 21:50:57.636 12309 26575 W CameraPipeCaptureResult: Please use unwrapAndroidObject to prevent the extra object wrapper.
09-15 21:50:57.666 12309 26575 W CAM_kma : RESULT_EXTENDED_FACE key is null
09-15 21:50:57.678 12309 26575 W CameraPipeCaptureResult: Please use unwrapAndroidObject to prevent the extra object wrapper.
09-15 21:50:57.697 12309 26575 W CAM_kma : RESULT_EXTENDED_FACE key is null
09-15 21:50:57.701 12309 26575 W CameraPipeCaptureResult: Please use unwrapAndroidObject to prevent the extra object wrapper.
09-15 21:50:57.726 12309 26575 W CAM_kma : RESULT_EXTENDED_FACE key is null
09-15 21:50:57.732 12309 26575 W CameraPipeCaptureResult: Please use unwrapAndroidObject to prevent the extra object wrapper.
09-15 21:50:57.735 12309 12309 W VfeExecutor: type=1400 audit(0.0:69082): avc:  denied  { getattr } for  name="/" dev="dmabuf" ino=1 scontext=u:r:google_camera_app:s0:c183,c256,c512,c768 tcontext=u:object_r:unlabeled:s0 tclass=filesystem permissive=0 app=com.google.android.GoogleCamera
09-15 21:50:57.735 12309 12309 W VfeExecutor: type=1400 audit(0.0:69083): avc:  denied  { getattr } for  name="/" dev="dmabuf" ino=1 scontext=u:r:google_camera_app:s0:c183,c256,c512,c768 tcontext=u:object_r:unlabeled:s0 tclass=filesystem permissive=0 app=com.google.android.GoogleCamera
09-15 21:50:57.763 12309 26575 W CAM_kma : RESULT_EXTENDED_FACE key is null
09-15 21:50:57.767 12309 12309 W VfeExecutor: type=1400 audit(0.0:69084): avc:  denied  { getattr } for  name="/" dev="dmabuf" ino=1 scontext=u:r:google_camera_app:s0:c183,c256,c512,c768 tcontext=u:object_r:unlabeled:s0 tclass=filesystem permissive=0 app=com.google.android.GoogleCamera
09-15 21:50:57.767 12309 12309 W VfeExecutor: type=1400 audit(0.0:69085): avc:  denied  { getattr } for  name="/" dev="dmabuf" ino=1 scontext=u:r:google_camera_app:s0:c183,c256,c512,c768 tcontext=u:object_r:unlabeled:s0 tclass=filesystem permissive=0 app=com.google.android.GoogleCamera
09-15 21:50:57.796 12309 26575 W CAM_kma : RESULT_EXTENDED_FACE key is null
09-15 21:50:57.797 12309 26699 W CAM_pob : Pet and BoH faces are not supported. [CONTEXT ratelimit_period="1 SECONDS" skipped=29 ]
09-15 21:50:57.801 12309 26575 W CameraPipeCaptureResult: Please use unwrapAndroidObject to prevent the extra object wrapper.
09-15 21:50:57.803 12309 12309 W VfeExecutor: type=1400 audit(0.0:69086): avc:  denied  { getattr } for  name="/" dev="dmabuf" ino=1 scontext=u:r:google_camera_app:s0:c183,c256,c512,c768 tcontext=u:object_r:unlabeled:s0 tclass=filesystem permissive=0 app=com.google.android.GoogleCamera
09-15 21:50:57.831 12309 26575 W CAM_kma : RESULT_EXTENDED_FACE key is null
09-15 21:50:57.836 12309 26575 W CameraPipeCaptureResult: Please use unwrapAndroidObject to prevent the extra object wrapper.
09-15 21:50:57.862 12309 26575 W CAM_kma : RESULT_EXTENDED_FACE key is null
09-15 21:50:57.868 12309 26575 W CameraPipeCaptureResult: Please use unwrapAndroidObject to prevent the extra object wrapper.
09-15 21:50:57.892 12309 26575 W CAM_kma : RESULT_EXTENDED_FACE key is null
09-15 21:50:57.898 12309 26575 W CameraPipeCaptureResult: Please use unwrapAndroidObject to prevent the extra object wrapper.
09-15 21:50:57.926 12309 26575 W CAM_kma : RESULT_EXTENDED_FACE key is null
09-15 21:50:57.932 12309 26575 W CameraPipeCaptureResult: Please use unwrapAndroidObject to prevent the extra object wrapper.
09-15 21:50:57.964 12309 26575 W CAM_kma : RESULT_EXTENDED_FACE key is null
09-15 21:50:57.969 12309 26575 W CameraPipeCaptureResult: Please use unwrapAndroidObject to prevent the extra object wrapper.
09-15 21:50:57.994 12309 26575 W CAM_kma : RESULT_EXTENDED_FACE key is null
09-15 21:50:58.000 12309 26575 W CameraPipeCaptureResult: Please use unwrapAndroidObject to prevent the extra object wrapper.
09-15 21:50:58.025 12309 26575 W CAM_kma : RESULT_EXTENDED_FACE key is null
09-15 21:50:58.035 12309 26575 W CameraPipeCaptureResult: Please use unwrapAndroidObject to prevent the extra object wrapper.
09-15 21:50:58.061 12309 26575 W CAM_kma : RESULT_EXTENDED_FACE key is null
09-15 21:50:58.064 12309 26575 W CameraPipeCaptureResult: Please use unwrapAndroidObject to prevent the extra object wrapper.
09-15 21:50:58.094 12309 26575 W CAM_kma : RESULT_EXTENDED_FACE key is null
09-15 21:50:58.102 12309 26575 W CameraPipeCaptureResult: Please use unwrapAndroidObject to prevent the extra object wrapper.
09-15 21:50:58.114 12309 28163 E native  : E0000 00:00:1757944258.114154   28163 lens_offset.cc:141] timestamp 42655622724323 invalid. (1547999 ns away from the latest one). Note that this log prints at most once every 1 seconds
09-15 21:50:58.131 12309 26575 W CAM_kma : RESULT_EXTENDED_FACE key is null
09-15 21:50:58.136 12309 26575 W CameraPipeCaptureResult: Please use unwrapAndroidObject to prevent the extra object wrapper.
09-15 21:50:58.161 12309 26575 W CAM_kma : RESULT_EXTENDED_FACE key is null
09-15 21:50:58.167 12309 26575 W CameraPipeCaptureResult: Please use unwrapAndroidObject to prevent the extra object wrapper.
09-15 21:50:58.194 12309 26575 W CAM_kma : RESULT_EXTENDED_FACE key is null
09-15 21:50:58.200 12309 26575 W CameraPipeCaptureResult: Please use unwrapAndroidObject to prevent the extra object wrapper.
09-15 21:50:58.231 12309 26575 W CAM_kma : RESULT_EXTENDED_FACE key is null
09-15 21:50:58.235 12309 26575 W CameraPipeCaptureResult: Please use unwrapAndroidObject to prevent the extra object wrapper.
09-15 21:50:58.260 12309 26575 W CAM_kma : RESULT_EXTENDED_FACE key is null
09-15 21:50:58.265 12309 26575 W CameraPipeCaptureResult: Please use unwrapAndroidObject to prevent the extra object wrapper.
09-15 21:50:58.294 12309 26575 W CAM_kma : RESULT_EXTENDED_FACE key is null
09-15 21:50:58.300 12309 26575 W CameraPipeCaptureResult: Please use unwrapAndroidObject to prevent the extra object wrapper.
09-15 21:50:58.330 12309 26575 W CAM_kma : RESULT_EXTENDED_FACE key is null
09-15 21:50:58.334 12309 26575 W CameraPipeCaptureResult: Please use unwrapAndroidObject to prevent the extra object wrapper.
09-15 21:50:58.360 12309 26575 W CAM_kma : RESULT_EXTENDED_FACE key is null
09-15 21:50:58.365 12309 26575 W CameraPipeCaptureResult: Please use unwrapAndroidObject to prevent the extra object wrapper.
09-15 21:50:58.392 12309 26575 W CAM_kma : RESULT_EXTENDED_FACE key is null
09-15 21:50:58.397 12309 26575 W CameraPipeCaptureResult: Please use unwrapAndroidObject to prevent the extra object wrapper.
09-15 21:50:58.427 12309 26575 W CAM_kma : RESULT_EXTENDED_FACE key is null
09-15 21:50:58.432 12309 26575 W CameraPipeCaptureResult: Please use unwrapAndroidObject to prevent the extra object wrapper.
09-15 21:50:58.459 12309 26575 W CAM_kma : RESULT_EXTENDED_FACE key is null
09-15 21:50:58.463 12309 26575 W CameraPipeCaptureResult: Please use unwrapAndroidObject to prevent the extra object wrapper.
09-15 21:50:58.495 12309 26575 W CAM_kma : RESULT_EXTENDED_FACE key is null
09-15 21:50:58.498 12309 26575 W CameraPipeCaptureResult: Please use unwrapAndroidObject to prevent the extra object wrapper.
09-15 21:50:58.527 12309 26575 W CAM_kma : RESULT_EXTENDED_FACE key is null
09-15 21:50:58.533 12309 26575 W CameraPipeCaptureResult: Please use unwrapAndroidObject to prevent the extra object wrapper.
09-15 21:50:58.567 12309 26575 W CAM_kma : RESULT_EXTENDED_FACE key is null
09-15 21:50:58.575 12309 26575 W CameraPipeCaptureResult: Please use unwrapAndroidObject to prevent the extra object wrapper.
09-15 21:50:58.600 12309 26575 W CAM_kma : RESULT_EXTENDED_FACE key is null
09-15 21:50:58.605 12309 26575 W CameraPipeCaptureResult: Please use unwrapAndroidObject to prevent the extra object wrapper.
09-15 21:50:58.637 12309 26575 W CAM_kma : RESULT_EXTENDED_FACE key is null
09-15 21:50:58.639 12309 26575 W CameraPipeCaptureResult: Please use unwrapAndroidObject to prevent the extra object wrapper.
09-15 21:50:58.661 12309 26575 W CAM_kma : RESULT_EXTENDED_FACE key is null
09-15 21:50:58.668 12309 26575 W CameraPipeCaptureResult: Please use unwrapAndroidObject to prevent the extra object wrapper.
09-15 21:50:58.697 12309 26575 W CAM_kma : RESULT_EXTENDED_FACE key is null
09-15 21:50:58.703 12309 26575 W CameraPipeCaptureResult: Please use unwrapAndroidObject to prevent the extra object wrapper.
09-15 21:50:58.728 12309 26575 W CAM_kma : RESULT_EXTENDED_FACE key is null
09-15 21:50:58.733 12309 26575 W CameraPipeCaptureResult: Please use unwrapAndroidObject to prevent the extra object wrapper.
09-15 21:50:58.760 12309 26575 W CAM_kma : RESULT_EXTENDED_FACE key is null
09-15 21:50:58.765 12309 26575 W CameraPipeCaptureResult: Please use unwrapAndroidObject to prevent the extra object wrapper.
09-15 21:50:58.763 12309 12309 W VfeExecutor: type=1400 audit(0.0:69144): avc:  denied  { getattr } for  name="/" dev="dmabuf" ino=1 scontext=u:r:google_camera_app:s0:c183,c256,c512,c768 tcontext=u:object_r:unlabeled:s0 tclass=filesystem permissive=0 app=com.google.android.GoogleCamera
09-15 21:50:58.767 12309 12309 W VfeExecutor: type=1400 audit(0.0:69145): avc:  denied  { getattr } for  name="/" dev="dmabuf" ino=1 scontext=u:r:google_camera_app:s0:c183,c256,c512,c768 tcontext=u:object_r:unlabeled:s0 tclass=filesystem permissive=0 app=com.google.android.GoogleCamera
09-15 21:50:58.794 12309 26575 W CAM_kma : RESULT_EXTENDED_FACE key is null
09-15 21:50:58.799 12309 26575 W CameraPipeCaptureResult: Please use unwrapAndroidObject to prevent the extra object wrapper.
09-15 21:50:58.799 12309 12309 W VfeExecutor: type=1400 audit(0.0:69146): avc:  denied  { getattr } for  name="/" dev="dmabuf" ino=1 scontext=u:r:google_camera_app:s0:c183,c256,c512,c768 tcontext=u:object_r:unlabeled:s0 tclass=filesystem permissive=0 app=com.google.android.GoogleCamera
09-15 21:50:58.799 12309 12309 W VfeExecutor: type=1400 audit(0.0:69147): avc:  denied  { getattr } for  name="/" dev="dmabuf" ino=1 scontext=u:r:google_camera_app:s0:c183,c256,c512,c768 tcontext=u:object_r:unlabeled:s0 tclass=filesystem permissive=0 app=com.google.android.GoogleCamera
09-15 21:50:58.826 12309 26575 W CAM_kma : RESULT_EXTENDED_FACE key is null
09-15 21:50:58.827 12309 26699 W CAM_pob : Pet and BoH faces are not supported. [CONTEXT ratelimit_period="1 SECONDS" skipped=30 ]
09-15 21:50:58.830 12309 26575 W CameraPipeCaptureResult: Please use unwrapAndroidObject to prevent the extra object wrapper.
09-15 21:50:58.831 12309 12309 W VfeExecutor: type=1400 audit(0.0:69148): avc:  denied  { getattr } for  name="/" dev="dmabuf" ino=1 scontext=u:r:google_camera_app:s0:c183,c256,c512,c768 tcontext=u:object_r:unlabeled:s0 tclass=filesystem permissive=0 app=com.google.android.GoogleCamera
09-15 21:50:58.861 12309 26575 W CAM_kma : RESULT_EXTENDED_FACE key is null
09-15 21:50:58.865 12309 26575 W CameraPipeCaptureResult: Please use unwrapAndroidObject to prevent the extra object wrapper.
09-15 21:50:58.895 12309 26575 W CAM_kma : RESULT_EXTENDED_FACE key is null
09-15 21:50:58.901 12309 26575 W CameraPipeCaptureResult: Please use unwrapAndroidObject to prevent the extra object wrapper.
09-15 21:50:58.926 12309 26575 W CAM_kma : RESULT_EXTENDED_FACE key is null
09-15 21:50:58.930 12309 26575 W CameraPipeCaptureResult: Please use unwrapAndroidObject to prevent the extra object wrapper.
09-15 21:50:58.961 12309 26575 W CAM_kma : RESULT_EXTENDED_FACE key is null
09-15 21:50:58.967 12309 26575 W CameraPipeCaptureResult: Please use unwrapAndroidObject to prevent the extra object wrapper.
09-15 21:50:58.993 12309 26575 W CAM_kma : RESULT_EXTENDED_FACE key is null
09-15 21:50:58.999 12309 26575 W CameraPipeCaptureResult: Please use unwrapAndroidObject to prevent the extra object wrapper.
09-15 21:50:59.032 12309 26575 W CAM_kma : RESULT_EXTENDED_FACE key is null
09-15 21:50:59.033 12309 26575 W CameraPipeCaptureResult: Please use unwrapAndroidObject to prevent the extra object wrapper.
09-15 21:50:59.061 12309 26575 W CAM_kma : RESULT_EXTENDED_FACE key is null
09-15 21:50:59.067 12309 26575 W CameraPipeCaptureResult: Please use unwrapAndroidObject to prevent the extra object wrapper.
09-15 21:50:59.093 12309 26575 W CAM_kma : RESULT_EXTENDED_FACE key is null
09-15 21:50:59.098 12309 26575 W CameraPipeCaptureResult: Please use unwrapAndroidObject to prevent the extra object wrapper.
09-15 21:50:59.129 12309 26575 W CAM_kma : RESULT_EXTENDED_FACE key is null
09-15 21:50:59.130 12309 26575 W CameraPipeCaptureResult: Please use unwrapAndroidObject to prevent the extra object wrapper.
09-15 21:50:59.163 12309 26575 W CAM_kma : RESULT_EXTENDED_FACE key is null
09-15 21:50:59.169 12309 26575 W CameraPipeCaptureResult: Please use unwrapAndroidObject to prevent the extra object wrapper.
09-15 21:50:59.194 12309 26575 W CAM_kma : RESULT_EXTENDED_FACE key is null
09-15 21:50:59.201 12309 26575 W CameraPipeCaptureResult: Please use unwrapAndroidObject to prevent the extra object wrapper.
09-15 21:50:59.235 12309 26575 W CAM_kma : RESULT_EXTENDED_FACE key is null
09-15 21:50:59.236 12309 26575 W CameraPipeCaptureResult: Please use unwrapAndroidObject to prevent the extra object wrapper.
09-15 21:50:59.261 12309 26575 W CAM_kma : RESULT_EXTENDED_FACE key is null
09-15 21:50:59.267 12309 26575 W CameraPipeCaptureResult: Please use unwrapAndroidObject to prevent the extra object wrapper.
09-15 21:50:59.295 12309 26575 W CAM_kma : RESULT_EXTENDED_FACE key is null
09-15 21:50:59.300 12309 26575 W CameraPipeCaptureResult: Please use unwrapAndroidObject to prevent the extra object wrapper.
09-15 21:50:59.335 12309 26575 W CAM_kma : RESULT_EXTENDED_FACE key is null
09-15 21:50:59.339 12309 26575 W CameraPipeCaptureResult: Please use unwrapAndroidObject to prevent the extra object wrapper.
09-15 21:50:59.360 12309 26575 W CAM_kma : RESULT_EXTENDED_FACE key is null
09-15 21:50:59.366 12309 26575 W CameraPipeCaptureResult: Please use unwrapAndroidObject to prevent the extra object wrapper.
09-15 21:50:59.393 12309 26575 W CAM_kma : RESULT_EXTENDED_FACE key is null
09-15 21:50:59.398 12309 26575 W CameraPipeCaptureResult: Please use unwrapAndroidObject to prevent the extra object wrapper.
09-15 21:50:59.429 12309 26575 W CAM_kma : RESULT_EXTENDED_FACE key is null
09-15 21:50:59.432 12309 26575 W CameraPipeCaptureResult: Please use unwrapAndroidObject to prevent the extra object wrapper.
09-15 21:50:59.461 12309 26575 W CAM_kma : RESULT_EXTENDED_FACE key is null
09-15 21:50:59.467 12309 26575 W CameraPipeCaptureResult: Please use unwrapAndroidObject to prevent the extra object wrapper.
09-15 21:50:59.500 12309 26575 W CAM_kma : RESULT_EXTENDED_FACE key is null
09-15 21:50:59.505 12309 26575 W CameraPipeCaptureResult: Please use unwrapAndroidObject to prevent the extra object wrapper.
09-15 21:50:59.536 12309 26575 W CAM_kma : RESULT_EXTENDED_FACE key is null
09-15 21:50:59.542 12309 26575 W CameraPipeCaptureResult: Please use unwrapAndroidObject to prevent the extra object wrapper.
09-15 21:50:59.570 12309 26575 W CAM_kma : RESULT_EXTENDED_FACE key is null
09-15 21:50:59.572 12309 26575 W CameraPipeCaptureResult: Please use unwrapAndroidObject to prevent the extra object wrapper.
09-15 21:50:59.603 12309 26575 W CAM_kma : RESULT_EXTENDED_FACE key is null
09-15 21:50:59.607 12309 26575 W CameraPipeCaptureResult: Please use unwrapAndroidObject to prevent the extra object wrapper.
09-15 21:50:59.638 12309 26575 W CAM_kma : RESULT_EXTENDED_FACE key is null
09-15 21:50:59.639 12309 26575 W CameraPipeCaptureResult: Please use unwrapAndroidObject to prevent the extra object wrapper.
09-15 21:50:59.644 12309 12309 W View    : requestLayout() improperly called by com.google.android.apps.camera.bottombar.SideButtonContainer{f5edb44 V.E...... ......ID 416,181-416,308 #7f0b02af app:id/left_placeholder_container} during layout: running second layout pass
09-15 21:50:59.644 12309 12309 W View    : requestLayout() improperly called by android.widget.FrameLayout{ab2ed62 V.E...... ......ID 416,120-665,369 #7f0b010a app:id/center_placeholder} during layout: running second layout pass
09-15 21:50:59.644 12309 12309 W View    : requestLayout() improperly called by com.google.android.apps.camera.bottombar.SideButtonContainer{61067b0 V.E...... ......ID 665,181-665,308 #7f0b042d app:id/right_placeholder_container} during layout: running second layout pass
09-15 21:50:59.656 12309 26981 W CAM_tes : No valid person anchor in the scene. Creating a scene frame anchor based on an arbitrary point.
09-15 21:50:59.672 12309 26575 W CAM_kma : RESULT_EXTENDED_FACE key is null
09-15 21:50:59.673 12309 26575 W CameraPipeCaptureResult: Please use unwrapAndroidObject to prevent the extra object wrapper.
09-15 21:50:59.700 12309 26575 W CAM_kma : RESULT_EXTENDED_FACE key is null
09-15 21:50:59.703 12309 26575 W CameraPipeCaptureResult: Please use unwrapAndroidObject to prevent the extra object wrapper.
09-15 21:50:59.705 12309 28255 W CAM_kyu : Got empty bytes for face deblur node log from vendor tag. face_cnt=2
09-15 21:50:59.708 12309 28255 W CameraPipeCaptureResult: Please use unwrapAndroidObject to prevent the extra object wrapper.
09-15 21:50:59.708 12309 28255 W CAM_kyu : Got empty bytes for face deblur node log from vendor tag. face_cnt=2
09-15 21:50:59.710 12309 28255 W CameraPipeCaptureResult: Please use unwrapAndroidObject to prevent the extra object wrapper.
09-15 21:50:59.711 12309 28255 W CAM_kyu : Got empty bytes for face deblur node log from vendor tag. face_cnt=2
09-15 21:50:59.714 12309 28255 W CameraPipeCaptureResult: Please use unwrapAndroidObject to prevent the extra object wrapper.
09-15 21:50:59.714 12309 28255 W CAM_kyu : Got empty bytes for face deblur node log from vendor tag. face_cnt=2
09-15 21:50:59.723 12309 28255 W CameraPipeCaptureResult: Please use unwrapAndroidObject to prevent the extra object wrapper.
09-15 21:50:59.724 12309 28255 W CAM_kyu : Got empty bytes for face deblur node log from vendor tag. face_cnt=2
09-15 21:50:59.726 12309 28255 W CameraPipeCaptureResult: Please use unwrapAndroidObject to prevent the extra object wrapper.
09-15 21:50:59.727 12309 28255 W CAM_kyu : Got empty bytes for face deblur node log from vendor tag. face_cnt=2
09-15 21:50:59.729 12309 26575 W CAM_kma : RESULT_EXTENDED_FACE key is null
09-15 21:50:59.729 12309 28255 W CameraPipeCaptureResult: Please use unwrapAndroidObject to prevent the extra object wrapper.
09-15 21:50:59.729 12309 28255 W CAM_kyu : Got empty bytes for face deblur node log from vendor tag. face_cnt=2
09-15 21:50:59.733 12309 28255 W CameraPipeCaptureResult: Please use unwrapAndroidObject to prevent the extra object wrapper.
09-15 21:50:59.733 12309 28255 W CAM_kyu : Got empty bytes for face deblur node log from vendor tag. face_cnt=2
09-15 21:50:59.736 12309 26575 W CameraPipeCaptureResult: Please use unwrapAndroidObject to prevent the extra object wrapper.
09-15 21:50:59.736 12309 28255 W CameraPipeCaptureResult: Please use unwrapAndroidObject to prevent the extra object wrapper.
09-15 21:50:59.737 12309 26960 I acceleration: ModifyGraphWithDelegate model namespace: unknown_namespace model id: unknown_model_id accelerator name: EDGETPU
09-15 21:50:59.738 12309 28255 W CAM_kyu : Got empty bytes for face deblur node log from vendor tag. face_cnt=2
09-15 21:50:59.743 12309 28255 W CameraPipeCaptureResult: Please use unwrapAndroidObject to prevent the extra object wrapper.
09-15 21:50:59.743 12309 28255 W CAM_kyu : Got empty bytes for face deblur node log from vendor tag. face_cnt=2
09-15 21:50:59.745 12309 26960 I acceleration: ModifyGraphWithDelegate model namespace: unknown_namespace model id: unknown_model_id accelerator name: EDGETPU
09-15 21:50:59.745 12309 28255 W CameraPipeCaptureResult: Please use unwrapAndroidObject to prevent the extra object wrapper.
09-15 21:50:59.762 12309 26575 W CAM_kma : RESULT_EXTENDED_FACE key is null
09-15 21:50:59.767 12309 12309 W VfeExecutor: type=1400 audit(0.0:69202): avc:  denied  { getattr } for  name="/" dev="dmabuf" ino=1 scontext=u:r:google_camera_app:s0:c183,c256,c512,c768 tcontext=u:object_r:unlabeled:s0 tclass=filesystem permissive=0 app=com.google.android.GoogleCamera
09-15 21:50:59.767 12309 12309 W VfeExecutor: type=1400 audit(0.0:69203): avc:  denied  { getattr } for  name="/" dev="dmabuf" ino=1 scontext=u:r:google_camera_app:s0:c183,c256,c512,c768 tcontext=u:object_r:unlabeled:s0 tclass=filesystem permissive=0 app=com.google.android.GoogleCamera
09-15 21:50:59.771 12309 26575 W CameraPipeCaptureResult: Please use unwrapAndroidObject to prevent the extra object wrapper.
09-15 21:50:59.779 12309 12309 W VfeExecutor: type=1400 audit(0.0:69205): avc:  denied  { getattr } for  name="/" dev="dmabuf" ino=1 scontext=u:r:google_camera_app:s0:c183,c256,c512,c768 tcontext=u:object_r:unlabeled:s0 tclass=filesystem permissive=0 app=com.google.android.GoogleCamera
09-15 21:50:59.779 12309 12309 W VfeExecutor: type=1400 audit(0.0:69206): avc:  denied  { getattr } for  name="/" dev="dmabuf" ino=1 scontext=u:r:google_camera_app:s0:c183,c256,c512,c768 tcontext=u:object_r:unlabeled:s0 tclass=filesystem permissive=0 app=com.google.android.GoogleCamera
09-15 21:50:59.782 12309 12400 W CAM_fip : Missing active anchor buffer, skipping.
09-15 21:50:59.782 12309 12400 W CAM_ldg : 3A_DEBUG shotId=12 prefer last frame=352 (timestamp=42656885317595) debug data but not available, start to request last frame debug data.
09-15 21:50:59.789 12309 12340 W CAM_mfq : Thumbnail holder removed: key=ShotId-16 evicted=false
09-15 21:50:59.806 12309 26575 W CAM_kma : RESULT_EXTENDED_FACE key is null
09-15 21:50:59.808 12309 26575 W CameraPipeCaptureResult: Please use unwrapAndroidObject to prevent the extra object wrapper.
09-15 21:50:59.829 12309 26575 W CAM_kma : RESULT_EXTENDED_FACE key is null
09-15 21:50:59.834 12309 26575 W CameraPipeCaptureResult: Please use unwrapAndroidObject to prevent the extra object wrapper.
09-15 21:50:59.834 12309 26699 W CAM_pob : Pet and BoH faces are not supported. [CONTEXT ratelimit_period="1 SECONDS" skipped=46 ]
09-15 21:50:59.860 12309 26575 W CAM_kma : RESULT_EXTENDED_FACE key is null
09-15 21:50:59.868 12309 26575 W CameraPipeCaptureResult: Please use unwrapAndroidObject to prevent the extra object wrapper.
09-15 21:50:59.898 12309 26575 W CAM_kma : RESULT_EXTENDED_FACE key is null
09-15 21:50:59.900 12309 26575 W CAM_kma : RESULT_EXTENDED_FACE key is null
09-15 21:50:59.904 12309 26575 W CameraPipeCaptureResult: Please use unwrapAndroidObject to prevent the extra object wrapper.
09-15 21:50:59.904 12309 28255 W CAM_kyu : Got empty bytes for face deblur node log from vendor tag. face_cnt=2
09-15 21:50:59.914 12309 28255 W CameraPipeCaptureResult: Please use unwrapAndroidObject to prevent the extra object wrapper.
09-15 21:50:59.927 12309 26575 W CAM_kma : RESULT_EXTENDED_FACE key is null
09-15 21:50:59.960 12309 28255 W CAM_kyu : Got empty bytes for face deblur node log from vendor tag. face_cnt=2
09-15 21:50:59.962 12309 28255 W CameraPipeCaptureResult: Please use unwrapAndroidObject to prevent the extra object wrapper.
09-15 21:50:59.965 12309 28255 W CAM_ihw : Unable to parse unsigned integer (wb_cur_buf), reason: /dev/sys/block/bootdevice/attributes/wb_cur_buf.
09-15 21:50:59.965 12309 28255 W CAM_ihw : Unable to parse unsigned integer (wb_avail_buf), reason: /dev/sys/block/bootdevice/attributes/wb_avail_buf.
09-15 21:50:59.965 12309 28255 W CAM_ihw : Unable to parse unsigned integer (wb_life_time_est), reason: /dev/sys/block/bootdevice/attributes/wb_life_time_est.
09-15 21:50:59.976 12309 26960 I acceleration: ModifyGraphWithDelegate model namespace: unknown_namespace model id: unknown_model_id accelerator name: EDGETPU
09-15 21:50:59.984 12309 26575 W CAM_kma : RESULT_EXTENDED_FACE key is null
09-15 21:50:59.986 12309 26960 I acceleration: ModifyGraphWithDelegate model namespace: unknown_namespace model id: unknown_model_id accelerator name: EDGETPU
09-15 21:50:59.991 12309 26575 W CAM_fna : Skipped 3 frame injections (dt = 98ms).
09-15 21:50:59.991 12309 26575 W CameraPipeCaptureResult: Please use unwrapAndroidObject to prevent the extra object wrapper.
09-15 21:51:00.030 12309 28177 I native  : I0000 00:00:1757944260.029894   28177 viwls_optimization.cc:1432] [M] MAP SOLVE: Iterations: 7, Cost: 1.274966e+05 -> 1.859143e+01, Reason: USER_SUCCESS
09-15 21:51:00.034 12309 26575 W CAM_kma : RESULT_EXTENDED_FACE key is null
09-15 21:51:00.035 12309 26575 W CameraPipeCaptureResult: Please use unwrapAndroidObject to prevent the extra object wrapper.
09-15 21:51:00.072 12309 28177 I native  : I0000 00:00:1757944260.072198   28177 localizer_base_factory.cc:23] LocalizerBaseFactory: creates the traditional Localizer.
09-15 21:51:00.072 12309 26575 W CAM_kma : RESULT_EXTENDED_FACE key is null
09-15 21:51:00.078 12309 26575 W CameraPipeCaptureResult: Please use unwrapAndroidObject to prevent the extra object wrapper.
09-15 21:51:00.091 12309 28177 I native  : I0000 00:00:1757944260.091018   28177 multi_map_manager.cc:342] [M] MultiMapManager added ADF 7ae0adbe-0515-2015-8eb7-e81bfa3c4643 with 16 keyframes and 319 landmarks to adf_graph.
09-15 21:51:00.100 12309 26575 W CAM_kma : RESULT_EXTENDED_FACE key is null
09-15 21:51:00.107 12309 26575 W CameraPipeCaptureResult: Please use unwrapAndroidObject to prevent the extra object wrapper.
09-15 21:51:00.142 12309 26575 W CAM_kma : RESULT_EXTENDED_FACE key is null
09-15 21:51:00.143 12309 26575 W CameraPipeCaptureResult: Please use unwrapAndroidObject to prevent the extra object wrapper.
09-15 21:51:00.186 12309 26575 W CAM_kma : RESULT_EXTENDED_FACE key is null
09-15 21:51:00.189 12309 26575 W CameraPipeCaptureResult: Please use unwrapAndroidObject to prevent the extra object wrapper.
09-15 21:51:00.198 12309 28178 I native  : I0000 00:00:1757944260.198258   28178 localization_manager_impl.cc:1085] [MLOC] NCam_Verified results of kLocalizationFullMap -  id_of_current_map: 7ae0adbe-0515-2015-8eb7-e81bfa3c4643 timestamp_ns: 42657610209529 camera_index: 0 num_inlier_points: 315 inlier_ratio: 0.957447 previous_geometric_verification_status: kFailed curr_adf_T_vio: q = [x: -4.42462e-08, y: -6.2858e-09, z: 0.0908325, w: 0.995866], p = [x: -0.0633485, y: -0.0129408, z: 0.0206116]
09-15 21:51:00.201 12309 26575 W CAM_kma : RESULT_EXTENDED_FACE key is null
09-15 21:51:00.204 12309 26575 W CameraPipeCaptureResult: Please use unwrapAndroidObject to prevent the extra object wrapper.
09-15 21:51:00.240 12309 26575 W CAM_kma : RESULT_EXTENDED_FACE key is null
09-15 21:51:00.242 12309 26575 W CameraPipeCaptureResult: Please use unwrapAndroidObject to prevent the extra object wrapper.
09-15 21:51:00.246 12309 28178 I native  : I0000 00:00:1757944260.246242   28178 localization_manager_impl.cc:1085] [MLOC] NCam_Verified results of kLocalizationFullMap -  id_of_current_map: 7ae0adbe-0515-2015-8eb7-e81bfa3c4643 timestamp_ns: 42657702341435 camera_index: 0 num_inlier_points: 316 inlier_ratio: 0.966361 previous_geometric_verification_status: kFailedMapTrackingAndSuccessfulFullQuery curr_adf_T_vio: q = [x: -8.5237e-08, y: -7.42582e-09, z: 0.0650762, w: 0.99788], p = [x: -0.0475851, y: -0.017465, z: 0.020801]
09-15 21:51:00.250 12309 28175 I native  : I0000 00:00:1757944260.250425   28175 sbr_constraint_update_utils.cc:369] (Re-)setting adf_T_vio: q = [x: 0, y: 0, z: -0.0487725, w: 0.99881], p = [x: -0.0365174, y: -0.019603, z: 0.0136832]
09-15 21:51:00.279 12309 26575 W CAM_kma : RESULT_EXTENDED_FACE key is null
09-15 21:51:00.284 12309 26575 W CameraPipeCaptureResult: Please use unwrapAndroidObject to prevent the extra object wrapper.
09-15 21:51:00.286 12309 26960 W native  : W0000 00:00:1757944260.286614   26960 portrait_matting_estimator.cc:152] Inference doesn't run on GPU, so GPU boost will not be applied.
09-15 21:51:00.322 12309 26575 W CAM_kma : RESULT_EXTENDED_FACE key is null
09-15 21:51:00.329 12309 26575 W CameraPipeCaptureResult: Please use unwrapAndroidObject to prevent the extra object wrapper.
09-15 21:51:00.338 12309 26960 W native  : W0000 00:00:1757944260.338493   26960 portrait_matting_estimator.cc:152] Inference doesn't run on GPU, so GPU boost will not be applied.
09-15 21:51:00.349 12309 28165 I native  : I0000 00:00:1757944260.349024   28165 pose_manager.cc:373] World pose node changing to MapId:7ae0adbe-0515-2015-8eb7-e81bfa3c4643 with 1 opt.
09-15 21:51:00.350 12309 28178 I native  : I0000 00:00:1757944260.350802   28178 localization_manager_impl.cc:785] [MLOC] RunQueryOrTracking on kMapTracking mode.  prev_geometric_verification_status_: kFailedMapTrackingAndSuccessfulFullQuery current_adf: 7ae0adbe-0515-2015-8eb7-e81bfa3c4643 image_timestamp_ns: 42657827340336 camera_index: 0 pose_based_map_tracking: true num_structure_matches: 20
09-15 21:51:00.351 12309 28178 I native  : I0000 00:00:1757944260.351740   28178 localization_manager_impl.cc:1085] [MLOC] NCam_Verified results of kMapTracking -  id_of_current_map: 7ae0adbe-0515-2015-8eb7-e81bfa3c4643 timestamp_ns: 42657827340336 camera_index: 0 num_inlier_points: 309 inlier_ratio: 0.916914 previous_geometric_verification_status: kFailedMapTrackingAndSuccessfulFullQuery last_known_adf_T_vio: q = [x: -0, y: -0, z: 0.0482451, w: 0.998836], p = [x: -0.0361697, y: -0.0194784, z: 0.0137405]
09-15 21:51:00.357 12309 26575 W CAM_kma : RESULT_EXTENDED_FACE key is null
09-15 21:51:00.368 12309 26575 W CameraPipeCaptureResult: Please use unwrapAndroidObject to prevent the extra object wrapper.
09-15 21:51:00.402 12309 26575 W CAM_kma : RESULT_EXTENDED_FACE key is null
09-15 21:51:00.408 12309 26575 W CameraPipeCaptureResult: Please use unwrapAndroidObject to prevent the extra object wrapper.
09-15 21:51:00.451 12309 26575 W CAM_kma : RESULT_EXTENDED_FACE key is null
09-15 21:51:00.459 12309 26575 W CameraPipeCaptureResult: Please use unwrapAndroidObject to prevent the extra object wrapper.
09-15 21:51:00.464 12309 12309 W View    : requestLayout() improperly called by com.google.android.apps.camera.bottombar.SideButtonContainer{f5edb44 V.E...... ......ID 352,181-352,308 #7f0b02af app:id/left_placeholder_container} during layout: running second layout pass
09-15 21:51:00.465 12309 12309 W View    : requestLayout() improperly called by android.widget.FrameLayout{ab2ed62 V.E...... ......ID 352,120-601,369 #7f0b010a app:id/center_placeholder} during layout: running second layout pass
09-15 21:51:00.465 12309 12309 W View    : requestLayout() improperly called by android.widget.Space{e4f1ef3 I.ED..... ......I. 561,244-642,244 #7f0b010c app:id/center_right_space} during layout: running second layout pass
09-15 21:51:00.465 12309 12309 W View    : requestLayout() improperly called by com.google.android.apps.camera.bottombar.SideButtonContainer{61067b0 V.E...... ......ID 601,181-728,308 #7f0b042d app:id/right_placeholder_container} during layout: running second layout pass
09-15 21:51:00.483 12309 26575 W CAM_kma : RESULT_EXTENDED_FACE key is null
09-15 21:51:00.489 12309 26575 W CameraPipeCaptureResult: Please use unwrapAndroidObject to prevent the extra object wrapper.
09-15 21:51:00.532 12309 26575 W CAM_kma : RESULT_EXTENDED_FACE key is null
09-15 21:51:00.533 12309 26575 W CameraPipeCaptureResult: Please use unwrapAndroidObject to prevent the extra object wrapper.
09-15 21:51:00.569 12309 26575 W CAM_kma : RESULT_EXTENDED_FACE key is null
09-15 21:51:00.572 12309 26575 W CameraPipeCaptureResult: Please use unwrapAndroidObject to prevent the extra object wrapper.
09-15 21:51:00.626 12309 26575 W CAM_kma : RESULT_EXTENDED_FACE key is null
09-15 21:51:00.628 12309 26575 W CameraPipeCaptureResult: Please use unwrapAndroidObject to prevent the extra object wrapper.
09-15 21:51:00.659 12309 26575 W CAM_kma : RESULT_EXTENDED_FACE key is null
09-15 21:51:00.665 12309 26575 W CameraPipeCaptureResult: Please use unwrapAndroidObject to prevent the extra object wrapper.
09-15 21:51:00.701 12309 26575 W CAM_kma : RESULT_EXTENDED_FACE key is null
09-15 21:51:00.702 12309 26575 W CameraPipeCaptureResult: Please use unwrapAndroidObject to prevent the extra object wrapper.
09-15 21:51:00.735 12309 26575 W CAM_kma : RESULT_EXTENDED_FACE key is null
09-15 21:51:00.741 12309 26575 W CameraPipeCaptureResult: Please use unwrapAndroidObject to prevent the extra object wrapper.
09-15 21:51:00.782 12309 26575 W CAM_kma : RESULT_EXTENDED_FACE key is null
09-15 21:51:00.787 12309 26575 W CameraPipeCaptureResult: Please use unwrapAndroidObject to prevent the extra object wrapper.
09-15 21:51:00.787 12309 12309 W VfeExecutor: type=1400 audit(0.0:69259): avc:  denied  { getattr } for  name="/" dev="dmabuf" ino=1 scontext=u:r:google_camera_app:s0:c183,c256,c512,c768 tcontext=u:object_r:unlabeled:s0 tclass=filesystem permissive=0 app=com.google.android.GoogleCamera
