09-15 14:23:15.184 12309 26575 W CAM_kma : RESULT_EXTENDED_FACE key is null
09-15 14:23:15.185 12309 26575 W CameraPipeCaptureResult: Please use unwrapAndroidObject to prevent the extra object wrapper.
09-15 14:23:15.217 12309 26575 W CAM_kma : RESULT_EXTENDED_FACE key is null
09-15 14:23:15.222 12309 26575 W CameraPipeCaptureResult: Please use unwrapAndroidObject to prevent the extra object wrapper.
09-15 14:23:15.221 12309 12309 W VfeExecutor: type=1400 audit(0.0:22254): avc:  denied  { getattr } for  name="/" dev="dmabuf" ino=1 scontext=u:r:google_camera_app:s0:c183,c256,c512,c768 tcontext=u:object_r:unlabeled:s0 tclass=filesystem permissive=0 app=com.google.android.GoogleCamera
09-15 14:23:15.248 12309 26575 W CAM_kma : RESULT_EXTENDED_FACE key is null
09-15 14:23:15.253 12309 26575 W CameraPipeCaptureResult: Please use unwrapAndroidObject to prevent the extra object wrapper.
09-15 14:23:15.249 12309 12309 W VfeExecutor: type=1400 audit(0.0:22255): avc:  denied  { getattr } for  name="/" dev="dmabuf" ino=1 scontext=u:r:google_camera_app:s0:c183,c256,c512,c768 tcontext=u:object_r:unlabeled:s0 tclass=filesystem permissive=0 app=com.google.android.GoogleCamera
09-15 14:23:15.249 12309 12309 W VfeExecutor: type=1400 audit(0.0:22256): avc:  denied  { getattr } for  name="/" dev="dmabuf" ino=1 scontext=u:r:google_camera_app:s0:c183,c256,c512,c768 tcontext=u:object_r:unlabeled:s0 tclass=filesystem permissive=0 app=com.google.android.GoogleCamera
09-15 14:23:15.280 12309 26575 W CAM_kma : RESULT_EXTENDED_FACE key is null
09-15 14:23:15.281 12309 12309 W VfeExecutor: type=1400 audit(0.0:22257): avc:  denied  { getattr } for  name="/" dev="dmabuf" ino=1 scontext=u:r:google_camera_app:s0:c183,c256,c512,c768 tcontext=u:object_r:unlabeled:s0 tclass=filesystem permissive=0 app=com.google.android.GoogleCamera
09-15 14:23:15.284 12309 26575 W CameraPipeCaptureResult: Please use unwrapAndroidObject to prevent the extra object wrapper.
09-15 14:23:15.281 12309 12309 W VfeExecutor: type=1400 audit(0.0:22258): avc:  denied  { getattr } for  name="/" dev="dmabuf" ino=1 scontext=u:r:google_camera_app:s0:c183,c256,c512,c768 tcontext=u:object_r:unlabeled:s0 tclass=filesystem permissive=0 app=com.google.android.GoogleCamera
09-15 14:23:15.311 12309 26575 W CAM_kma : RESULT_EXTENDED_FACE key is null
09-15 14:23:15.314 12309 10737 I native  : I0000 00:00:1757917395.314315   10737 vio_fault_detector.cc:366] [VioFaultDetector] Not enough ransac inliers=59 ransac_inlier_ratio=0.07375 for duration: 100.001588ms.
09-15 14:23:15.316 12309 26575 W CameraPipeCaptureResult: Please use unwrapAndroidObject to prevent the extra object wrapper.
09-15 14:23:15.345 12309 26575 W CAM_kma : RESULT_EXTENDED_FACE key is null
09-15 14:23:15.350 12309 26575 W CameraPipeCaptureResult: Please use unwrapAndroidObject to prevent the extra object wrapper.
09-15 14:23:15.378 12309 26575 W CAM_AutoFlashIndicator: No converged AE result for 31 frames,falling back to single-image auto-flash photo
09-15 14:23:15.379 12309 26575 W CAM_kma : RESULT_EXTENDED_FACE key is null
09-15 14:23:15.383 12309 26575 W CameraPipeCaptureResult: Please use unwrapAndroidObject to prevent the extra object wrapper.
09-15 14:23:15.413 12309 26575 W CAM_kma : RESULT_EXTENDED_FACE key is null
09-15 14:23:15.420 12309 26575 W CameraPipeCaptureResult: Please use unwrapAndroidObject to prevent the extra object wrapper.
09-15 14:23:15.445 12309 26575 W CAM_kma : RESULT_EXTENDED_FACE key is null
09-15 14:23:15.450 12309 26575 W CameraPipeCaptureResult: Please use unwrapAndroidObject to prevent the extra object wrapper.
09-15 14:23:15.483 12309 26575 W CAM_kma : RESULT_EXTENDED_FACE key is null
09-15 14:23:15.483 12309 26575 W CameraPipeCaptureResult: Please use unwrapAndroidObject to prevent the extra object wrapper.
09-15 14:23:15.484 12309 26699 W CAM_pob : Pet and BoH faces are not supported. [CONTEXT ratelimit_period="1 SECONDS" skipped=30 ]
09-15 14:23:15.512 12309 26575 W CAM_kma : RESULT_EXTENDED_FACE key is null
09-15 14:23:15.517 12309 26575 W CameraPipeCaptureResult: Please use unwrapAndroidObject to prevent the extra object wrapper.
09-15 14:23:15.549 12309 26575 W CAM_kma : RESULT_EXTENDED_FACE key is null
09-15 14:23:15.554 12309 26575 W CameraPipeCaptureResult: Please use unwrapAndroidObject to prevent the extra object wrapper.
09-15 14:23:15.582 12309 26575 W CAM_kma : RESULT_EXTENDED_FACE key is null
09-15 14:23:15.588 12309 26575 W CameraPipeCaptureResult: Please use unwrapAndroidObject to prevent the extra object wrapper.
09-15 14:23:15.612 12309 26575 W CAM_kma : RESULT_EXTENDED_FACE key is null
09-15 14:23:15.618 12309 26575 W CameraPipeCaptureResult: Please use unwrapAndroidObject to prevent the extra object wrapper.
09-15 14:23:15.647 12309 26575 W CAM_kma : RESULT_EXTENDED_FACE key is null
09-15 14:23:15.650 12309 26575 W CameraPipeCaptureResult: Please use unwrapAndroidObject to prevent the extra object wrapper.
09-15 14:23:15.679 12309 26575 W CAM_kma : RESULT_EXTENDED_FACE key is null
09-15 14:23:15.683 12309 26575 W CameraPipeCaptureResult: Please use unwrapAndroidObject to prevent the extra object wrapper.
09-15 14:23:15.715 12309 26575 W CAM_kma : RESULT_EXTENDED_FACE key is null
09-15 14:23:15.720 12309 26575 W CameraPipeCaptureResult: Please use unwrapAndroidObject to prevent the extra object wrapper.
09-15 14:23:15.746 12309 26575 W CAM_kma : RESULT_EXTENDED_FACE key is null
09-15 14:23:15.751 12309 26575 W CameraPipeCaptureResult: Please use unwrapAndroidObject to prevent the extra object wrapper.
09-15 14:23:15.774 12309 10725 E native  : E0000 00:00:1757917395.774655   10725 lens_offset.cc:141] timestamp 15793274373361 invalid. (1130608 ns away from the latest one). Note that this log prints at most once every 1 seconds
09-15 14:23:15.788 12309 26575 W CAM_kma : RESULT_EXTENDED_FACE key is null
09-15 14:23:15.788 12309 26575 W CameraPipeCaptureResult: Please use unwrapAndroidObject to prevent the extra object wrapper.
09-15 14:23:15.814 12309 26575 W CAM_kma : RESULT_EXTENDED_FACE key is null
09-15 14:23:15.821 12309 26575 W CameraPipeCaptureResult: Please use unwrapAndroidObject to prevent the extra object wrapper.
09-15 14:23:15.846 12309 26575 W CAM_kma : RESULT_EXTENDED_FACE key is null
09-15 14:23:15.852 12309 26575 W CameraPipeCaptureResult: Please use unwrapAndroidObject to prevent the extra object wrapper.
09-15 14:23:15.880 12309 26575 W CAM_kma : RESULT_EXTENDED_FACE key is null
09-15 14:23:15.882 12309 26575 W CameraPipeCaptureResult: Please use unwrapAndroidObject to prevent the extra object wrapper.
09-15 14:23:15.906 12309 10744 W native  : W0000 00:00:1757917395.906727   10744 pose_manager.cc:97] [PoseManager] GetRecentDevicePose failed. INVALID_ARGUMENT: Passed timestamp is too old.
09-15 14:23:15.906 12309 10744 W native  : === Source Location Trace: ===
09-15 14:23:15.906 12309 10744 W native  : third_party/redwood/perception/pose_manager/pose_manager.cc:516
09-15 14:23:15.906 12309 10744 W native  :  Latest VIO t: 4h23m13.366748881s, latest IMU t: 4h23m13.485818273s, query t:4h23m10.333527449s
09-15 14:23:15.915 12309 26575 W CAM_kma : RESULT_EXTENDED_FACE key is null
09-15 14:23:15.916 12309 26575 W CameraPipeCaptureResult: Please use unwrapAndroidObject to prevent the extra object wrapper.
09-15 14:23:15.944 12309 26575 W CAM_kma : RESULT_EXTENDED_FACE key is null
09-15 14:23:15.949 12309 26575 W CameraPipeCaptureResult: Please use unwrapAndroidObject to prevent the extra object wrapper.
09-15 14:23:15.979 12309 26575 W CAM_kma : RESULT_EXTENDED_FACE key is null
09-15 14:23:15.984 12309 26575 W CameraPipeCaptureResult: Please use unwrapAndroidObject to prevent the extra object wrapper.
09-15 14:23:16.015 12309 26575 W CAM_kma : RESULT_EXTENDED_FACE key is null
09-15 14:23:16.020 12309 26575 W CameraPipeCaptureResult: Please use unwrapAndroidObject to prevent the extra object wrapper.
09-15 14:23:16.045 12309 26575 W CAM_kma : RESULT_EXTENDED_FACE key is null
09-15 14:23:16.052 12309 26575 W CameraPipeCaptureResult: Please use unwrapAndroidObject to prevent the extra object wrapper.
09-15 14:23:16.083 12309 26575 W CAM_kma : RESULT_EXTENDED_FACE key is null
09-15 14:23:16.087 12309 26575 W CameraPipeCaptureResult: Please use unwrapAndroidObject to prevent the extra object wrapper.
09-15 14:23:16.110 12309 26575 W CAM_kma : RESULT_EXTENDED_FACE key is null
09-15 14:23:16.116 12309 26575 W CameraPipeCaptureResult: Please use unwrapAndroidObject to prevent the extra object wrapper.
09-15 14:23:16.145 12309 26575 W CAM_kma : RESULT_EXTENDED_FACE key is null
09-15 14:23:16.151 12309 26575 W CameraPipeCaptureResult: Please use unwrapAndroidObject to prevent the extra object wrapper.
09-15 14:23:16.180 12309 26575 W CAM_kma : RESULT_EXTENDED_FACE key is null
09-15 14:23:16.186 12309 26575 W CameraPipeCaptureResult: Please use unwrapAndroidObject to prevent the extra object wrapper.
09-15 14:23:16.212 12309 26575 W CAM_kma : RESULT_EXTENDED_FACE key is null
09-15 14:23:16.216 12309 26575 W CameraPipeCaptureResult: Please use unwrapAndroidObject to prevent the extra object wrapper.
09-15 14:23:16.250 12309 26575 W CAM_kma : RESULT_EXTENDED_FACE key is null
09-15 14:23:16.249 12309 12309 W VfeExecutor: type=1400 audit(0.0:22315): avc:  denied  { getattr } for  name="/" dev="dmabuf" ino=1 scontext=u:r:google_camera_app:s0:c183,c256,c512,c768 tcontext=u:object_r:unlabeled:s0 tclass=filesystem permissive=0 app=com.google.android.GoogleCamera
09-15 14:23:16.258 12309 26575 W CameraPipeCaptureResult: Please use unwrapAndroidObject to prevent the extra object wrapper.
09-15 14:23:16.253 12309 12309 W VfeExecutor: type=1400 audit(0.0:22316): avc:  denied  { getattr } for  name="/" dev="dmabuf" ino=1 scontext=u:r:google_camera_app:s0:c183,c256,c512,c768 tcontext=u:object_r:unlabeled:s0 tclass=filesystem permissive=0 app=com.google.android.GoogleCamera
09-15 14:23:16.281 12309 26575 W CAM_kma : RESULT_EXTENDED_FACE key is null
09-15 14:23:16.286 12309 26575 W CameraPipeCaptureResult: Please use unwrapAndroidObject to prevent the extra object wrapper.
09-15 14:23:16.281 12309 12309 W VfeExecutor: type=1400 audit(0.0:22317): avc:  denied  { getattr } for  name="/" dev="dmabuf" ino=1 scontext=u:r:google_camera_app:s0:c183,c256,c512,c768 tcontext=u:object_r:unlabeled:s0 tclass=filesystem permissive=0 app=com.google.android.GoogleCamera
09-15 14:23:16.281 12309 12309 W VfeExecutor: type=1400 audit(0.0:22318): avc:  denied  { getattr } for  name="/" dev="dmabuf" ino=1 scontext=u:r:google_camera_app:s0:c183,c256,c512,c768 tcontext=u:object_r:unlabeled:s0 tclass=filesystem permissive=0 app=com.google.android.GoogleCamera
09-15 14:23:16.314 12309 26575 W CAM_kma : RESULT_EXTENDED_FACE key is null
09-15 14:23:16.317 12309 26575 W CameraPipeCaptureResult: Please use unwrapAndroidObject to prevent the extra object wrapper.
09-15 14:23:16.313 12309 12309 W VfeExecutor: type=1400 audit(0.0:22319): avc:  denied  { getattr } for  name="/" dev="dmabuf" ino=1 scontext=u:r:google_camera_app:s0:c183,c256,c512,c768 tcontext=u:object_r:unlabeled:s0 tclass=filesystem permissive=0 app=com.google.android.GoogleCamera
09-15 14:23:16.346 12309 26575 W CAM_kma : RESULT_EXTENDED_FACE key is null
09-15 14:23:16.351 12309 26575 W CameraPipeCaptureResult: Please use unwrapAndroidObject to prevent the extra object wrapper.
09-15 14:23:16.379 12309 26575 W CAM_kma : RESULT_EXTENDED_FACE key is null
09-15 14:23:16.384 12309 26575 W CameraPipeCaptureResult: Please use unwrapAndroidObject to prevent the extra object wrapper.
09-15 14:23:16.411 12309 26575 W CAM_kma : RESULT_EXTENDED_FACE key is null
09-15 14:23:16.416 12309 26575 W CameraPipeCaptureResult: Please use unwrapAndroidObject to prevent the extra object wrapper.
09-15 14:23:16.447 12309 26575 W CAM_kma : RESULT_EXTENDED_FACE key is null
09-15 14:23:16.452 12309 26575 W CameraPipeCaptureResult: Please use unwrapAndroidObject to prevent the extra object wrapper.
09-15 14:23:16.485 12309 26575 W CAM_kma : RESULT_EXTENDED_FACE key is null
09-15 14:23:16.486 12309 26575 W CameraPipeCaptureResult: Please use unwrapAndroidObject to prevent the extra object wrapper.
09-15 14:23:16.487 12309 26699 W CAM_pob : Pet and BoH faces are not supported. [CONTEXT ratelimit_period="1 SECONDS" skipped=29 ]
09-15 14:23:16.519 12309 26575 W CAM_kma : RESULT_EXTENDED_FACE key is null
09-15 14:23:16.524 12309 26575 W CameraPipeCaptureResult: Please use unwrapAndroidObject to prevent the extra object wrapper.
09-15 14:23:16.550 12309 26575 W CAM_kma : RESULT_EXTENDED_FACE key is null
09-15 14:23:16.561 12309 26575 W CameraPipeCaptureResult: Please use unwrapAndroidObject to prevent the extra object wrapper.
09-15 14:23:16.594 12309 26575 W CAM_kma : RESULT_EXTENDED_FACE key is null
09-15 14:23:16.596 12309 26575 W CameraPipeCaptureResult: Please use unwrapAndroidObject to prevent the extra object wrapper.
09-15 14:23:16.612 12309 26575 W CAM_kma : RESULT_EXTENDED_FACE key is null
09-15 14:23:16.618 12309 26575 W CameraPipeCaptureResult: Please use unwrapAndroidObject to prevent the extra object wrapper.
09-15 14:23:16.646 12309 26575 W CAM_kma : RESULT_EXTENDED_FACE key is null
09-15 14:23:16.654 12309 26575 W CameraPipeCaptureResult: Please use unwrapAndroidObject to prevent the extra object wrapper.
09-15 14:23:16.685 12309 26575 W CAM_kma : RESULT_EXTENDED_FACE key is null
09-15 14:23:16.685 12309 26575 W CameraPipeCaptureResult: Please use unwrapAndroidObject to prevent the extra object wrapper.
09-15 14:23:16.711 12309 26575 W CAM_kma : RESULT_EXTENDED_FACE key is null
09-15 14:23:16.715 12309 26575 W CameraPipeCaptureResult: Please use unwrapAndroidObject to prevent the extra object wrapper.
09-15 14:23:16.745 12309 26575 W CAM_kma : RESULT_EXTENDED_FACE key is null
09-15 14:23:16.749 12309 26575 W CameraPipeCaptureResult: Please use unwrapAndroidObject to prevent the extra object wrapper.
09-15 14:23:16.775 12309 10725 E native  : E0000 00:00:1757917396.775611   10725 lens_offset.cc:141] timestamp 15794274315830 invalid. (1217117 ns away from the latest one). Note that this log prints at most once every 1 seconds
09-15 14:23:16.784 12309 26575 W CAM_kma : RESULT_EXTENDED_FACE key is null
09-15 14:23:16.785 12309 26575 W CameraPipeCaptureResult: Please use unwrapAndroidObject to prevent the extra object wrapper.
09-15 14:23:16.814 12309 26575 W CAM_kma : RESULT_EXTENDED_FACE key is null
09-15 14:23:16.818 12309 26575 W CameraPipeCaptureResult: Please use unwrapAndroidObject to prevent the extra object wrapper.
09-15 14:23:16.846 12309 26575 W CAM_kma : RESULT_EXTENDED_FACE key is null
09-15 14:23:16.852 12309 26575 W CameraPipeCaptureResult: Please use unwrapAndroidObject to prevent the extra object wrapper.
09-15 14:23:16.880 12309 26575 W CAM_kma : RESULT_EXTENDED_FACE key is null
09-15 14:23:16.884 12309 26575 W CameraPipeCaptureResult: Please use unwrapAndroidObject to prevent the extra object wrapper.
09-15 14:23:16.915 12309 26575 W CAM_kma : RESULT_EXTENDED_FACE key is null
09-15 14:23:16.917 12309 26575 W CameraPipeCaptureResult: Please use unwrapAndroidObject to prevent the extra object wrapper.
09-15 14:23:16.945 12309 26575 W CAM_kma : RESULT_EXTENDED_FACE key is null
09-15 14:23:16.949 12309 26575 W CameraPipeCaptureResult: Please use unwrapAndroidObject to prevent the extra object wrapper.
09-15 14:23:16.984 12309 26575 W CAM_kma : RESULT_EXTENDED_FACE key is null
09-15 14:23:16.987 12309 26575 W CameraPipeCaptureResult: Please use unwrapAndroidObject to prevent the extra object wrapper.
09-15 14:23:17.014 12309 26575 W CAM_kma : RESULT_EXTENDED_FACE key is null
09-15 14:23:17.019 12309 26575 W CameraPipeCaptureResult: Please use unwrapAndroidObject to prevent the extra object wrapper.
09-15 14:23:17.045 12309 26575 W CAM_kma : RESULT_EXTENDED_FACE key is null
09-15 14:23:17.050 12309 26575 W CameraPipeCaptureResult: Please use unwrapAndroidObject to prevent the extra object wrapper.
09-15 14:23:17.080 12309 26575 W CAM_kma : RESULT_EXTENDED_FACE key is null
09-15 14:23:17.083 12309 26575 W CameraPipeCaptureResult: Please use unwrapAndroidObject to prevent the extra object wrapper.
09-15 14:23:17.112 12309 26575 W CAM_kma : RESULT_EXTENDED_FACE key is null
09-15 14:23:17.117 12309 26575 W CameraPipeCaptureResult: Please use unwrapAndroidObject to prevent the extra object wrapper.
09-15 14:23:17.146 12309 26575 W CAM_kma : RESULT_EXTENDED_FACE key is null
09-15 14:23:17.150 12309 26575 W CameraPipeCaptureResult: Please use unwrapAndroidObject to prevent the extra object wrapper.
09-15 14:23:17.184 12309 26575 W CAM_kma : RESULT_EXTENDED_FACE key is null
09-15 14:23:17.185 12309 26575 W CameraPipeCaptureResult: Please use unwrapAndroidObject to prevent the extra object wrapper.
09-15 14:23:17.214 12309 26575 W CAM_kma : RESULT_EXTENDED_FACE key is null
09-15 14:23:17.219 12309 26575 W CameraPipeCaptureResult: Please use unwrapAndroidObject to prevent the extra object wrapper.
09-15 14:23:17.248 12309 26575 W CAM_kma : RESULT_EXTENDED_FACE key is null
09-15 14:23:17.251 12309 26575 W CameraPipeCaptureResult: Please use unwrapAndroidObject to prevent the extra object wrapper.
09-15 14:23:17.278 12309 26575 W CAM_kma : RESULT_EXTENDED_FACE key is null
09-15 14:23:17.285 12309 26575 W CameraPipeCaptureResult: Please use unwrapAndroidObject to prevent the extra object wrapper.
09-15 14:23:17.285 12309 10737 I native  : I0000 00:00:1757917397.285282   10737 vio_fault_detector.cc:366] [VioFaultDetector] Not enough ransac inliers=20 ransac_inlier_ratio=0.025 for duration: 99.835108ms.
09-15 14:23:17.285 12309 12309 W VfeExecutor: type=1400 audit(0.0:22377): avc:  denied  { getattr } for  name="/" dev="dmabuf" ino=1 scontext=u:r:google_camera_app:s0:c183,c256,c512,c768 tcontext=u:object_r:unlabeled:s0 tclass=filesystem permissive=0 app=com.google.android.GoogleCamera
09-15 14:23:17.285 12309 12309 W VfeExecutor: type=1400 audit(0.0:22378): avc:  denied  { getattr } for  name="/" dev="dmabuf" ino=1 scontext=u:r:google_camera_app:s0:c183,c256,c512,c768 tcontext=u:object_r:unlabeled:s0 tclass=filesystem permissive=0 app=com.google.android.GoogleCamera
09-15 14:23:17.313 12309 26575 W CAM_kma : RESULT_EXTENDED_FACE key is null
09-15 14:23:17.317 12309 26575 W CameraPipeCaptureResult: Please use unwrapAndroidObject to prevent the extra object wrapper.
09-15 14:23:17.317 12309 12309 W VfeExecutor: type=1400 audit(0.0:22379): avc:  denied  { getattr } for  name="/" dev="dmabuf" ino=1 scontext=u:r:google_camera_app:s0:c183,c256,c512,c768 tcontext=u:object_r:unlabeled:s0 tclass=filesystem permissive=0 app=com.google.android.GoogleCamera
09-15 14:23:17.317 12309 12309 W VfeExecutor: type=1400 audit(0.0:22380): avc:  denied  { getattr } for  name="/" dev="dmabuf" ino=1 scontext=u:r:google_camera_app:s0:c183,c256,c512,c768 tcontext=u:object_r:unlabeled:s0 tclass=filesystem permissive=0 app=com.google.android.GoogleCamera
09-15 14:23:17.350 12309 26575 W CAM_kma : RESULT_EXTENDED_FACE key is null
09-15 14:23:17.345 12309 12309 W VfeExecutor: type=1400 audit(0.0:22381): avc:  denied  { getattr } for  name="/" dev="dmabuf" ino=1 scontext=u:r:google_camera_app:s0:c183,c256,c512,c768 tcontext=u:object_r:unlabeled:s0 tclass=filesystem permissive=0 app=com.google.android.GoogleCamera
09-15 14:23:17.354 12309 26575 W CameraPipeCaptureResult: Please use unwrapAndroidObject to prevent the extra object wrapper.
09-15 14:23:17.384 12309 26575 W CAM_kma : RESULT_EXTENDED_FACE key is null
09-15 14:23:17.385 12309 26575 W CameraPipeCaptureResult: Please use unwrapAndroidObject to prevent the extra object wrapper.
09-15 14:23:17.415 12309 26575 W CAM_kma : RESULT_EXTENDED_FACE key is null
09-15 14:23:17.419 12309 26575 W CameraPipeCaptureResult: Please use unwrapAndroidObject to prevent the extra object wrapper.
09-15 14:23:17.445 12309 26575 W CAM_kma : RESULT_EXTENDED_FACE key is null
09-15 14:23:17.450 12309 26575 W CameraPipeCaptureResult: Please use unwrapAndroidObject to prevent the extra object wrapper.
09-15 14:23:17.479 12309 26575 W CAM_kma : RESULT_EXTENDED_FACE key is null
09-15 14:23:17.488 12309 26575 W CameraPipeCaptureResult: Please use unwrapAndroidObject to prevent the extra object wrapper.
09-15 14:23:17.513 12309 26575 W CAM_kma : RESULT_EXTENDED_FACE key is null
09-15 14:23:17.514 12309 26699 W CAM_pob : Pet and BoH faces are not supported. [CONTEXT ratelimit_period="1 SECONDS" skipped=30 ]
09-15 14:23:17.519 12309 26575 W CameraPipeCaptureResult: Please use unwrapAndroidObject to prevent the extra object wrapper.
09-15 14:23:17.546 12309 26575 W CAM_kma : RESULT_EXTENDED_FACE key is null
09-15 14:23:17.551 12309 26575 W CameraPipeCaptureResult: Please use unwrapAndroidObject to prevent the extra object wrapper.
09-15 14:23:17.579 12309 26575 W CAM_kma : RESULT_EXTENDED_FACE key is null
09-15 14:23:17.584 12309 26575 W CameraPipeCaptureResult: Please use unwrapAndroidObject to prevent the extra object wrapper.
09-15 14:23:17.614 12309 26575 W CAM_kma : RESULT_EXTENDED_FACE key is null
09-15 14:23:17.620 12309 26575 W CameraPipeCaptureResult: Please use unwrapAndroidObject to prevent the extra object wrapper.
09-15 14:23:17.650 12309 26575 W CAM_kma : RESULT_EXTENDED_FACE key is null
09-15 14:23:17.651 12309 26575 W CameraPipeCaptureResult: Please use unwrapAndroidObject to prevent the extra object wrapper.
09-15 14:23:17.681 12309 26575 W CAM_kma : RESULT_EXTENDED_FACE key is null
09-15 14:23:17.684 12309 26575 W CameraPipeCaptureResult: Please use unwrapAndroidObject to prevent the extra object wrapper.
09-15 14:23:17.710 12309 26575 W CAM_kma : RESULT_EXTENDED_FACE key is null
09-15 14:23:17.716 12309 26575 W CameraPipeCaptureResult: Please use unwrapAndroidObject to prevent the extra object wrapper.
09-15 14:23:17.745 12309 26575 W CAM_kma : RESULT_EXTENDED_FACE key is null
09-15 14:23:17.749 12309 26575 W CameraPipeCaptureResult: Please use unwrapAndroidObject to prevent the extra object wrapper.
09-15 14:23:17.781 12309 26575 W CAM_kma : RESULT_EXTENDED_FACE key is null
09-15 14:23:17.786 12309 26575 W CameraPipeCaptureResult: Please use unwrapAndroidObject to prevent the extra object wrapper.
09-15 14:23:17.811 12309 26575 W CAM_kma : RESULT_EXTENDED_FACE key is null
09-15 14:23:17.817 12309 26575 W CameraPipeCaptureResult: Please use unwrapAndroidObject to prevent the extra object wrapper.
09-15 14:23:17.847 12309 26575 W CAM_kma : RESULT_EXTENDED_FACE key is null
09-15 14:23:17.851 12309 26575 W CameraPipeCaptureResult: Please use unwrapAndroidObject to prevent the extra object wrapper.
09-15 14:23:17.887 12309 26575 W CAM_kma : RESULT_EXTENDED_FACE key is null
09-15 14:23:17.887 12309 26575 W CameraPipeCaptureResult: Please use unwrapAndroidObject to prevent the extra object wrapper.
09-15 14:23:17.911 12309 26575 W CAM_kma : RESULT_EXTENDED_FACE key is null
09-15 14:23:17.916 12309 26575 W CameraPipeCaptureResult: Please use unwrapAndroidObject to prevent the extra object wrapper.
09-15 14:23:17.947 12309 26575 W CAM_kma : RESULT_EXTENDED_FACE key is null
09-15 14:23:17.951 12309 26575 W CameraPipeCaptureResult: Please use unwrapAndroidObject to prevent the extra object wrapper.
09-15 14:23:17.979 12309 26575 W CAM_kma : RESULT_EXTENDED_FACE key is null
09-15 14:23:17.989 12309 26575 W CameraPipeCaptureResult: Please use unwrapAndroidObject to prevent the extra object wrapper.
09-15 14:23:18.015 12309 26575 W CAM_kma : RESULT_EXTENDED_FACE key is null
09-15 14:23:18.019 12309 26575 W CameraPipeCaptureResult: Please use unwrapAndroidObject to prevent the extra object wrapper.
09-15 14:23:18.044 12309 26575 W CAM_kma : RESULT_EXTENDED_FACE key is null
09-15 14:23:18.050 12309 26575 W CameraPipeCaptureResult: Please use unwrapAndroidObject to prevent the extra object wrapper.
09-15 14:23:18.082 12309 26575 W CAM_kma : RESULT_EXTENDED_FACE key is null
09-15 14:23:18.083 12309 26575 W CameraPipeCaptureResult: Please use unwrapAndroidObject to prevent the extra object wrapper.
09-15 14:23:18.115 12309 26575 W CAM_kma : RESULT_EXTENDED_FACE key is null
09-15 14:23:18.120 12309 26575 W CameraPipeCaptureResult: Please use unwrapAndroidObject to prevent the extra object wrapper.
09-15 14:23:18.145 12309 26575 W CAM_kma : RESULT_EXTENDED_FACE key is null
09-15 14:23:18.150 12309 26575 W CameraPipeCaptureResult: Please use unwrapAndroidObject to prevent the extra object wrapper.
09-15 14:23:18.178 12309 26575 W CAM_kma : RESULT_EXTENDED_FACE key is null
09-15 14:23:18.185 12309 26575 W CameraPipeCaptureResult: Please use unwrapAndroidObject to prevent the extra object wrapper.
09-15 14:23:18.212 12309 26575 W CAM_kma : RESULT_EXTENDED_FACE key is null
09-15 14:23:18.215 12309 26575 W CameraPipeCaptureResult: Please use unwrapAndroidObject to prevent the extra object wrapper.
09-15 14:23:18.248 12309 26575 W CAM_kma : RESULT_EXTENDED_FACE key is null
09-15 14:23:18.252 12309 26575 W CameraPipeCaptureResult: Please use unwrapAndroidObject to prevent the extra object wrapper.
09-15 14:23:18.280 12309 26575 W CAM_kma : RESULT_EXTENDED_FACE key is null
09-15 14:23:18.284 12309 26575 W CameraPipeCaptureResult: Please use unwrapAndroidObject to prevent the extra object wrapper.
09-15 14:23:18.313 12309 26575 W CAM_kma : RESULT_EXTENDED_FACE key is null
09-15 14:23:18.319 12309 26575 W CameraPipeCaptureResult: Please use unwrapAndroidObject to prevent the extra object wrapper.
09-15 14:23:18.317 12309 12309 W VfeExecutor: type=1400 audit(0.0:22439): avc:  denied  { getattr } for  name="/" dev="dmabuf" ino=1 scontext=u:r:google_camera_app:s0:c183,c256,c512,c768 tcontext=u:object_r:unlabeled:s0 tclass=filesystem permissive=0 app=com.google.android.GoogleCamera
09-15 14:23:18.317 12309 12309 W VfeExecutor: type=1400 audit(0.0:22440): avc:  denied  { getattr } for  name="/" dev="dmabuf" ino=1 scontext=u:r:google_camera_app:s0:c183,c256,c512,c768 tcontext=u:object_r:unlabeled:s0 tclass=filesystem permissive=0 app=com.google.android.GoogleCamera
09-15 14:23:18.345 12309 26575 W CAM_kma : RESULT_EXTENDED_FACE key is null
09-15 14:23:18.350 12309 26575 W CameraPipeCaptureResult: Please use unwrapAndroidObject to prevent the extra object wrapper.
09-15 14:23:18.345 12309 12309 W VfeExecutor: type=1400 audit(0.0:22441): avc:  denied  { getattr } for  name="/" dev="dmabuf" ino=1 scontext=u:r:google_camera_app:s0:c183,c256,c512,c768 tcontext=u:object_r:unlabeled:s0 tclass=filesystem permissive=0 app=com.google.android.GoogleCamera
09-15 14:23:18.345 12309 12309 W VfeExecutor: type=1400 audit(0.0:22442): avc:  denied  { getattr } for  name="/" dev="dmabuf" ino=1 scontext=u:r:google_camera_app:s0:c183,c256,c512,c768 tcontext=u:object_r:unlabeled:s0 tclass=filesystem permissive=0 app=com.google.android.GoogleCamera
09-15 14:23:18.380 12309 26575 W CAM_kma : RESULT_EXTENDED_FACE key is null
09-15 14:23:18.386 12309 26575 W CameraPipeCaptureResult: Please use unwrapAndroidObject to prevent the extra object wrapper.
09-15 14:23:18.385 12309 12309 W VfeExecutor: type=1400 audit(0.0:22443): avc:  denied  { getattr } for  name="/" dev="dmabuf" ino=1 scontext=u:r:google_camera_app:s0:c183,c256,c512,c768 tcontext=u:object_r:unlabeled:s0 tclass=filesystem permissive=0 app=com.google.android.GoogleCamera
09-15 14:23:18.413 12309 26575 W CAM_kma : RESULT_EXTENDED_FACE key is null
09-15 14:23:18.417 12309 26575 W CameraPipeCaptureResult: Please use unwrapAndroidObject to prevent the extra object wrapper.
09-15 14:23:18.449 12309 26575 W CAM_kma : RESULT_EXTENDED_FACE key is null
09-15 14:23:18.451 12309 26575 W CameraPipeCaptureResult: Please use unwrapAndroidObject to prevent the extra object wrapper.
09-15 14:23:18.483 12309 26575 W CAM_kma : RESULT_EXTENDED_FACE key is null
09-15 14:23:18.486 12309 26575 W CameraPipeCaptureResult: Please use unwrapAndroidObject to prevent the extra object wrapper.
09-15 14:23:18.511 12309 26575 W CAM_kma : RESULT_EXTENDED_FACE key is null
09-15 14:23:18.517 12309 26575 W CameraPipeCaptureResult: Please use unwrapAndroidObject to prevent the extra object wrapper.
09-15 14:23:18.547 12309 26575 W CAM_kma : RESULT_EXTENDED_FACE key is null
09-15 14:23:18.548 12309 26699 W CAM_pob : Pet and BoH faces are not supported. [CONTEXT ratelimit_period="1 SECONDS" skipped=30 ]
09-15 14:23:18.551 12309 26575 W CameraPipeCaptureResult: Please use unwrapAndroidObject to prevent the extra object wrapper.
09-15 14:23:18.579 12309 26575 W CAM_kma : RESULT_EXTENDED_FACE key is null
09-15 14:23:18.584 12309 26575 W CameraPipeCaptureResult: Please use unwrapAndroidObject to prevent the extra object wrapper.
09-15 14:23:18.612 12309 26575 W CAM_kma : RESULT_EXTENDED_FACE key is null
09-15 14:23:18.616 12309 26575 W CameraPipeCaptureResult: Please use unwrapAndroidObject to prevent the extra object wrapper.
09-15 14:23:18.650 12309 26575 W CAM_kma : RESULT_EXTENDED_FACE key is null
09-15 14:23:18.650 12309 26575 W CameraPipeCaptureResult: Please use unwrapAndroidObject to prevent the extra object wrapper.
09-15 14:23:18.679 12309 26575 W CAM_kma : RESULT_EXTENDED_FACE key is null
09-15 14:23:18.685 12309 26575 W CameraPipeCaptureResult: Please use unwrapAndroidObject to prevent the extra object wrapper.
09-15 14:23:18.712 12309 26575 W CAM_kma : RESULT_EXTENDED_FACE key is null
09-15 14:23:18.716 12309 26575 W CameraPipeCaptureResult: Please use unwrapAndroidObject to prevent the extra object wrapper.
09-15 14:23:18.744 12309 26575 W CAM_kma : RESULT_EXTENDED_FACE key is null
09-15 14:23:18.751 12309 26575 W CameraPipeCaptureResult: Please use unwrapAndroidObject to prevent the extra object wrapper.
09-15 14:23:18.780 12309 26575 W CAM_kma : RESULT_EXTENDED_FACE key is null
09-15 14:23:18.785 12309 26575 W CameraPipeCaptureResult: Please use unwrapAndroidObject to prevent the extra object wrapper.
09-15 14:23:18.817 12309 26575 W CAM_kma : RESULT_EXTENDED_FACE key is null
09-15 14:23:18.822 12309 26575 W CameraPipeCaptureResult: Please use unwrapAndroidObject to prevent the extra object wrapper.
09-15 14:23:18.847 12309 26575 W CAM_kma : RESULT_EXTENDED_FACE key is null
09-15 14:23:18.853 12309 26575 W CameraPipeCaptureResult: Please use unwrapAndroidObject to prevent the extra object wrapper.
09-15 14:23:18.884 12309 26575 W CAM_kma : RESULT_EXTENDED_FACE key is null
09-15 14:23:18.889 12309 26575 W CameraPipeCaptureResult: Please use unwrapAndroidObject to prevent the extra object wrapper.
09-15 14:23:18.914 12309 26575 W CAM_kma : RESULT_EXTENDED_FACE key is null
09-15 14:23:18.920 12309 26575 W CameraPipeCaptureResult: Please use unwrapAndroidObject to prevent the extra object wrapper.
09-15 14:23:18.945 12309 26575 W CAM_kma : RESULT_EXTENDED_FACE key is null
09-15 14:23:18.950 12309 26575 W CameraPipeCaptureResult: Please use unwrapAndroidObject to prevent the extra object wrapper.
09-15 14:23:18.980 12309 26575 W CAM_kma : RESULT_EXTENDED_FACE key is null
09-15 14:23:18.985 12309 26575 W CameraPipeCaptureResult: Please use unwrapAndroidObject to prevent the extra object wrapper.
09-15 14:23:19.011 12309 26575 W CAM_kma : RESULT_EXTENDED_FACE key is null
09-15 14:23:19.016 12309 26575 W CameraPipeCaptureResult: Please use unwrapAndroidObject to prevent the extra object wrapper.
09-15 14:23:19.045 12309 26575 W CAM_kma : RESULT_EXTENDED_FACE key is null
09-15 14:23:19.050 12309 26575 W CameraPipeCaptureResult: Please use unwrapAndroidObject to prevent the extra object wrapper.
09-15 14:23:19.090 12309 26575 W CAM_kma : RESULT_EXTENDED_FACE key is null
09-15 14:23:19.112 12309 26575 W CameraPipeCaptureResult: Please use unwrapAndroidObject to prevent the extra object wrapper.
09-15 14:23:19.115 12309 26575 W CAM_kma : RESULT_EXTENDED_FACE key is null
09-15 14:23:19.120 12309 26575 W CameraPipeCaptureResult: Please use unwrapAndroidObject to prevent the extra object wrapper.
09-15 14:23:19.148 12309 26575 W CAM_kma : RESULT_EXTENDED_FACE key is null
09-15 14:23:19.155 12309 26575 W CameraPipeCaptureResult: Please use unwrapAndroidObject to prevent the extra object wrapper.
09-15 14:23:19.156 12309 12309 W View    : requestLayout() improperly called by com.google.android.apps.camera.bottombar.SideButtonContainer{cabc851 V.E...... ......ID 416,181-416,308 #7f0b02af app:id/left_placeholder_container} during layout: running second layout pass
09-15 14:23:19.156 12309 12309 W View    : requestLayout() improperly called by android.widget.FrameLayout{213f9b7 V.E...... ......ID 416,120-665,369 #7f0b010a app:id/center_placeholder} during layout: running second layout pass
09-15 14:23:19.156 12309 12309 W View    : requestLayout() improperly called by com.google.android.apps.camera.bottombar.SideButtonContainer{613988d V.E...... ......ID 665,181-665,308 #7f0b042d app:id/right_placeholder_container} during layout: running second layout pass
09-15 14:23:19.162 12309 26981 W CAM_tes : No valid person anchor in the scene. Creating a scene frame anchor based on an arbitrary point.
09-15 14:23:19.186 12309 26575 W CAM_kma : RESULT_EXTENDED_FACE key is null
09-15 14:23:19.187 12309 26575 W CameraPipeCaptureResult: Please use unwrapAndroidObject to prevent the extra object wrapper.
09-15 14:23:19.198 12309 26960 I acceleration: ModifyGraphWithDelegate model namespace: unknown_namespace model id: unknown_model_id accelerator name: EDGETPU
09-15 14:23:19.208 12309 26960 I acceleration: ModifyGraphWithDelegate model namespace: unknown_namespace model id: unknown_model_id accelerator name: EDGETPU
09-15 14:23:19.217 12309 26575 W CAM_kma : RESULT_EXTENDED_FACE key is null
09-15 14:23:19.221 12309 26575 W CameraPipeCaptureResult: Please use unwrapAndroidObject to prevent the extra object wrapper.
09-15 14:23:19.222 12309 10818 W CAM_kyu : Got empty bytes for face deblur node log from vendor tag. face_cnt=2
09-15 14:23:19.224 12309 10818 W CameraPipeCaptureResult: Please use unwrapAndroidObject to prevent the extra object wrapper.
09-15 14:23:19.224 12309 10818 W CAM_kyu : Got empty bytes for face deblur node log from vendor tag. face_cnt=2
09-15 14:23:19.230 12309 10818 W CameraPipeCaptureResult: Please use unwrapAndroidObject to prevent the extra object wrapper.
09-15 14:23:19.230 12309 10818 W CAM_kyu : Got empty bytes for face deblur node log from vendor tag. face_cnt=2
09-15 14:23:19.231 12309 10818 W CameraPipeCaptureResult: Please use unwrapAndroidObject to prevent the extra object wrapper.
09-15 14:23:19.232 12309 10818 W CAM_kyu : Got empty bytes for face deblur node log from vendor tag. face_cnt=2
09-15 14:23:19.233 12309 10818 W CameraPipeCaptureResult: Please use unwrapAndroidObject to prevent the extra object wrapper.
09-15 14:23:19.233 12309 10818 W CAM_kyu : Got empty bytes for face deblur node log from vendor tag. face_cnt=2
09-15 14:23:19.235 12309 10818 W CameraPipeCaptureResult: Please use unwrapAndroidObject to prevent the extra object wrapper.
09-15 14:23:19.235 12309 10818 W CAM_kyu : Got empty bytes for face deblur node log from vendor tag. face_cnt=2
09-15 14:23:19.237 12309 10818 W CameraPipeCaptureResult: Please use unwrapAndroidObject to prevent the extra object wrapper.
09-15 14:23:19.238 12309 10818 W CAM_kyu : Got empty bytes for face deblur node log from vendor tag. face_cnt=2
09-15 14:23:19.243 12309 10818 W CameraPipeCaptureResult: Please use unwrapAndroidObject to prevent the extra object wrapper.
09-15 14:23:19.245 12309 10818 W CAM_kyu : Got empty bytes for face deblur node log from vendor tag. face_cnt=2
09-15 14:23:19.248 12309 26575 W CAM_kma : RESULT_EXTENDED_FACE key is null
09-15 14:23:19.250 12309 10818 W CameraPipeCaptureResult: Please use unwrapAndroidObject to prevent the extra object wrapper.
09-15 14:23:19.251 12309 26575 W CameraPipeCaptureResult: Please use unwrapAndroidObject to prevent the extra object wrapper.
09-15 14:23:19.253 12309 10818 W CAM_kyu : Got empty bytes for face deblur node log from vendor tag. face_cnt=2
09-15 14:23:19.257 12309 10818 W CameraPipeCaptureResult: Please use unwrapAndroidObject to prevent the extra object wrapper.
09-15 14:23:19.259 12309 10818 W CAM_kyu : Got empty bytes for face deblur node log from vendor tag. face_cnt=2
09-15 14:23:19.263 12309 10818 W CameraPipeCaptureResult: Please use unwrapAndroidObject to prevent the extra object wrapper.
09-15 14:23:19.276 12309 12400 W CAM_fip : Missing active anchor buffer, skipping.
09-15 14:23:19.276 12309 12400 W CAM_ldg : 3A_DEBUG shotId=6 prefer last frame=691 (timestamp=15796406372780) debug data but not available, start to request last frame debug data.
09-15 14:23:19.282 12309 26575 W CAM_kma : RESULT_EXTENDED_FACE key is null
09-15 14:23:19.283 12309 12334 W CAM_mfq : Thumbnail holder removed: key=ShotId-8 evicted=false
09-15 14:23:19.285 12309 26575 W CameraPipeCaptureResult: Please use unwrapAndroidObject to prevent the extra object wrapper.
09-15 14:23:19.309 12309 26575 W CAM_kma : RESULT_EXTENDED_FACE key is null
09-15 14:23:19.315 12309 26575 W CameraPipeCaptureResult: Please use unwrapAndroidObject to prevent the extra object wrapper.
09-15 14:23:19.342 12309 26575 W CAM_kma : RESULT_EXTENDED_FACE key is null
09-15 14:23:19.348 12309 26575 W CameraPipeCaptureResult: Please use unwrapAndroidObject to prevent the extra object wrapper.
09-15 14:23:19.345 12309 12309 W VfeExecutor: type=1400 audit(0.0:22501): avc:  denied  { getattr } for  name="/" dev="dmabuf" ino=1 scontext=u:r:google_camera_app:s0:c183,c256,c512,c768 tcontext=u:object_r:unlabeled:s0 tclass=filesystem permissive=0 app=com.google.android.GoogleCamera
09-15 14:23:19.345 12309 12309 W VfeExecutor: type=1400 audit(0.0:22502): avc:  denied  { getattr } for  name="/" dev="dmabuf" ino=1 scontext=u:r:google_camera_app:s0:c183,c256,c512,c768 tcontext=u:object_r:unlabeled:s0 tclass=filesystem permissive=0 app=com.google.android.GoogleCamera
09-15 14:23:19.379 12309 26575 W CAM_kma : RESULT_EXTENDED_FACE key is null
09-15 14:23:19.383 12309 26575 W CameraPipeCaptureResult: Please use unwrapAndroidObject to prevent the extra object wrapper.
09-15 14:23:19.381 12309 12309 W VfeExecutor: type=1400 audit(0.0:22503): avc:  denied  { getattr } for  name="/" dev="dmabuf" ino=1 scontext=u:r:google_camera_app:s0:c183,c256,c512,c768 tcontext=u:object_r:unlabeled:s0 tclass=filesystem permissive=0 app=com.google.android.GoogleCamera
09-15 14:23:19.381 12309 12309 W VfeExecutor: type=1400 audit(0.0:22504): avc:  denied  { getattr } for  name="/" dev="dmabuf" ino=1 scontext=u:r:google_camera_app:s0:c183,c256,c512,c768 tcontext=u:object_r:unlabeled:s0 tclass=filesystem permissive=0 app=com.google.android.GoogleCamera
09-15 14:23:19.415 12309 26575 W CAM_kma : RESULT_EXTENDED_FACE key is null
09-15 14:23:19.421 12309 12309 W VfeExecutor: type=1400 audit(0.0:22505): avc:  denied  { getattr } for  name="/" dev="dmabuf" ino=1 scontext=u:r:google_camera_app:s0:c183,c256,c512,c768 tcontext=u:object_r:unlabeled:s0 tclass=filesystem permissive=0 app=com.google.android.GoogleCamera
09-15 14:23:19.425 12309 26575 W CameraPipeCaptureResult: Please use unwrapAndroidObject to prevent the extra object wrapper.
09-15 14:23:19.447 12309 26575 W CAM_kma : RESULT_EXTENDED_FACE key is null
09-15 14:23:19.448 12309 26575 W CAM_kma : RESULT_EXTENDED_FACE key is null
09-15 14:23:19.448 12309 10818 W CAM_kyu : Got empty bytes for face deblur node log from vendor tag. face_cnt=2
09-15 14:23:19.450 12309 10818 W CameraPipeCaptureResult: Please use unwrapAndroidObject to prevent the extra object wrapper.
09-15 14:23:19.451 12309 26575 W CameraPipeCaptureResult: Please use unwrapAndroidObject to prevent the extra object wrapper.
09-15 14:23:19.483 12309 26575 W CAM_kma : RESULT_EXTENDED_FACE key is null
09-15 14:23:19.484 12309 10818 W CAM_kyu : Got empty bytes for face deblur node log from vendor tag. face_cnt=2
09-15 14:23:19.486 12309 10818 W CameraPipeCaptureResult: Please use unwrapAndroidObject to prevent the extra object wrapper.
09-15 14:23:19.489 12309 10818 W CAM_ihw : Unable to parse unsigned integer (wb_cur_buf), reason: /dev/sys/block/bootdevice/attributes/wb_cur_buf.
09-15 14:23:19.489 12309 10818 W CAM_ihw : Unable to parse unsigned integer (wb_avail_buf), reason: /dev/sys/block/bootdevice/attributes/wb_avail_buf.
09-15 14:23:19.489 12309 10818 W CAM_ihw : Unable to parse unsigned integer (wb_life_time_est), reason: /dev/sys/block/bootdevice/attributes/wb_life_time_est.
09-15 14:23:19.536 12309 26575 W CAM_kma : RESULT_EXTENDED_FACE key is null
09-15 14:23:19.544 12309 26575 W CAM_fna : Skipped 3 frame injections (dt = 99ms).
09-15 14:23:19.544 12309 26575 W CameraPipeCaptureResult: Please use unwrapAndroidObject to prevent the extra object wrapper.
09-15 14:23:19.587 12309 26575 W CAM_kma : RESULT_EXTENDED_FACE key is null
09-15 14:23:19.588 12309 26575 W CameraPipeCaptureResult: Please use unwrapAndroidObject to prevent the extra object wrapper.
09-15 14:23:19.588 12309 26699 W CAM_pob : Pet and BoH faces are not supported. [CONTEXT ratelimit_period="1 SECONDS" skipped=54 ]
09-15 14:23:19.592 12309 26960 W native  : W0000 00:00:1757917399.592291   26960 portrait_matting_estimator.cc:152] Inference doesn't run on GPU, so GPU boost will not be applied.
09-15 14:23:19.616 12309 26575 W CAM_kma : RESULT_EXTENDED_FACE key is null
09-15 14:23:19.621 12309 26575 W CameraPipeCaptureResult: Please use unwrapAndroidObject to prevent the extra object wrapper.
09-15 14:23:19.646 12309 10741 I native  : I0000 00:00:1757917399.646138   10741 viwls_optimization.cc:1432] [M] MAP SOLVE: Iterations: 6, Cost: 4.325903e+04 -> 1.667897e+01, Reason: USER_SUCCESS
09-15 14:23:19.653 12309 26575 W CAM_kma : RESULT_EXTENDED_FACE key is null
09-15 14:23:19.655 12309 26960 W native  : W0000 00:00:1757917399.655739   26960 portrait_matting_estimator.cc:152] Inference doesn't run on GPU, so GPU boost will not be applied.
09-15 14:23:19.656 12309 26575 W CameraPipeCaptureResult: Please use unwrapAndroidObject to prevent the extra object wrapper.
09-15 14:23:19.685 12309 26575 W CAM_kma : RESULT_EXTENDED_FACE key is null
09-15 14:23:19.688 12309 26575 W CameraPipeCaptureResult: Please use unwrapAndroidObject to prevent the extra object wrapper.
09-15 14:23:19.705 12309 10741 I native  : I0000 00:00:1757917399.705782   10741 localizer_base_factory.cc:23] LocalizerBaseFactory: creates the traditional Localizer.
09-15 14:23:19.718 12309 26575 W CAM_kma : RESULT_EXTENDED_FACE key is null
09-15 14:23:19.719 12309 26575 W CameraPipeCaptureResult: Please use unwrapAndroidObject to prevent the extra object wrapper.
09-15 14:23:19.757 12309 26575 W CAM_kma : RESULT_EXTENDED_FACE key is null
09-15 14:23:19.758 12309 26575 W CameraPipeCaptureResult: Please use unwrapAndroidObject to prevent the extra object wrapper.
09-15 14:23:19.761 12309 10741 I native  : I0000 00:00:1757917399.761084   10741 multi_map_manager.cc:342] [M] MultiMapManager added ADF 7ae0ada4-0515-2015-8fd5-ddc2dc24378c with 16 keyframes and 425 landmarks to adf_graph.
09-15 14:23:19.789 12309 26575 W CAM_kma : RESULT_EXTENDED_FACE key is null
09-15 14:23:19.796 12309 26575 W CameraPipeCaptureResult: Please use unwrapAndroidObject to prevent the extra object wrapper.
09-15 14:23:19.801 12309 10742 I native  : I0000 00:00:1757917399.801788   10742 localization_manager_impl.cc:1085] [MLOC] NCam_Verified results of kLocalizationFullMap -  id_of_current_map: 7ae0ada4-0515-2015-8fd5-ddc2dc24378c timestamp_ns: 15797162320925 camera_index: 0 num_inlier_points: 378 inlier_ratio: 0.875 previous_geometric_verification_status: kFailed curr_adf_T_vio: q = [x: -6.08408e-08, y: 4.3294e-09, z: 0.075781, w: 0.997124], p = [x: -0.010748, y: 0.0162497, z: 0.012219]
09-15 14:23:19.845 12309 10742 I native  : I0000 00:00:1757917399.845585   10742 localization_manager_impl.cc:1085] [MLOC] NCam_Verified results of kLocalizationFullMap -  id_of_current_map: 7ae0ada4-0515-2015-8fd5-ddc2dc24378c timestamp_ns: 15797256014429 camera_index: 0 num_inlier_points: 414 inlier_ratio: 0.947368 previous_geometric_verification_status: kFailedMapTrackingAndSuccessfulFullQuery curr_adf_T_vio: q = [x: -1.63148e-08, y: -4.69195e-11, z: 0.0232175, w: 0.99973], p = [x: 0.0176079, y: 0.00576826, z: 0.0130374]
09-15 14:23:19.854 12309 26575 W CAM_kma : RESULT_EXTENDED_FACE key is null
09-15 14:23:19.866 12309 10737 I native  : I0000 00:00:1757917399.866332   10737 sbr_constraint_update_utils.cc:369] (Re-)setting adf_T_vio: q = [x: 0, y: 0, z: -0.0119595, w: 0.999928], p = [x: 0.0251194, y: 0.00237846, z: 0.0142535]
09-15 14:23:19.870 12309 26575 W CameraPipeCaptureResult: Please use unwrapAndroidObject to prevent the extra object wrapper.
09-15 14:23:19.874 12309 12309 W View    : requestLayout() improperly called by com.google.android.apps.camera.bottombar.SideButtonContainer{cabc851 V.E...... ......ID 352,181-352,308 #7f0b02af app:id/left_placeholder_container} during layout: running second layout pass
09-15 14:23:19.874 12309 12309 W View    : requestLayout() improperly called by android.widget.FrameLayout{213f9b7 V.E...... ......ID 352,120-601,369 #7f0b010a app:id/center_placeholder} during layout: running second layout pass
09-15 14:23:19.874 12309 12309 W View    : requestLayout() improperly called by android.widget.Space{3214524 I.ED..... ......I. 561,244-642,244 #7f0b010c app:id/center_right_space} during layout: running second layout pass
09-15 14:23:19.875 12309 12309 W View    : requestLayout() improperly called by com.google.android.apps.camera.bottombar.SideButtonContainer{613988d V.E...... ......ID 601,181-728,308 #7f0b042d app:id/right_placeholder_container} during layout: running second layout pass
09-15 14:23:19.887 12309 26575 W CAM_kma : RESULT_EXTENDED_FACE key is null
09-15 14:23:19.888 12309 26575 W CameraPipeCaptureResult: Please use unwrapAndroidObject to prevent the extra object wrapper.
09-15 14:23:19.922 12309 26575 W CAM_kma : RESULT_EXTENDED_FACE key is null
09-15 14:23:19.931 12309 26575 W CameraPipeCaptureResult: Please use unwrapAndroidObject to prevent the extra object wrapper.
09-15 14:23:19.944 12309 10728 I native  : I0000 00:00:1757917399.944696   10728 pose_manager.cc:373] World pose node changing to MapId:7ae0ada4-0515-2015-8fd5-ddc2dc24378c with 1 opt.
09-15 14:23:19.953 12309 10742 I native  : I0000 00:00:1757917399.953227   10742 localization_manager_impl.cc:785] [MLOC] RunQueryOrTracking on kMapTracking mode.  prev_geometric_verification_status_: kFailedMapTrackingAndSuccessfulFullQuery current_adf: 7ae0ada4-0515-2015-8fd5-ddc2dc24378c image_timestamp_ns: 15797381028549 camera_index: 0 pose_based_map_tracking: true num_structure_matches: 228
09-15 14:23:19.956 12309 10742 I native  : I0000 00:00:1757917399.956289   10742 localization_manager_impl.cc:1085] [MLOC] NCam_Verified results of kMapTracking -  id_of_current_map: 7ae0ada4-0515-2015-8fd5-ddc2dc24378c timestamp_ns: 15797381028549 camera_index: 0 num_inlier_points: 413 inlier_ratio: 0.93228 previous_geometric_verification_status: kFailedMapTrackingAndSuccessfulFullQuery last_known_adf_T_vio: q = [x: -0, y: -0, z: 0.0119418, w: 0.999929], p = [x: 0.0251702, y: 0.00244835, z: 0.0142466]
09-15 14:23:19.957 12309 12314 I id.GoogleCamera: NativeAlloc concurrent mark compact GC freed 46MB AllocSpace bytes, 158(3024KB) LOS objects, 75% free, 29MB/118MB, paused 4.505ms,9.134ms total 335.239ms
09-15 14:23:19.966 12309 26575 W CAM_kma : RESULT_EXTENDED_FACE key is null
09-15 14:23:19.968 12309 26575 W CameraPipeCaptureResult: Please use unwrapAndroidObject to prevent the extra object wrapper.
09-15 14:23:19.999 12309 26575 W CAM_kma : RESULT_EXTENDED_FACE key is null
09-15 14:23:20.000 12309 26575 W CameraPipeCaptureResult: Please use unwrapAndroidObject to prevent the extra object wrapper.
09-15 14:23:20.036 12309 26575 W CAM_kma : RESULT_EXTENDED_FACE key is null
09-15 14:23:20.041 12309 26575 W CameraPipeCaptureResult: Please use unwrapAndroidObject to prevent the extra object wrapper.
09-15 14:23:20.082 12309 26575 W CAM_kma : RESULT_EXTENDED_FACE key is null
09-15 14:23:20.084 12309 26575 W CameraPipeCaptureResult: Please use unwrapAndroidObject to prevent the extra object wrapper.
09-15 14:23:20.116 12309 26575 W CAM_kma : RESULT_EXTENDED_FACE key is null
09-15 14:23:20.129 12309 26575 W CameraPipeCaptureResult: Please use unwrapAndroidObject to prevent the extra object wrapper.
09-15 14:23:20.163 12309 26575 W CAM_kma : RESULT_EXTENDED_FACE key is null
09-15 14:23:20.167 12309 26575 W CameraPipeCaptureResult: Please use unwrapAndroidObject to prevent the extra object wrapper.
09-15 14:23:20.204 12309 26575 W CAM_kma : RESULT_EXTENDED_FACE key is null
09-15 14:23:20.209 12309 26575 W CameraPipeCaptureResult: Please use unwrapAndroidObject to prevent the extra object wrapper.
09-15 14:23:20.246 12309 26575 W CAM_kma : RESULT_EXTENDED_FACE key is null
09-15 14:23:20.252 12309 26575 W CameraPipeCaptureResult: Please use unwrapAndroidObject to prevent the extra object wrapper.
09-15 14:23:20.284 12309 26575 W CAM_kma : RESULT_EXTENDED_FACE key is null
09-15 14:23:20.289 12309 26575 W CameraPipeCaptureResult: Please use unwrapAndroidObject to prevent the extra object wrapper.
09-15 14:23:20.339 12309 26575 W CAM_kma : RESULT_EXTENDED_FACE key is null
09-15 14:23:20.344 12309 26575 W CameraPipeCaptureResult: Please use unwrapAndroidObject to prevent the extra object wrapper.
09-15 14:23:20.371 12309 26575 W CAM_kma : RESULT_EXTENDED_FACE key is null
09-15 14:23:20.374 12309 26575 W CameraPipeCaptureResult: Please use unwrapAndroidObject to prevent the extra object wrapper.
09-15 14:23:20.369 12309 12309 W VfeExecutor: type=1400 audit(0.0:22555): avc:  denied  { getattr } for  name="/" dev="dmabuf" ino=1 scontext=u:r:google_camera_app:s0:c183,c256,c512,c768 tcontext=u:object_r:unlabeled:s0 tclass=filesystem permissive=0 app=com.google.android.GoogleCamera
