09-15 21:50:49.853 12309 26575 W CAM_kma : RESULT_EXTENDED_FACE key is null
09-15 21:50:49.858 12309 26575 W CameraPipeCaptureResult: Please use unwrapAndroidObject to prevent the extra object wrapper.
09-15 21:50:49.887 12309 26575 W CAM_kma : RESULT_EXTENDED_FACE key is null
09-15 21:50:49.891 12309 26575 W CameraPipeCaptureResult: Please use unwrapAndroidObject to prevent the extra object wrapper.
09-15 21:50:49.902 12309 28175 I native  : I0000 00:00:1757944249.902017   28175 vio_estimator.cc:1361] [VioEstimator] [PauseResume] HandleInitializationStage with feature tracks at timestamp: 42647412405321 ns.
09-15 21:50:49.903 12309 28177 I native  : I0000 00:00:1757944249.902842   28177 data_manager.cc:87] [M] VisualInertialState is kNotTracking. Wait.
09-15 21:50:49.919 12309 26575 W CAM_kma : RESULT_EXTENDED_FACE key is null
09-15 21:50:49.925 12309 26575 W CameraPipeCaptureResult: Please use unwrapAndroidObject to prevent the extra object wrapper.
09-15 21:50:49.943 12309 26960 E native  : E0000 00:00:1757944249.943273   26960 tf_lite_error_reporter.cc:15] Following operations are not supported by GPU delegate:
09-15 21:50:49.943 12309 26960 E native  : CAST: Not supported Cast case. Input type: UINT8 and output type: FLOAT32
09-15 21:50:49.943 12309 26960 E native  : 71 operations will run on the GPU, and the remaining 1 operations will run on the CPU.
09-15 21:50:49.943 12309 26960 I tflite  : Replacing 71 out of 72 node(s) with delegate (TfLiteGpuDelegate_New) node, yielding 2 partitions for subgraph 0.
09-15 21:50:49.952 12309 26575 W CAM_kma : RESULT_EXTENDED_FACE key is null
09-15 21:50:49.952 12309 26960 E native  : E0000 00:00:1757944249.952463   26960 tf_lite_error_reporter.cc:15] TfLiteGpuDelegate: GL sharing is not supported
09-15 21:50:49.952 12309 26960 E native  : E0000 00:00:1757944249.952510   26960 tf_lite_error_reporter.cc:15] TfLiteGpuDelegate: fast GL to CL sync is not supported
09-15 21:50:49.958 12309 26575 W CameraPipeCaptureResult: Please use unwrapAndroidObject to prevent the extra object wrapper.
09-15 21:50:49.985 12309 26575 W CAM_kma : RESULT_EXTENDED_FACE key is null
09-15 21:50:49.992 12309 26575 W CameraPipeCaptureResult: Please use unwrapAndroidObject to prevent the extra object wrapper.
09-15 21:50:50.002 12309 28175 I native  : I0000 00:00:1757944250.001702   28175 vio_estimator.cc:1361] [VioEstimator] [PauseResume] HandleInitializationStage with feature tracks at timestamp: 42647512463521 ns.
09-15 21:50:50.002 12309 28177 I native  : I0000 00:00:1757944250.002340   28177 data_manager.cc:87] [M] VisualInertialState is kNotTracking. Wait.
09-15 21:50:50.019 12309 26575 W CAM_kma : RESULT_EXTENDED_FACE key is null
09-15 21:50:50.026 12309 26575 W CameraPipeCaptureResult: Please use unwrapAndroidObject to prevent the extra object wrapper.
09-15 21:50:50.034 12309 26960 I tflite  : Replacing 1587 out of 1587 node(s) with delegate (unknown) node, yielding 1 partitions for subgraph 0.
09-15 21:50:50.052 12309 26575 W CAM_kma : RESULT_EXTENDED_FACE key is null
09-15 21:50:50.058 12309 26575 W CameraPipeCaptureResult: Please use unwrapAndroidObject to prevent the extra object wrapper.
09-15 21:50:50.084 12309 26575 W CAM_kma : RESULT_EXTENDED_FACE key is null
09-15 21:50:50.091 12309 26575 W CameraPipeCaptureResult: Please use unwrapAndroidObject to prevent the extra object wrapper.
09-15 21:50:50.100 12309 28175 I native  : I0000 00:00:1757944250.100356   28175 vio_estimator.cc:1361] [VioEstimator] [PauseResume] HandleInitializationStage with feature tracks at timestamp: 42647612082058 ns.
09-15 21:50:50.100 12309 28177 I native  : I0000 00:00:1757944250.100718   28177 data_manager.cc:87] [M] VisualInertialState is kNotTracking. Wait.
09-15 21:50:50.118 12309 26575 W CAM_kma : RESULT_EXTENDED_FACE key is null
09-15 21:50:50.124 12309 26575 W CameraPipeCaptureResult: Please use unwrapAndroidObject to prevent the extra object wrapper.
09-15 21:50:50.152 12309 26575 W CAM_kma : RESULT_EXTENDED_FACE key is null
09-15 21:50:50.159 12309 26575 W CameraPipeCaptureResult: Please use unwrapAndroidObject to prevent the extra object wrapper.
09-15 21:50:50.185 12309 26575 W CAM_kma : RESULT_EXTENDED_FACE key is null
09-15 21:50:50.192 12309 26575 W CameraPipeCaptureResult: Please use unwrapAndroidObject to prevent the extra object wrapper.
09-15 21:50:50.200 12309 28175 I native  : I0000 00:00:1757944250.200612   28175 vio_estimator.cc:1361] [VioEstimator] [PauseResume] HandleInitializationStage with feature tracks at timestamp: 42647711687513 ns.
09-15 21:50:50.217 12309 28175 I native  : I0000 00:00:1757944250.217734   28175 bundle_adjustment_initializer.cc:757] Intrinsic vector size for camera id:200 is 7
09-15 21:50:50.218 12309 26575 W CAM_kma : RESULT_EXTENDED_FACE key is null
09-15 21:50:50.224 12309 26575 W CameraPipeCaptureResult: Please use unwrapAndroidObject to prevent the extra object wrapper.
09-15 21:50:50.250 12309 26575 W CAM_kma : RESULT_EXTENDED_FACE key is null
09-15 21:50:50.257 12309 26575 W CameraPipeCaptureResult: Please use unwrapAndroidObject to prevent the extra object wrapper.
09-15 21:50:50.259 12309 28175 I native  : I0000 00:00:1757944250.259069   28175 bundle_adjustment_initializer.cc:977] [SSBA Solver] Initializer did not converge: Maximum number of iterations reached. Number of iterations: 18.
09-15 21:50:50.259 12309 28175 W native  : W0000 00:00:1757944250.259400   28175 bundle_adjustment_initializer.cc:990] [SSBA Depth Refinement] No depth observations for SSBA frames.
09-15 21:50:50.259 12309 28175 I native  : I0000 00:00:1757944250.259795   28175 bundle_adjustment_initialization.h:274] Number of measurements used in BA initialization for temporal landmarks: 300
09-15 21:50:50.259 12309 28175 I native  : I0000 00:00:1757944250.259826   28175 bundle_adjustment_initialization.h:276] Number of good measurements (i.e., reprojection errors <= 3 pixels) in BA initialization for temporal landmarks: 300
09-15 21:50:50.259 12309 28175 I native  : I0000 00:00:1757944250.259897   28175 vio_estimator.cc:355] [VioEstimator] Initialization sliding window states 
09-15 21:50:50.259 12309 28175 I native  : I0000 00:00:1757944250.259915   28175 vio_estimator.cc:358] [VioEstimator] state 0 IMU position: [0]; [0]; [0]
09-15 21:50:50.259 12309 28175 I native  : I0000 00:00:1757944250.259928   28175 vio_estimator.cc:358] [VioEstimator] state 1 IMU position: [0.00135389]; [0.00187739]; [0.000618293]
09-15 21:50:50.259 12309 28175 I native  : I0000 00:00:1757944250.259936   28175 vio_estimator.cc:358] [VioEstimator] state 2 IMU position: [0.00182188]; [0.00462206]; [0.00159347]
09-15 21:50:50.259 12309 28175 I native  : I0000 00:00:1757944250.259944   28175 vio_estimator.cc:358] [VioEstimator] state 3 IMU position: [0.00221047]; [0.0089038]; [0.00307349]
09-15 21:50:50.259 12309 28175 I native  : I0000 00:00:1757944250.259951   28175 vio_estimator.cc:358] [VioEstimator] state 4 IMU position: [0.00328209]; [0.015819]; [0.00564249]
09-15 21:50:50.259 12309 28175 I native  : I0000 00:00:1757944250.259959   28175 vio_estimator.cc:364] [VioEstimator] Maintain Yaw transformation: [0.00013665, -1, -1.81041e-16, 0]; [1, 0.00013665, 1.07321e-16, 0]; [-1.07296e-16, -1.81056e-16, 1, 0]; [0, 0, 0, 1]
09-15 21:50:50.259 12309 28175 I native  : I0000 00:00:1757944250.259976   28175 vio_estimator.cc:378] [VioEstimator] Initialization sliding window states affine MaintainYaw transformation: 
09-15 21:50:50.259 12309 28175 I native  : I0000 00:00:1757944250.259980   28175 vio_estimator.cc:382] [VioEstimator] state 0 transformed IMU position: [0]; [0]; [0]
09-15 21:50:50.259 12309 28175 I native  : I0000 00:00:1757944250.259987   28175 vio_estimator.cc:382] [VioEstimator] state 1 transformed IMU position: [-0.0018772]; [0.00135415]; [0.000618293]
09-15 21:50:50.260 12309 28175 I native  : I0000 00:00:1757944250.259995   28175 vio_estimator.cc:382] [VioEstimator] state 2 transformed IMU position: [-0.00462181]; [0.00182252]; [0.00159347]
09-15 21:50:50.260 12309 28175 I native  : I0000 00:00:1757944250.260002   28175 vio_estimator.cc:382] [VioEstimator] state 3 transformed IMU position: [-0.0089035]; [0.00221168]; [0.00307349]
09-15 21:50:50.260 12309 28175 I native  : I0000 00:00:1757944250.260009   28175 vio_estimator.cc:382] [VioEstimator] state 4 transformed IMU position: [-0.0158186]; [0.00328425]; [0.00564249]
09-15 21:50:50.261 12309 28175 I native  : I0000 00:00:1757944250.261449   28175 vio_estimator.cc:1462] [VioEstimator] Successful initialization at features timestamp: 42647711687513 ns, took:399.570003ms, processed frames: 5
09-15 21:50:50.261 12309 28164 I native  : I0000 00:00:1757944250.261694   28164 pose_manager.cc:321] [PoseManager] World pose node changing to new VIO pose node created: 9926009812062675364
09-15 21:50:50.263 12309 28164 I native  : I0000 00:00:1757944250.262322   28164 latency_tracker.cc:162] HeT initialized: Initialization_Time_Ms: 399.57
09-15 21:50:50.285 12309 26575 W CAM_kma : RESULT_EXTENDED_FACE key is null
09-15 21:50:50.292 12309 26575 W CameraPipeCaptureResult: Please use unwrapAndroidObject to prevent the extra object wrapper.
09-15 21:50:50.317 12309 26575 W CAM_kma : RESULT_EXTENDED_FACE key is null
09-15 21:50:50.324 12309 26575 W CameraPipeCaptureResult: Please use unwrapAndroidObject to prevent the extra object wrapper.
09-15 21:50:50.352 12309 26575 W CAM_kma : RESULT_EXTENDED_FACE key is null
09-15 21:50:50.358 12309 26575 W CameraPipeCaptureResult: Please use unwrapAndroidObject to prevent the extra object wrapper.
09-15 21:50:50.385 12309 26575 W CAM_kma : RESULT_EXTENDED_FACE key is null
09-15 21:50:50.392 12309 26575 W CameraPipeCaptureResult: Please use unwrapAndroidObject to prevent the extra object wrapper.
09-15 21:50:50.424 12309 26575 W CAM_kma : RESULT_EXTENDED_FACE key is null
09-15 21:50:50.428 12309 26575 W CameraPipeCaptureResult: Please use unwrapAndroidObject to prevent the extra object wrapper.
09-15 21:50:50.462 12309 26575 W CAM_kma : RESULT_EXTENDED_FACE key is null
09-15 21:50:50.467 12309 26575 W CameraPipeCaptureResult: Please use unwrapAndroidObject to prevent the extra object wrapper.
09-15 21:50:50.494 12309 26575 W CAM_kma : RESULT_EXTENDED_FACE key is null
09-15 21:50:50.501 12309 26575 W CameraPipeCaptureResult: Please use unwrapAndroidObject to prevent the extra object wrapper.
09-15 21:50:50.536 12309 26575 W CAM_kma : RESULT_EXTENDED_FACE key is null
09-15 21:50:50.538 12309 26575 W CameraPipeCaptureResult: Please use unwrapAndroidObject to prevent the extra object wrapper.
09-15 21:50:50.564 12309 26575 W CAM_kma : RESULT_EXTENDED_FACE key is null
09-15 21:50:50.567 12309 26575 W CameraPipeCaptureResult: Please use unwrapAndroidObject to prevent the extra object wrapper.
09-15 21:50:50.594 12309 26575 W CAM_kma : RESULT_EXTENDED_FACE key is null
09-15 21:50:50.600 12309 26575 W CameraPipeCaptureResult: Please use unwrapAndroidObject to prevent the extra object wrapper.
09-15 21:50:50.626 12309 26575 W CAM_kma : RESULT_EXTENDED_FACE key is null
09-15 21:50:50.631 12309 26575 W CameraPipeCaptureResult: Please use unwrapAndroidObject to prevent the extra object wrapper.
09-15 21:50:50.631 12309 12309 W VfeExecutor: type=1400 audit(0.0:68655): avc:  denied  { getattr } for  name="/" dev="dmabuf" ino=1 scontext=u:r:google_camera_app:s0:c183,c256,c512,c768 tcontext=u:object_r:unlabeled:s0 tclass=filesystem permissive=0 app=com.google.android.GoogleCamera
09-15 21:50:50.631 12309 12309 W VfeExecutor: type=1400 audit(0.0:68656): avc:  denied  { getattr } for  name="/" dev="dmabuf" ino=1 scontext=u:r:google_camera_app:s0:c183,c256,c512,c768 tcontext=u:object_r:unlabeled:s0 tclass=filesystem permissive=0 app=com.google.android.GoogleCamera
09-15 21:50:50.660 12309 26575 W CAM_kma : RESULT_EXTENDED_FACE key is null
09-15 21:50:50.661 12309 26699 W CAM_pob : Pet and BoH faces are not supported. [CONTEXT ratelimit_period="1 SECONDS" skipped=36 ]
09-15 21:50:50.664 12309 26575 W CameraPipeCaptureResult: Please use unwrapAndroidObject to prevent the extra object wrapper.
09-15 21:50:50.663 12309 12309 W VfeExecutor: type=1400 audit(0.0:68657): avc:  denied  { getattr } for  name="/" dev="dmabuf" ino=1 scontext=u:r:google_camera_app:s0:c183,c256,c512,c768 tcontext=u:object_r:unlabeled:s0 tclass=filesystem permissive=0 app=com.google.android.GoogleCamera
09-15 21:50:50.663 12309 12309 W VfeExecutor: type=1400 audit(0.0:68658): avc:  denied  { getattr } for  name="/" dev="dmabuf" ino=1 scontext=u:r:google_camera_app:s0:c183,c256,c512,c768 tcontext=u:object_r:unlabeled:s0 tclass=filesystem permissive=0 app=com.google.android.GoogleCamera
09-15 21:50:50.696 12309 26575 W CAM_kma : RESULT_EXTENDED_FACE key is null
09-15 21:50:50.701 12309 26575 W CameraPipeCaptureResult: Please use unwrapAndroidObject to prevent the extra object wrapper.
09-15 21:50:50.699 12309 12309 W VfeExecutor: type=1400 audit(0.0:68659): avc:  denied  { getattr } for  name="/" dev="dmabuf" ino=1 scontext=u:r:google_camera_app:s0:c183,c256,c512,c768 tcontext=u:object_r:unlabeled:s0 tclass=filesystem permissive=0 app=com.google.android.GoogleCamera
09-15 21:50:50.728 12309 26575 W CAM_kma : RESULT_EXTENDED_FACE key is null
09-15 21:50:50.732 12309 26575 W CameraPipeCaptureResult: Please use unwrapAndroidObject to prevent the extra object wrapper.
09-15 21:50:50.764 12309 26575 W CAM_kma : RESULT_EXTENDED_FACE key is null
09-15 21:50:50.768 12309 26575 W CameraPipeCaptureResult: Please use unwrapAndroidObject to prevent the extra object wrapper.
09-15 21:50:50.795 12309 26575 W CAM_kma : RESULT_EXTENDED_FACE key is null
09-15 21:50:50.803 12309 26575 W CameraPipeCaptureResult: Please use unwrapAndroidObject to prevent the extra object wrapper.
09-15 21:50:50.834 12309 26575 W CAM_kma : RESULT_EXTENDED_FACE key is null
09-15 21:50:50.837 12309 26575 W CameraPipeCaptureResult: Please use unwrapAndroidObject to prevent the extra object wrapper.
09-15 21:50:50.862 12309 26575 W CAM_kma : RESULT_EXTENDED_FACE key is null
09-15 21:50:50.871 12309 26575 W CameraPipeCaptureResult: Please use unwrapAndroidObject to prevent the extra object wrapper.
09-15 21:50:50.905 12309 26575 W CAM_kma : RESULT_EXTENDED_FACE key is null
09-15 21:50:50.912 12309 26575 W CameraPipeCaptureResult: Please use unwrapAndroidObject to prevent the extra object wrapper.
09-15 21:50:50.933 12309 26575 W CAM_kma : RESULT_EXTENDED_FACE key is null
09-15 21:50:50.938 12309 26575 W CameraPipeCaptureResult: Please use unwrapAndroidObject to prevent the extra object wrapper.
09-15 21:50:50.962 12309 26575 W CAM_kma : RESULT_EXTENDED_FACE key is null
09-15 21:50:50.969 12309 26575 W CameraPipeCaptureResult: Please use unwrapAndroidObject to prevent the extra object wrapper.
09-15 21:50:50.994 12309 26575 W CAM_kma : RESULT_EXTENDED_FACE key is null
09-15 21:50:50.999 12309 26575 W CameraPipeCaptureResult: Please use unwrapAndroidObject to prevent the extra object wrapper.
09-15 21:50:51.030 12309 26575 W CAM_kma : RESULT_EXTENDED_FACE key is null
09-15 21:50:51.034 12309 26575 W CameraPipeCaptureResult: Please use unwrapAndroidObject to prevent the extra object wrapper.
09-15 21:50:51.059 12309 26575 W CAM_kma : RESULT_EXTENDED_FACE key is null
09-15 21:50:51.063 12309 26575 W CameraPipeCaptureResult: Please use unwrapAndroidObject to prevent the extra object wrapper.
09-15 21:50:51.093 12309 26575 W CAM_kma : RESULT_EXTENDED_FACE key is null
09-15 21:50:51.099 12309 26575 W CameraPipeCaptureResult: Please use unwrapAndroidObject to prevent the extra object wrapper.
09-15 21:50:51.127 12309 26575 W CAM_kma : RESULT_EXTENDED_FACE key is null
09-15 21:50:51.131 12309 26575 W CameraPipeCaptureResult: Please use unwrapAndroidObject to prevent the extra object wrapper.
09-15 21:50:51.160 12309 26575 W CAM_kma : RESULT_EXTENDED_FACE key is null
09-15 21:50:51.167 12309 26575 W CameraPipeCaptureResult: Please use unwrapAndroidObject to prevent the extra object wrapper.
09-15 21:50:51.194 12309 26575 W CAM_kma : RESULT_EXTENDED_FACE key is null
09-15 21:50:51.199 12309 26575 W CameraPipeCaptureResult: Please use unwrapAndroidObject to prevent the extra object wrapper.
09-15 21:50:51.227 12309 26575 W CAM_kma : RESULT_EXTENDED_FACE key is null
09-15 21:50:51.231 12309 26575 W CameraPipeCaptureResult: Please use unwrapAndroidObject to prevent the extra object wrapper.
09-15 21:50:51.259 12309 26575 W CAM_kma : RESULT_EXTENDED_FACE key is null
09-15 21:50:51.265 12309 26575 W CameraPipeCaptureResult: Please use unwrapAndroidObject to prevent the extra object wrapper.
09-15 21:50:51.292 12309 26575 W CAM_kma : RESULT_EXTENDED_FACE key is null
09-15 21:50:51.297 12309 26575 W CameraPipeCaptureResult: Please use unwrapAndroidObject to prevent the extra object wrapper.
09-15 21:50:51.321 12309 28163 E native  : E0000 00:00:1757944251.320970   28163 lens_offset.cc:141] timestamp 42648822342771 invalid. (1066002 ns away from the latest one). Note that this log prints at most once every 1 seconds
09-15 21:50:51.330 12309 26575 W CAM_kma : RESULT_EXTENDED_FACE key is null
09-15 21:50:51.333 12309 26575 W CameraPipeCaptureResult: Please use unwrapAndroidObject to prevent the extra object wrapper.
09-15 21:50:51.360 12309 26575 W CAM_kma : RESULT_EXTENDED_FACE key is null
09-15 21:50:51.367 12309 26575 W CameraPipeCaptureResult: Please use unwrapAndroidObject to prevent the extra object wrapper.
09-15 21:50:51.391 12309 26575 W CAM_kma : RESULT_EXTENDED_FACE key is null
09-15 21:50:51.396 12309 26575 W CameraPipeCaptureResult: Please use unwrapAndroidObject to prevent the extra object wrapper.
09-15 21:50:51.421 12309 28175 I native  : I0000 00:00:1757944251.421789   28175 vio_fault_detector.cc:366] [VioFaultDetector] Not enough ransac inliers=42 ransac_inlier_ratio=0.0525 for duration: 100.228757ms.
09-15 21:50:51.425 12309 26575 W CAM_kma : RESULT_EXTENDED_FACE key is null
09-15 21:50:51.431 12309 26575 W CameraPipeCaptureResult: Please use unwrapAndroidObject to prevent the extra object wrapper.
09-15 21:50:51.463 12309 26575 W CAM_kma : RESULT_EXTENDED_FACE key is null
09-15 21:50:51.470 12309 26575 W CameraPipeCaptureResult: Please use unwrapAndroidObject to prevent the extra object wrapper.
09-15 21:50:51.494 12309 26575 W CAM_kma : RESULT_EXTENDED_FACE key is null
09-15 21:50:51.500 12309 26575 W CameraPipeCaptureResult: Please use unwrapAndroidObject to prevent the extra object wrapper.
09-15 21:50:51.528 12309 26575 W CAM_kma : RESULT_EXTENDED_FACE key is null
09-15 21:50:51.534 12309 26575 W CameraPipeCaptureResult: Please use unwrapAndroidObject to prevent the extra object wrapper.
09-15 21:50:51.561 12309 26575 W CAM_kma : RESULT_EXTENDED_FACE key is null
09-15 21:50:51.567 12309 26575 W CameraPipeCaptureResult: Please use unwrapAndroidObject to prevent the extra object wrapper.
09-15 21:50:51.593 12309 26575 W CAM_kma : RESULT_EXTENDED_FACE key is null
09-15 21:50:51.598 12309 26575 W CameraPipeCaptureResult: Please use unwrapAndroidObject to prevent the extra object wrapper.
09-15 21:50:51.627 12309 26575 W CAM_kma : RESULT_EXTENDED_FACE key is null
09-15 21:50:51.635 12309 12309 W VfeExecutor: type=1400 audit(0.0:68716): avc:  denied  { getattr } for  name="/" dev="dmabuf" ino=1 scontext=u:r:google_camera_app:s0:c183,c256,c512,c768 tcontext=u:object_r:unlabeled:s0 tclass=filesystem permissive=0 app=com.google.android.GoogleCamera
09-15 21:50:51.635 12309 12309 W VfeExecutor: type=1400 audit(0.0:68717): avc:  denied  { getattr } for  name="/" dev="dmabuf" ino=1 scontext=u:r:google_camera_app:s0:c183,c256,c512,c768 tcontext=u:object_r:unlabeled:s0 tclass=filesystem permissive=0 app=com.google.android.GoogleCamera
09-15 21:50:51.632 12309 26575 W CameraPipeCaptureResult: Please use unwrapAndroidObject to prevent the extra object wrapper.
09-15 21:50:51.667 12309 26575 W CAM_kma : RESULT_EXTENDED_FACE key is null
09-15 21:50:51.667 12309 12309 W VfeExecutor: type=1400 audit(0.0:68718): avc:  denied  { getattr } for  name="/" dev="dmabuf" ino=1 scontext=u:r:google_camera_app:s0:c183,c256,c512,c768 tcontext=u:object_r:unlabeled:s0 tclass=filesystem permissive=0 app=com.google.android.GoogleCamera
09-15 21:50:51.668 12309 26575 W CameraPipeCaptureResult: Please use unwrapAndroidObject to prevent the extra object wrapper.
09-15 21:50:51.669 12309 26699 W CAM_pob : Pet and BoH faces are not supported. [CONTEXT ratelimit_period="1 SECONDS" skipped=29 ]
09-15 21:50:51.671 12309 12309 W VfeExecutor: type=1400 audit(0.0:68719): avc:  denied  { getattr } for  name="/" dev="dmabuf" ino=1 scontext=u:r:google_camera_app:s0:c183,c256,c512,c768 tcontext=u:object_r:unlabeled:s0 tclass=filesystem permissive=0 app=com.google.android.GoogleCamera
09-15 21:50:51.691 12309 26575 W CAM_kma : RESULT_EXTENDED_FACE key is null
09-15 21:50:51.700 12309 26575 W CameraPipeCaptureResult: Please use unwrapAndroidObject to prevent the extra object wrapper.
09-15 21:50:51.699 12309 12309 W VfeExecutor: type=1400 audit(0.0:68720): avc:  denied  { getattr } for  name="/" dev="dmabuf" ino=1 scontext=u:r:google_camera_app:s0:c183,c256,c512,c768 tcontext=u:object_r:unlabeled:s0 tclass=filesystem permissive=0 app=com.google.android.GoogleCamera
09-15 21:50:51.724 12309 26575 W CAM_kma : RESULT_EXTENDED_FACE key is null
09-15 21:50:51.731 12309 26575 W CameraPipeCaptureResult: Please use unwrapAndroidObject to prevent the extra object wrapper.
09-15 21:50:51.761 12309 26575 W CAM_kma : RESULT_EXTENDED_FACE key is null
09-15 21:50:51.764 12309 26575 W CameraPipeCaptureResult: Please use unwrapAndroidObject to prevent the extra object wrapper.
09-15 21:50:51.794 12309 26575 W CAM_kma : RESULT_EXTENDED_FACE key is null
09-15 21:50:51.798 12309 26575 W CameraPipeCaptureResult: Please use unwrapAndroidObject to prevent the extra object wrapper.
09-15 21:50:51.826 12309 26575 W CAM_kma : RESULT_EXTENDED_FACE key is null
09-15 21:50:51.830 12309 26575 W CameraPipeCaptureResult: Please use unwrapAndroidObject to prevent the extra object wrapper.
09-15 21:50:51.861 12309 26575 W CAM_kma : RESULT_EXTENDED_FACE key is null
09-15 21:50:51.862 12309 26575 W CameraPipeCaptureResult: Please use unwrapAndroidObject to prevent the extra object wrapper.
09-15 21:50:51.892 12309 26575 W CAM_kma : RESULT_EXTENDED_FACE key is null
09-15 21:50:51.898 12309 26575 W CameraPipeCaptureResult: Please use unwrapAndroidObject to prevent the extra object wrapper.
09-15 21:50:51.926 12309 26575 W CAM_kma : RESULT_EXTENDED_FACE key is null
09-15 21:50:51.932 12309 26575 W CameraPipeCaptureResult: Please use unwrapAndroidObject to prevent the extra object wrapper.
09-15 21:50:51.959 12309 26575 W CAM_kma : RESULT_EXTENDED_FACE key is null
09-15 21:50:51.966 12309 26575 W CameraPipeCaptureResult: Please use unwrapAndroidObject to prevent the extra object wrapper.
09-15 21:50:51.993 12309 26575 W CAM_kma : RESULT_EXTENDED_FACE key is null
09-15 21:50:52.001 12309 26575 W CameraPipeCaptureResult: Please use unwrapAndroidObject to prevent the extra object wrapper.
09-15 21:50:52.028 12309 26575 W CAM_kma : RESULT_EXTENDED_FACE key is null
09-15 21:50:52.030 12309 26575 W CameraPipeCaptureResult: Please use unwrapAndroidObject to prevent the extra object wrapper.
09-15 21:50:52.060 12309 26575 W CAM_kma : RESULT_EXTENDED_FACE key is null
09-15 21:50:52.068 12309 26575 W CameraPipeCaptureResult: Please use unwrapAndroidObject to prevent the extra object wrapper.
09-15 21:50:52.093 12309 26575 W CAM_AutoFlashIndicator: No converged AE result for 31 frames,falling back to single-image auto-flash photo
09-15 21:50:52.094 12309 26575 W CAM_kma : RESULT_EXTENDED_FACE key is null
09-15 21:50:52.100 12309 26575 W CameraPipeCaptureResult: Please use unwrapAndroidObject to prevent the extra object wrapper.
09-15 21:50:52.127 12309 26575 W CAM_kma : RESULT_EXTENDED_FACE key is null
09-15 21:50:52.131 12309 26575 W CameraPipeCaptureResult: Please use unwrapAndroidObject to prevent the extra object wrapper.
09-15 21:50:52.159 12309 26575 W CAM_kma : RESULT_EXTENDED_FACE key is null
09-15 21:50:52.166 12309 26575 W CameraPipeCaptureResult: Please use unwrapAndroidObject to prevent the extra object wrapper.
09-15 21:50:52.194 12309 26575 W CAM_kma : RESULT_EXTENDED_FACE key is null
09-15 21:50:52.199 12309 26575 W CameraPipeCaptureResult: Please use unwrapAndroidObject to prevent the extra object wrapper.
09-15 21:50:52.228 12309 26575 W CAM_kma : RESULT_EXTENDED_FACE key is null
09-15 21:50:52.234 12309 26575 W CameraPipeCaptureResult: Please use unwrapAndroidObject to prevent the extra object wrapper.
09-15 21:50:52.261 12309 26575 W CAM_kma : RESULT_EXTENDED_FACE key is null
09-15 21:50:52.266 12309 26575 W CameraPipeCaptureResult: Please use unwrapAndroidObject to prevent the extra object wrapper.
09-15 21:50:52.297 12309 26575 W CAM_kma : RESULT_EXTENDED_FACE key is null
09-15 21:50:52.302 12309 26575 W CameraPipeCaptureResult: Please use unwrapAndroidObject to prevent the extra object wrapper.
09-15 21:50:52.330 12309 26575 W CAM_kma : RESULT_EXTENDED_FACE key is null
09-15 21:50:52.335 12309 26575 W CameraPipeCaptureResult: Please use unwrapAndroidObject to prevent the extra object wrapper.
09-15 21:50:52.364 12309 26575 W CAM_kma : RESULT_EXTENDED_FACE key is null
09-15 21:50:52.370 12309 26575 W CameraPipeCaptureResult: Please use unwrapAndroidObject to prevent the extra object wrapper.
09-15 21:50:52.396 12309 26575 W CAM_kma : RESULT_EXTENDED_FACE key is null
09-15 21:50:52.402 12309 26575 W CameraPipeCaptureResult: Please use unwrapAndroidObject to prevent the extra object wrapper.
09-15 21:50:52.414 12309 28163 E native  : E0000 00:00:1757944252.414868   28163 lens_offset.cc:141] timestamp 42649922730097 invalid. (1368411 ns away from the latest one). Note that this log prints at most once every 1 seconds
09-15 21:50:52.429 12309 26575 W CAM_kma : RESULT_EXTENDED_FACE key is null
09-15 21:50:52.434 12309 26575 W CameraPipeCaptureResult: Please use unwrapAndroidObject to prevent the extra object wrapper.
09-15 21:50:52.460 12309 26575 W CAM_kma : RESULT_EXTENDED_FACE key is null
09-15 21:50:52.465 12309 26575 W CameraPipeCaptureResult: Please use unwrapAndroidObject to prevent the extra object wrapper.
09-15 21:50:52.493 12309 26575 W CAM_kma : RESULT_EXTENDED_FACE key is null
09-15 21:50:52.498 12309 26575 W CameraPipeCaptureResult: Please use unwrapAndroidObject to prevent the extra object wrapper.
09-15 21:50:52.535 12309 26575 W CAM_kma : RESULT_EXTENDED_FACE key is null
09-15 21:50:52.536 12309 26575 W CameraPipeCaptureResult: Please use unwrapAndroidObject to prevent the extra object wrapper.
09-15 21:50:52.560 12309 26575 W CAM_kma : RESULT_EXTENDED_FACE key is null
09-15 21:50:52.566 12309 26575 W CameraPipeCaptureResult: Please use unwrapAndroidObject to prevent the extra object wrapper.
09-15 21:50:52.595 12309 26575 W CAM_kma : RESULT_EXTENDED_FACE key is null
09-15 21:50:52.599 12309 26575 W CameraPipeCaptureResult: Please use unwrapAndroidObject to prevent the extra object wrapper.
09-15 21:50:52.632 12309 26575 W CAM_kma : RESULT_EXTENDED_FACE key is null
09-15 21:50:52.638 12309 26575 W CameraPipeCaptureResult: Please use unwrapAndroidObject to prevent the extra object wrapper.
09-15 21:50:52.639 12309 12309 W VfeExecutor: type=1400 audit(0.0:68776): avc:  denied  { getattr } for  name="/" dev="dmabuf" ino=1 scontext=u:r:google_camera_app:s0:c183,c256,c512,c768 tcontext=u:object_r:unlabeled:s0 tclass=filesystem permissive=0 app=com.google.android.GoogleCamera
09-15 21:50:52.643 12309 12309 W VfeExecutor: type=1400 audit(0.0:68777): avc:  denied  { getattr } for  name="/" dev="dmabuf" ino=1 scontext=u:r:google_camera_app:s0:c183,c256,c512,c768 tcontext=u:object_r:unlabeled:s0 tclass=filesystem permissive=0 app=com.google.android.GoogleCamera
09-15 21:50:52.666 12309 26575 W CAM_kma : RESULT_EXTENDED_FACE key is null
09-15 21:50:52.669 12309 26575 W CameraPipeCaptureResult: Please use unwrapAndroidObject to prevent the extra object wrapper.
09-15 21:50:52.675 12309 12309 W VfeExecutor: type=1400 audit(0.0:68778): avc:  denied  { getattr } for  name="/" dev="dmabuf" ino=1 scontext=u:r:google_camera_app:s0:c183,c256,c512,c768 tcontext=u:object_r:unlabeled:s0 tclass=filesystem permissive=0 app=com.google.android.GoogleCamera
09-15 21:50:52.675 12309 12309 W VfeExecutor: type=1400 audit(0.0:68779): avc:  denied  { getattr } for  name="/" dev="dmabuf" ino=1 scontext=u:r:google_camera_app:s0:c183,c256,c512,c768 tcontext=u:object_r:unlabeled:s0 tclass=filesystem permissive=0 app=com.google.android.GoogleCamera
09-15 21:50:52.694 12309 26575 W CAM_kma : RESULT_EXTENDED_FACE key is null
09-15 21:50:52.695 12309 26699 W CAM_pob : Pet and BoH faces are not supported. [CONTEXT ratelimit_period="1 SECONDS" skipped=30 ]
09-15 21:50:52.700 12309 26575 W CameraPipeCaptureResult: Please use unwrapAndroidObject to prevent the extra object wrapper.
09-15 21:50:52.699 12309 12309 W VfeExecutor: type=1400 audit(0.0:68780): avc:  denied  { getattr } for  name="/" dev="dmabuf" ino=1 scontext=u:r:google_camera_app:s0:c183,c256,c512,c768 tcontext=u:object_r:unlabeled:s0 tclass=filesystem permissive=0 app=com.google.android.GoogleCamera
09-15 21:50:52.728 12309 26575 W CAM_kma : RESULT_EXTENDED_FACE key is null
09-15 21:50:52.731 12309 26575 W CameraPipeCaptureResult: Please use unwrapAndroidObject to prevent the extra object wrapper.
09-15 21:50:52.761 12309 26575 W CAM_kma : RESULT_EXTENDED_FACE key is null
09-15 21:50:52.765 12309 26575 W CameraPipeCaptureResult: Please use unwrapAndroidObject to prevent the extra object wrapper.
09-15 21:50:52.793 12309 26575 W CAM_kma : RESULT_EXTENDED_FACE key is null
09-15 21:50:52.802 12309 26575 W CameraPipeCaptureResult: Please use unwrapAndroidObject to prevent the extra object wrapper.
09-15 21:50:52.825 12309 26575 W CAM_kma : RESULT_EXTENDED_FACE key is null
09-15 21:50:52.831 12309 26575 W CameraPipeCaptureResult: Please use unwrapAndroidObject to prevent the extra object wrapper.
09-15 21:50:52.859 12309 26575 W CAM_kma : RESULT_EXTENDED_FACE key is null
09-15 21:50:52.870 12309 26575 W CameraPipeCaptureResult: Please use unwrapAndroidObject to prevent the extra object wrapper.
09-15 21:50:52.893 12309 26575 W CAM_kma : RESULT_EXTENDED_FACE key is null
09-15 21:50:52.898 12309 26575 W CameraPipeCaptureResult: Please use unwrapAndroidObject to prevent the extra object wrapper.
09-15 21:50:52.931 12309 26575 W CAM_kma : RESULT_EXTENDED_FACE key is null
09-15 21:50:52.931 12309 26575 W CameraPipeCaptureResult: Please use unwrapAndroidObject to prevent the extra object wrapper.
09-15 21:50:52.960 12309 26575 W CAM_kma : RESULT_EXTENDED_FACE key is null
09-15 21:50:52.965 12309 26575 W CameraPipeCaptureResult: Please use unwrapAndroidObject to prevent the extra object wrapper.
09-15 21:50:52.996 12309 26575 W CAM_kma : RESULT_EXTENDED_FACE key is null
09-15 21:50:52.998 12309 26575 W CameraPipeCaptureResult: Please use unwrapAndroidObject to prevent the extra object wrapper.
09-15 21:50:53.027 12309 26575 W CAM_kma : RESULT_EXTENDED_FACE key is null
09-15 21:50:53.035 12309 26575 W CameraPipeCaptureResult: Please use unwrapAndroidObject to prevent the extra object wrapper.
09-15 21:50:53.062 12309 26575 W CAM_kma : RESULT_EXTENDED_FACE key is null
09-15 21:50:53.067 12309 26575 W CameraPipeCaptureResult: Please use unwrapAndroidObject to prevent the extra object wrapper.
09-15 21:50:53.100 12309 26575 W CAM_kma : RESULT_EXTENDED_FACE key is null
09-15 21:50:53.101 12309 26575 W CameraPipeCaptureResult: Please use unwrapAndroidObject to prevent the extra object wrapper.
09-15 21:50:53.131 12309 26575 W CAM_kma : RESULT_EXTENDED_FACE key is null
09-15 21:50:53.133 12309 28175 I native  : I0000 00:00:1757944253.133622   28175 vio_fault_detector.cc:366] [VioFaultDetector] Not enough ransac inliers=22 ransac_inlier_ratio=0.0275 for duration: 99.992584ms.
09-15 21:50:53.136 12309 26575 W CameraPipeCaptureResult: Please use unwrapAndroidObject to prevent the extra object wrapper.
09-15 21:50:53.161 12309 26575 W CAM_kma : RESULT_EXTENDED_FACE key is null
09-15 21:50:53.166 12309 26575 W CameraPipeCaptureResult: Please use unwrapAndroidObject to prevent the extra object wrapper.
09-15 21:50:53.193 12309 26575 W CAM_kma : RESULT_EXTENDED_FACE key is null
09-15 21:50:53.199 12309 26575 W CameraPipeCaptureResult: Please use unwrapAndroidObject to prevent the extra object wrapper.
09-15 21:50:53.233 12309 26575 W CAM_kma : RESULT_EXTENDED_FACE key is null
09-15 21:50:53.234 12309 26575 W CameraPipeCaptureResult: Please use unwrapAndroidObject to prevent the extra object wrapper.
09-15 21:50:53.263 12309 26575 W CAM_kma : RESULT_EXTENDED_FACE key is null
09-15 21:50:53.268 12309 26575 W CameraPipeCaptureResult: Please use unwrapAndroidObject to prevent the extra object wrapper.
09-15 21:50:53.294 12309 26575 W CAM_kma : RESULT_EXTENDED_FACE key is null
09-15 21:50:53.299 12309 26575 W CameraPipeCaptureResult: Please use unwrapAndroidObject to prevent the extra object wrapper.
09-15 21:50:53.330 12309 26575 W CAM_kma : RESULT_EXTENDED_FACE key is null
09-15 21:50:53.335 12309 26575 W CameraPipeCaptureResult: Please use unwrapAndroidObject to prevent the extra object wrapper.
09-15 21:50:53.363 12309 26575 W CAM_kma : RESULT_EXTENDED_FACE key is null
09-15 21:50:53.368 12309 26575 W CameraPipeCaptureResult: Please use unwrapAndroidObject to prevent the extra object wrapper.
09-15 21:50:53.393 12309 26575 W CAM_kma : RESULT_EXTENDED_FACE key is null
09-15 21:50:53.398 12309 26575 W CameraPipeCaptureResult: Please use unwrapAndroidObject to prevent the extra object wrapper.
09-15 21:50:53.416 12309 28163 E native  : E0000 00:00:1757944253.416463   28163 lens_offset.cc:141] timestamp 42650922771213 invalid. (1494288 ns away from the latest one). Note that this log prints at most once every 1 seconds
09-15 21:50:53.427 12309 26575 W CAM_kma : RESULT_EXTENDED_FACE key is null
09-15 21:50:53.434 12309 26575 W CameraPipeCaptureResult: Please use unwrapAndroidObject to prevent the extra object wrapper.
09-15 21:50:53.462 12309 26575 W CAM_kma : RESULT_EXTENDED_FACE key is null
09-15 21:50:53.466 12309 26575 W CameraPipeCaptureResult: Please use unwrapAndroidObject to prevent the extra object wrapper.
09-15 21:50:53.494 12309 26575 W CAM_kma : RESULT_EXTENDED_FACE key is null
09-15 21:50:53.498 12309 26575 W CameraPipeCaptureResult: Please use unwrapAndroidObject to prevent the extra object wrapper.
09-15 21:50:53.527 12309 26575 W CAM_kma : RESULT_EXTENDED_FACE key is null
09-15 21:50:53.532 12309 26575 W CameraPipeCaptureResult: Please use unwrapAndroidObject to prevent the extra object wrapper.
09-15 21:50:53.562 12309 26575 W CAM_kma : RESULT_EXTENDED_FACE key is null
09-15 21:50:53.566 12309 26575 W CameraPipeCaptureResult: Please use unwrapAndroidObject to prevent the extra object wrapper.
09-15 21:50:53.595 12309 26575 W CAM_kma : RESULT_EXTENDED_FACE key is null
09-15 21:50:53.600 12309 26575 W CameraPipeCaptureResult: Please use unwrapAndroidObject to prevent the extra object wrapper.
09-15 21:50:53.629 12309 26575 W CAM_kma : RESULT_EXTENDED_FACE key is null
09-15 21:50:53.632 12309 26575 W CameraPipeCaptureResult: Please use unwrapAndroidObject to prevent the extra object wrapper.
09-15 21:50:53.662 12309 26575 W CAM_kma : RESULT_EXTENDED_FACE key is null
09-15 21:50:53.663 12309 12309 W VfeExecutor: type=1400 audit(0.0:68838): avc:  denied  { getattr } for  name="/" dev="dmabuf" ino=1 scontext=u:r:google_camera_app:s0:c183,c256,c512,c768 tcontext=u:object_r:unlabeled:s0 tclass=filesystem permissive=0 app=com.google.android.GoogleCamera
09-15 21:50:53.663 12309 12309 W VfeExecutor: type=1400 audit(0.0:68839): avc:  denied  { getattr } for  name="/" dev="dmabuf" ino=1 scontext=u:r:google_camera_app:s0:c183,c256,c512,c768 tcontext=u:object_r:unlabeled:s0 tclass=filesystem permissive=0 app=com.google.android.GoogleCamera
09-15 21:50:53.665 12309 26575 W CameraPipeCaptureResult: Please use unwrapAndroidObject to prevent the extra object wrapper.
09-15 21:50:53.697 12309 26575 W CAM_kma : RESULT_EXTENDED_FACE key is null
09-15 21:50:53.697 12309 26699 W CAM_pob : Pet and BoH faces are not supported. [CONTEXT ratelimit_period="1 SECONDS" skipped=29 ]
09-15 21:50:53.701 12309 26575 W CameraPipeCaptureResult: Please use unwrapAndroidObject to prevent the extra object wrapper.
09-15 21:50:53.703 12309 12309 W VfeExecutor: type=1400 audit(0.0:68840): avc:  denied  { getattr } for  name="/" dev="dmabuf" ino=1 scontext=u:r:google_camera_app:s0:c183,c256,c512,c768 tcontext=u:object_r:unlabeled:s0 tclass=filesystem permissive=0 app=com.google.android.GoogleCamera
09-15 21:50:53.703 12309 12309 W VfeExecutor: type=1400 audit(0.0:68841): avc:  denied  { getattr } for  name="/" dev="dmabuf" ino=1 scontext=u:r:google_camera_app:s0:c183,c256,c512,c768 tcontext=u:object_r:unlabeled:s0 tclass=filesystem permissive=0 app=com.google.android.GoogleCamera
09-15 21:50:53.730 12309 26575 W CAM_kma : RESULT_EXTENDED_FACE key is null
09-15 21:50:53.733 12309 26575 W CameraPipeCaptureResult: Please use unwrapAndroidObject to prevent the extra object wrapper.
09-15 21:50:53.735 12309 12309 W VfeExecutor: type=1400 audit(0.0:68842): avc:  denied  { getattr } for  name="/" dev="dmabuf" ino=1 scontext=u:r:google_camera_app:s0:c183,c256,c512,c768 tcontext=u:object_r:unlabeled:s0 tclass=filesystem permissive=0 app=com.google.android.GoogleCamera
09-15 21:50:53.756 12309 26752 D AidlBufferPool: bufferpool2 0xb40000789afe1098 : 5(384000 size) total buffers - 3(230400 size) used buffers - 0/5 (recycle/alloc) - 0/0 (fetch/transfer)
09-15 21:50:53.756 12309 26752 D AidlBufferPoolAcc: evictor expired: 2, evicted: 1
09-15 21:50:53.762 12309 26575 W CAM_kma : RESULT_EXTENDED_FACE key is null
09-15 21:50:53.768 12309 26575 W CameraPipeCaptureResult: Please use unwrapAndroidObject to prevent the extra object wrapper.
09-15 21:50:53.794 12309 26575 W CAM_kma : RESULT_EXTENDED_FACE key is null
09-15 21:50:53.799 12309 26575 W CameraPipeCaptureResult: Please use unwrapAndroidObject to prevent the extra object wrapper.
09-15 21:50:53.828 12309 26575 W CAM_kma : RESULT_EXTENDED_FACE key is null
09-15 21:50:53.834 12309 26575 W CameraPipeCaptureResult: Please use unwrapAndroidObject to prevent the extra object wrapper.
09-15 21:50:53.862 12309 26575 W CAM_kma : RESULT_EXTENDED_FACE key is null
09-15 21:50:53.868 12309 26575 W CameraPipeCaptureResult: Please use unwrapAndroidObject to prevent the extra object wrapper.
09-15 21:50:53.896 12309 26575 W CAM_kma : RESULT_EXTENDED_FACE key is null
09-15 21:50:53.898 12309 26575 W CameraPipeCaptureResult: Please use unwrapAndroidObject to prevent the extra object wrapper.
09-15 21:50:53.933 12309 26575 W CAM_kma : RESULT_EXTENDED_FACE key is null
09-15 21:50:53.934 12309 26575 W CameraPipeCaptureResult: Please use unwrapAndroidObject to prevent the extra object wrapper.
09-15 21:50:53.961 12309 26575 W CAM_kma : RESULT_EXTENDED_FACE key is null
09-15 21:50:53.965 12309 26575 W CameraPipeCaptureResult: Please use unwrapAndroidObject to prevent the extra object wrapper.
09-15 21:50:53.995 12309 26575 W CAM_kma : RESULT_EXTENDED_FACE key is null
09-15 21:50:53.999 12309 26575 W CameraPipeCaptureResult: Please use unwrapAndroidObject to prevent the extra object wrapper.
09-15 21:50:54.028 12309 26575 W CAM_kma : RESULT_EXTENDED_FACE key is null
09-15 21:50:54.033 12309 26575 W CameraPipeCaptureResult: Please use unwrapAndroidObject to prevent the extra object wrapper.
09-15 21:50:54.063 12309 26575 W CAM_kma : RESULT_EXTENDED_FACE key is null
09-15 21:50:54.068 12309 26575 W CameraPipeCaptureResult: Please use unwrapAndroidObject to prevent the extra object wrapper.
09-15 21:50:54.093 12309 26575 W CAM_kma : RESULT_EXTENDED_FACE key is null
09-15 21:50:54.099 12309 26575 W CameraPipeCaptureResult: Please use unwrapAndroidObject to prevent the extra object wrapper.
09-15 21:50:54.130 12309 26575 W CAM_kma : RESULT_EXTENDED_FACE key is null
09-15 21:50:54.134 12309 26575 W CameraPipeCaptureResult: Please use unwrapAndroidObject to prevent the extra object wrapper.
09-15 21:50:54.161 12309 26575 W CAM_kma : RESULT_EXTENDED_FACE key is null
09-15 21:50:54.169 12309 26575 W CameraPipeCaptureResult: Please use unwrapAndroidObject to prevent the extra object wrapper.
09-15 21:50:54.195 12309 26575 W CAM_kma : RESULT_EXTENDED_FACE key is null
09-15 21:50:54.200 12309 26575 W CameraPipeCaptureResult: Please use unwrapAndroidObject to prevent the extra object wrapper.
09-15 21:50:54.237 12309 26575 W CAM_kma : RESULT_EXTENDED_FACE key is null
09-15 21:50:54.242 12309 26575 W CameraPipeCaptureResult: Please use unwrapAndroidObject to prevent the extra object wrapper.
09-15 21:50:54.263 12309 26575 W CAM_kma : RESULT_EXTENDED_FACE key is null
09-15 21:50:54.268 12309 26575 W CameraPipeCaptureResult: Please use unwrapAndroidObject to prevent the extra object wrapper.
09-15 21:50:54.300 12309 26575 W CAM_kma : RESULT_EXTENDED_FACE key is null
09-15 21:50:54.304 12309 26575 W CameraPipeCaptureResult: Please use unwrapAndroidObject to prevent the extra object wrapper.
09-15 21:50:54.333 12309 26575 W CAM_kma : RESULT_EXTENDED_FACE key is null
09-15 21:50:54.338 12309 26575 W CameraPipeCaptureResult: Please use unwrapAndroidObject to prevent the extra object wrapper.
09-15 21:50:54.362 12309 26575 W CAM_kma : RESULT_EXTENDED_FACE key is null
09-15 21:50:54.367 12309 26575 W CameraPipeCaptureResult: Please use unwrapAndroidObject to prevent the extra object wrapper.
09-15 21:50:54.394 12309 26575 W CAM_kma : RESULT_EXTENDED_FACE key is null
09-15 21:50:54.400 12309 26575 W CameraPipeCaptureResult: Please use unwrapAndroidObject to prevent the extra object wrapper.
09-15 21:50:54.418 12309 28163 E native  : E0000 00:00:1757944254.418189   28163 lens_offset.cc:141] timestamp 42651922978630 invalid. (1722908 ns away from the latest one). Note that this log prints at most once every 1 seconds
09-15 21:50:54.435 12309 26575 W CAM_kma : RESULT_EXTENDED_FACE key is null
09-15 21:50:54.438 12309 26575 W CameraPipeCaptureResult: Please use unwrapAndroidObject to prevent the extra object wrapper.
09-15 21:50:54.462 12309 26575 W CAM_kma : RESULT_EXTENDED_FACE key is null
09-15 21:50:54.467 12309 26575 W CameraPipeCaptureResult: Please use unwrapAndroidObject to prevent the extra object wrapper.
09-15 21:50:54.496 12309 26575 W CAM_kma : RESULT_EXTENDED_FACE key is null
09-15 21:50:54.501 12309 26575 W CameraPipeCaptureResult: Please use unwrapAndroidObject to prevent the extra object wrapper.
09-15 21:50:54.531 12309 26575 W CAM_kma : RESULT_EXTENDED_FACE key is null
09-15 21:50:54.533 12309 26575 W CameraPipeCaptureResult: Please use unwrapAndroidObject to prevent the extra object wrapper.
09-15 21:50:54.562 12309 26575 W CAM_kma : RESULT_EXTENDED_FACE key is null
09-15 21:50:54.569 12309 26575 W CameraPipeCaptureResult: Please use unwrapAndroidObject to prevent the extra object wrapper.
09-15 21:50:54.595 12309 26575 W CAM_kma : RESULT_EXTENDED_FACE key is null
09-15 21:50:54.599 12309 26575 W CameraPipeCaptureResult: Please use unwrapAndroidObject to prevent the extra object wrapper.
09-15 21:50:54.631 12309 26575 W CAM_kma : RESULT_EXTENDED_FACE key is null
09-15 21:50:54.632 12309 26575 W CameraPipeCaptureResult: Please use unwrapAndroidObject to prevent the extra object wrapper.
09-15 21:50:54.659 12309 26575 W CAM_kma : RESULT_EXTENDED_FACE key is null
09-15 21:50:54.667 12309 12309 W VfeExecutor: type=1400 audit(0.0:68898): avc:  denied  { getattr } for  name="/" dev="dmabuf" ino=1 scontext=u:r:google_camera_app:s0:c183,c256,c512,c768 tcontext=u:object_r:unlabeled:s0 tclass=filesystem permissive=0 app=com.google.android.GoogleCamera
09-15 21:50:54.669 12309 26575 W CameraPipeCaptureResult: Please use unwrapAndroidObject to prevent the extra object wrapper.
09-15 21:50:54.671 12309 12309 W VfeExecutor: type=1400 audit(0.0:68899): avc:  denied  { getattr } for  name="/" dev="dmabuf" ino=1 scontext=u:r:google_camera_app:s0:c183,c256,c512,c768 tcontext=u:object_r:unlabeled:s0 tclass=filesystem permissive=0 app=com.google.android.GoogleCamera
09-15 21:50:54.694 12309 26575 W CAM_kma : RESULT_EXTENDED_FACE key is null
09-15 21:50:54.699 12309 26575 W CameraPipeCaptureResult: Please use unwrapAndroidObject to prevent the extra object wrapper.
09-15 21:50:54.699 12309 12309 W VfeExecutor: type=1400 audit(0.0:68900): avc:  denied  { getattr } for  name="/" dev="dmabuf" ino=1 scontext=u:r:google_camera_app:s0:c183,c256,c512,c768 tcontext=u:object_r:unlabeled:s0 tclass=filesystem permissive=0 app=com.google.android.GoogleCamera
09-15 21:50:54.699 12309 12309 W VfeExecutor: type=1400 audit(0.0:68901): avc:  denied  { getattr } for  name="/" dev="dmabuf" ino=1 scontext=u:r:google_camera_app:s0:c183,c256,c512,c768 tcontext=u:object_r:unlabeled:s0 tclass=filesystem permissive=0 app=com.google.android.GoogleCamera
09-15 21:50:54.731 12309 26575 W CAM_kma : RESULT_EXTENDED_FACE key is null
09-15 21:50:54.732 12309 26699 W CAM_pob : Pet and BoH faces are not supported. [CONTEXT ratelimit_period="1 SECONDS" skipped=30 ]
09-15 21:50:54.733 12309 26575 W CameraPipeCaptureResult: Please use unwrapAndroidObject to prevent the extra object wrapper.
09-15 21:50:54.731 12309 12309 W VfeExecutor: type=1400 audit(0.0:68902): avc:  denied  { getattr } for  name="/" dev="dmabuf" ino=1 scontext=u:r:google_camera_app:s0:c183,c256,c512,c768 tcontext=u:object_r:unlabeled:s0 tclass=filesystem permissive=0 app=com.google.android.GoogleCamera
09-15 21:50:54.760 12309 26752 D AidlBufferPoolAcc: evictor expired: 3, evicted: 0
09-15 21:50:54.763 12309 26575 W CAM_kma : RESULT_EXTENDED_FACE key is null
09-15 21:50:54.767 12309 26575 W CameraPipeCaptureResult: Please use unwrapAndroidObject to prevent the extra object wrapper.
09-15 21:50:54.795 12309 26575 W CAM_kma : RESULT_EXTENDED_FACE key is null
09-15 21:50:54.800 12309 26575 W CameraPipeCaptureResult: Please use unwrapAndroidObject to prevent the extra object wrapper.
09-15 21:50:54.833 12309 28175 I native  : I0000 00:00:1757944254.833003   28175 vio_fault_detector.cc:366] [VioFaultDetector] Not enough ransac inliers=6 ransac_inlier_ratio=0.0075 for duration: 99.9729ms.
09-15 21:50:54.834 12309 26575 W CAM_kma : RESULT_EXTENDED_FACE key is null
09-15 21:50:54.838 12309 26575 W CameraPipeCaptureResult: Please use unwrapAndroidObject to prevent the extra object wrapper.
09-15 21:50:54.862 12309 26575 W CAM_kma : RESULT_EXTENDED_FACE key is null
09-15 21:50:54.876 12309 26575 W CameraPipeCaptureResult: Please use unwrapAndroidObject to prevent the extra object wrapper.
09-15 21:50:54.899 12309 26575 W CAM_kma : RESULT_EXTENDED_FACE key is null
09-15 21:50:54.902 12309 26575 W CameraPipeCaptureResult: Please use unwrapAndroidObject to prevent the extra object wrapper.
09-15 21:50:54.928 12309 26575 W CAM_kma : RESULT_EXTENDED_FACE key is null
09-15 21:50:54.932 12309 26575 W CameraPipeCaptureResult: Please use unwrapAndroidObject to prevent the extra object wrapper.
09-15 21:50:54.960 12309 26575 W CAM_kma : RESULT_EXTENDED_FACE key is null
09-15 21:50:54.966 12309 26575 W CameraPipeCaptureResult: Please use unwrapAndroidObject to prevent the extra object wrapper.
09-15 21:50:54.993 12309 26575 W CAM_kma : RESULT_EXTENDED_FACE key is null
09-15 21:50:54.997 12309 26575 W CameraPipeCaptureResult: Please use unwrapAndroidObject to prevent the extra object wrapper.
09-15 21:50:55.033 12309 26575 W CAM_kma : RESULT_EXTENDED_FACE key is null
09-15 21:50:55.038 12309 26575 W CameraPipeCaptureResult: Please use unwrapAndroidObject to prevent the extra object wrapper.
09-15 21:50:55.063 12309 26575 W CAM_kma : RESULT_EXTENDED_FACE key is null
09-15 21:50:55.068 12309 26575 W CameraPipeCaptureResult: Please use unwrapAndroidObject to prevent the extra object wrapper.
09-15 21:50:55.094 12309 26575 W CAM_kma : RESULT_EXTENDED_FACE key is null
09-15 21:50:55.100 12309 26575 W CameraPipeCaptureResult: Please use unwrapAndroidObject to prevent the extra object wrapper.
09-15 21:50:55.128 12309 26575 W CAM_kma : RESULT_EXTENDED_FACE key is null
09-15 21:50:55.133 12309 26575 W CameraPipeCaptureResult: Please use unwrapAndroidObject to prevent the extra object wrapper.
09-15 21:50:55.161 12309 26575 W CAM_kma : RESULT_EXTENDED_FACE key is null
09-15 21:50:55.164 12309 26575 W CameraPipeCaptureResult: Please use unwrapAndroidObject to prevent the extra object wrapper.
09-15 21:50:55.196 12309 26575 W CAM_AutoFlashIndicator: No converged AE result for 31 frames,falling back to single-image auto-flash photo
09-15 21:50:55.197 12309 26575 W CAM_kma : RESULT_EXTENDED_FACE key is null
09-15 21:50:55.200 12309 26575 W CameraPipeCaptureResult: Please use unwrapAndroidObject to prevent the extra object wrapper.
09-15 21:50:55.229 12309 26575 W CAM_kma : RESULT_EXTENDED_FACE key is null
09-15 21:50:55.233 12309 26575 W CameraPipeCaptureResult: Please use unwrapAndroidObject to prevent the extra object wrapper.
09-15 21:50:55.261 12309 26575 W CAM_kma : RESULT_EXTENDED_FACE key is null
09-15 21:50:55.266 12309 26575 W CameraPipeCaptureResult: Please use unwrapAndroidObject to prevent the extra object wrapper.
09-15 21:50:55.296 12309 26575 W CAM_kma : RESULT_EXTENDED_FACE key is null
09-15 21:50:55.301 12309 26575 W CameraPipeCaptureResult: Please use unwrapAndroidObject to prevent the extra object wrapper.
09-15 21:50:55.331 12309 26575 W CAM_kma : RESULT_EXTENDED_FACE key is null
09-15 21:50:55.333 12309 26575 W CameraPipeCaptureResult: Please use unwrapAndroidObject to prevent the extra object wrapper.
09-15 21:50:55.362 12309 26575 W CAM_kma : RESULT_EXTENDED_FACE key is null
09-15 21:50:55.369 12309 26575 W CameraPipeCaptureResult: Please use unwrapAndroidObject to prevent the extra object wrapper.
09-15 21:50:55.394 12309 26575 W CAM_kma : RESULT_EXTENDED_FACE key is null
