09-15 14:23:26.664 12309 26575 W CAM_kma : RESULT_EXTENDED_FACE key is null
09-15 14:23:26.665 12309 26575 W CameraPipeCaptureResult: Please use unwrapAndroidObject to prevent the extra object wrapper.
09-15 14:23:26.695 12309 26575 W CAM_kma : RESULT_EXTENDED_FACE key is null
09-15 14:23:26.699 12309 26575 W CameraPipeCaptureResult: Please use unwrapAndroidObject to prevent the extra object wrapper.
09-15 14:23:26.730 12309 26575 W CAM_kma : RESULT_EXTENDED_FACE key is null
09-15 14:23:26.734 12309 26575 W CameraPipeCaptureResult: Please use unwrapAndroidObject to prevent the extra object wrapper.
09-15 14:23:26.762 12309 26575 W CAM_kma : RESULT_EXTENDED_FACE key is null
09-15 14:23:26.767 12309 26575 W CameraPipeCaptureResult: Please use unwrapAndroidObject to prevent the extra object wrapper.
09-15 14:23:26.797 12309 26575 W CAM_kma : RESULT_EXTENDED_FACE key is null
09-15 14:23:26.801 12309 26575 W CameraPipeCaptureResult: Please use unwrapAndroidObject to prevent the extra object wrapper.
09-15 14:23:26.832 12309 26575 W CAM_kma : RESULT_EXTENDED_FACE key is null
09-15 14:23:26.835 12309 26575 W CameraPipeCaptureResult: Please use unwrapAndroidObject to prevent the extra object wrapper.
09-15 14:23:26.867 12309 26575 W CAM_kma : RESULT_EXTENDED_FACE key is null
09-15 14:23:26.870 12309 26575 W CameraPipeCaptureResult: Please use unwrapAndroidObject to prevent the extra object wrapper.
09-15 14:23:26.898 12309 26575 W CAM_kma : RESULT_EXTENDED_FACE key is null
09-15 14:23:26.902 12309 26575 W CameraPipeCaptureResult: Please use unwrapAndroidObject to prevent the extra object wrapper.
09-15 14:23:26.934 12309 26575 W CAM_kma : RESULT_EXTENDED_FACE key is null
09-15 14:23:26.935 12309 26575 W CameraPipeCaptureResult: Please use unwrapAndroidObject to prevent the extra object wrapper.
09-15 14:23:26.947 12309 10725 E native  : E0000 00:00:1757917406.947334   10725 lens_offset.cc:141] timestamp 15804455015349 invalid. (1863871 ns away from the latest one). Note that this log prints at most once every 1 seconds
09-15 14:23:26.966 12309 26575 W CAM_kma : RESULT_EXTENDED_FACE key is null
09-15 14:23:27.004 12309 26575 W CameraPipeCaptureResult: Please use unwrapAndroidObject to prevent the extra object wrapper.
09-15 14:23:27.007 12309 26575 W CAM_kma : RESULT_EXTENDED_FACE key is null
09-15 14:23:27.007 12309 26575 W CameraPipeCaptureResult: Please use unwrapAndroidObject to prevent the extra object wrapper.
09-15 14:23:27.033 12309 26575 W CAM_kma : RESULT_EXTENDED_FACE key is null
09-15 14:23:27.036 12309 26575 W CameraPipeCaptureResult: Please use unwrapAndroidObject to prevent the extra object wrapper.
09-15 14:23:27.067 12309 26575 W CAM_kma : RESULT_EXTENDED_FACE key is null
09-15 14:23:27.071 12309 26575 W CameraPipeCaptureResult: Please use unwrapAndroidObject to prevent the extra object wrapper.
09-15 14:23:27.098 12309 26575 W CAM_kma : RESULT_EXTENDED_FACE key is null
09-15 14:23:27.103 12309 26575 W CameraPipeCaptureResult: Please use unwrapAndroidObject to prevent the extra object wrapper.
09-15 14:23:27.135 12309 26575 W CAM_kma : RESULT_EXTENDED_FACE key is null
09-15 14:23:27.136 12309 26575 W CameraPipeCaptureResult: Please use unwrapAndroidObject to prevent the extra object wrapper.
09-15 14:23:27.169 12309 26575 W CAM_kma : RESULT_EXTENDED_FACE key is null
09-15 14:23:27.169 12309 26575 W CameraPipeCaptureResult: Please use unwrapAndroidObject to prevent the extra object wrapper.
09-15 14:23:27.198 12309 26575 W CAM_kma : RESULT_EXTENDED_FACE key is null
09-15 14:23:27.203 12309 26575 W CameraPipeCaptureResult: Please use unwrapAndroidObject to prevent the extra object wrapper.
09-15 14:23:27.234 12309 26575 W CAM_kma : RESULT_EXTENDED_FACE key is null
09-15 14:23:27.237 12309 26575 W CameraPipeCaptureResult: Please use unwrapAndroidObject to prevent the extra object wrapper.
09-15 14:23:27.267 12309 26575 W CAM_kma : RESULT_EXTENDED_FACE key is null
09-15 14:23:27.267 12309 26575 W CameraPipeCaptureResult: Please use unwrapAndroidObject to prevent the extra object wrapper.
09-15 14:23:27.294 12309 26575 W CAM_kma : RESULT_EXTENDED_FACE key is null
09-15 14:23:27.300 12309 26575 W CameraPipeCaptureResult: Please use unwrapAndroidObject to prevent the extra object wrapper.
09-15 14:23:27.334 12309 26575 W CAM_kma : RESULT_EXTENDED_FACE key is null
09-15 14:23:27.335 12309 26575 W CameraPipeCaptureResult: Please use unwrapAndroidObject to prevent the extra object wrapper.
09-15 14:23:27.363 12309 26575 W CAM_kma : RESULT_EXTENDED_FACE key is null
09-15 14:23:27.401 12309 26575 W CameraPipeCaptureResult: Please use unwrapAndroidObject to prevent the extra object wrapper.
09-15 14:23:27.405 12309 26575 W CAM_kma : RESULT_EXTENDED_FACE key is null
09-15 14:23:27.406 12309 26575 W CameraPipeCaptureResult: Please use unwrapAndroidObject to prevent the extra object wrapper.
09-15 14:23:27.434 12309 26575 W CAM_kma : RESULT_EXTENDED_FACE key is null
09-15 14:23:27.438 12309 26575 W CameraPipeCaptureResult: Please use unwrapAndroidObject to prevent the extra object wrapper.
09-15 14:23:27.471 12309 26575 W CAM_kma : RESULT_EXTENDED_FACE key is null
09-15 14:23:27.472 12309 26575 W CameraPipeCaptureResult: Please use unwrapAndroidObject to prevent the extra object wrapper.
09-15 14:23:27.500 12309 26575 W CAM_kma : RESULT_EXTENDED_FACE key is null
09-15 14:23:27.503 12309 26575 W CameraPipeCaptureResult: Please use unwrapAndroidObject to prevent the extra object wrapper.
09-15 14:23:27.532 12309 26575 W CAM_kma : RESULT_EXTENDED_FACE key is null
09-15 14:23:27.535 12309 26575 W CameraPipeCaptureResult: Please use unwrapAndroidObject to prevent the extra object wrapper.
09-15 14:23:27.533 12309 12309 W VfeExecutor: type=1400 audit(0.0:22975): avc:  denied  { getattr } for  name="/" dev="dmabuf" ino=1 scontext=u:r:google_camera_app:s0:c183,c256,c512,c768 tcontext=u:object_r:unlabeled:s0 tclass=filesystem permissive=0 app=com.google.android.GoogleCamera
09-15 14:23:27.537 12309 12309 W VfeExecutor: type=1400 audit(0.0:22976): avc:  denied  { getattr } for  name="/" dev="dmabuf" ino=1 scontext=u:r:google_camera_app:s0:c183,c256,c512,c768 tcontext=u:object_r:unlabeled:s0 tclass=filesystem permissive=0 app=com.google.android.GoogleCamera
09-15 14:23:27.566 12309 26575 W CAM_kma : RESULT_EXTENDED_FACE key is null
09-15 14:23:27.571 12309 26575 W CameraPipeCaptureResult: Please use unwrapAndroidObject to prevent the extra object wrapper.
09-15 14:23:27.569 12309 12309 W VfeExecutor: type=1400 audit(0.0:22977): avc:  denied  { getattr } for  name="/" dev="dmabuf" ino=1 scontext=u:r:google_camera_app:s0:c183,c256,c512,c768 tcontext=u:object_r:unlabeled:s0 tclass=filesystem permissive=0 app=com.google.android.GoogleCamera
09-15 14:23:27.569 12309 12309 W VfeExecutor: type=1400 audit(0.0:22978): avc:  denied  { getattr } for  name="/" dev="dmabuf" ino=1 scontext=u:r:google_camera_app:s0:c183,c256,c512,c768 tcontext=u:object_r:unlabeled:s0 tclass=filesystem permissive=0 app=com.google.android.GoogleCamera
09-15 14:23:27.600 12309 26575 W CAM_kma : RESULT_EXTENDED_FACE key is null
09-15 14:23:27.604 12309 26575 W CameraPipeCaptureResult: Please use unwrapAndroidObject to prevent the extra object wrapper.
09-15 14:23:27.601 12309 12309 W VfeExecutor: type=1400 audit(0.0:22979): avc:  denied  { getattr } for  name="/" dev="dmabuf" ino=1 scontext=u:r:google_camera_app:s0:c183,c256,c512,c768 tcontext=u:object_r:unlabeled:s0 tclass=filesystem permissive=0 app=com.google.android.GoogleCamera
09-15 14:23:27.631 12309 26575 W CAM_kma : RESULT_EXTENDED_FACE key is null
09-15 14:23:27.635 12309 26575 W CameraPipeCaptureResult: Please use unwrapAndroidObject to prevent the extra object wrapper.
09-15 14:23:27.650 12309 26981 W CAM_pob : Pet and BoH faces are not supported. [CONTEXT ratelimit_period="1 SECONDS" skipped=59 ]
09-15 14:23:27.665 12309 26575 W CAM_kma : RESULT_EXTENDED_FACE key is null
09-15 14:23:27.669 12309 26575 W CameraPipeCaptureResult: Please use unwrapAndroidObject to prevent the extra object wrapper.
09-15 14:23:27.696 12309 26575 W CAM_kma : RESULT_EXTENDED_FACE key is null
09-15 14:23:27.699 12309 26575 W CameraPipeCaptureResult: Please use unwrapAndroidObject to prevent the extra object wrapper.
09-15 14:23:27.729 12309 26575 W CAM_kma : RESULT_EXTENDED_FACE key is null
09-15 14:23:27.734 12309 26575 W CameraPipeCaptureResult: Please use unwrapAndroidObject to prevent the extra object wrapper.
09-15 14:23:27.763 12309 26575 W CAM_kma : RESULT_EXTENDED_FACE key is null
09-15 14:23:27.766 12309 26575 W CameraPipeCaptureResult: Please use unwrapAndroidObject to prevent the extra object wrapper.
09-15 14:23:27.797 12309 26575 W CAM_kma : RESULT_EXTENDED_FACE key is null
09-15 14:23:27.801 12309 26575 W CameraPipeCaptureResult: Please use unwrapAndroidObject to prevent the extra object wrapper.
09-15 14:23:27.833 12309 26575 W CAM_kma : RESULT_EXTENDED_FACE key is null
09-15 14:23:27.836 12309 26575 W CameraPipeCaptureResult: Please use unwrapAndroidObject to prevent the extra object wrapper.
09-15 14:23:27.867 12309 26575 W CAM_kma : RESULT_EXTENDED_FACE key is null
09-15 14:23:27.868 12309 26575 W CameraPipeCaptureResult: Please use unwrapAndroidObject to prevent the extra object wrapper.
09-15 14:23:27.902 12309 26575 W CAM_kma : RESULT_EXTENDED_FACE key is null
09-15 14:23:27.907 12309 26575 W CameraPipeCaptureResult: Please use unwrapAndroidObject to prevent the extra object wrapper.
09-15 14:23:27.934 12309 26575 W CAM_kma : RESULT_EXTENDED_FACE key is null
09-15 14:23:27.937 12309 26575 W CameraPipeCaptureResult: Please use unwrapAndroidObject to prevent the extra object wrapper.
09-15 14:23:27.967 12309 26575 W CAM_kma : RESULT_EXTENDED_FACE key is null
09-15 14:23:27.973 12309 26575 W CameraPipeCaptureResult: Please use unwrapAndroidObject to prevent the extra object wrapper.
09-15 14:23:27.997 12309 26575 W CAM_kma : RESULT_EXTENDED_FACE key is null
09-15 14:23:28.003 12309 26575 W CameraPipeCaptureResult: Please use unwrapAndroidObject to prevent the extra object wrapper.
09-15 14:23:28.032 12309 26575 W CAM_kma : RESULT_EXTENDED_FACE key is null
09-15 14:23:28.034 12309 26575 W CameraPipeCaptureResult: Please use unwrapAndroidObject to prevent the extra object wrapper.
09-15 14:23:28.085 12309 26575 W CAM_kma : RESULT_EXTENDED_FACE key is null
09-15 14:23:28.085 12309 26575 W CameraPipeCaptureResult: Please use unwrapAndroidObject to prevent the extra object wrapper.
09-15 14:23:28.103 12309 26575 W CAM_kma : RESULT_EXTENDED_FACE key is null
09-15 14:23:28.104 12309 26575 W CameraPipeCaptureResult: Please use unwrapAndroidObject to prevent the extra object wrapper.
09-15 14:23:28.134 12309 26575 W CAM_kma : RESULT_EXTENDED_FACE key is null
09-15 14:23:28.135 12309 26575 W CameraPipeCaptureResult: Please use unwrapAndroidObject to prevent the extra object wrapper.
09-15 14:23:28.168 12309 26575 W CAM_kma : RESULT_EXTENDED_FACE key is null
09-15 14:23:28.169 12309 26575 W CameraPipeCaptureResult: Please use unwrapAndroidObject to prevent the extra object wrapper.
09-15 14:23:28.199 12309 26575 W CAM_kma : RESULT_EXTENDED_FACE key is null
09-15 14:23:28.204 12309 26575 W CameraPipeCaptureResult: Please use unwrapAndroidObject to prevent the extra object wrapper.
09-15 14:23:28.232 12309 26575 W CAM_kma : RESULT_EXTENDED_FACE key is null
09-15 14:23:28.235 12309 26575 W CameraPipeCaptureResult: Please use unwrapAndroidObject to prevent the extra object wrapper.
09-15 14:23:28.247 12309 10725 E native  : E0000 00:00:1757917408.247799   10725 lens_offset.cc:141] timestamp 15805756169738 invalid. (2941677 ns away from the latest one). Note that this log prints at most once every 1 seconds
09-15 14:23:28.270 12309 26575 W CAM_kma : RESULT_EXTENDED_FACE key is null
09-15 14:23:28.271 12309 26575 W CameraPipeCaptureResult: Please use unwrapAndroidObject to prevent the extra object wrapper.
09-15 14:23:28.295 12309 26575 W CAM_kma : RESULT_EXTENDED_FACE key is null
09-15 14:23:28.299 12309 26575 W CameraPipeCaptureResult: Please use unwrapAndroidObject to prevent the extra object wrapper.
09-15 14:23:28.329 12309 26575 W CAM_kma : RESULT_EXTENDED_FACE key is null
09-15 14:23:28.348 12309 26575 W CameraPipeCaptureResult: Please use unwrapAndroidObject to prevent the extra object wrapper.
09-15 14:23:28.365 12309 26575 W CAM_kma : RESULT_EXTENDED_FACE key is null
09-15 14:23:28.392 12309 26575 W CameraPipeCaptureResult: Please use unwrapAndroidObject to prevent the extra object wrapper.
09-15 14:23:28.398 12309 26575 W CAM_kma : RESULT_EXTENDED_FACE key is null
09-15 14:23:28.400 12309 26575 W CameraPipeCaptureResult: Please use unwrapAndroidObject to prevent the extra object wrapper.
09-15 14:23:28.432 12309 26575 W CAM_kma : RESULT_EXTENDED_FACE key is null
09-15 14:23:28.435 12309 26575 W CameraPipeCaptureResult: Please use unwrapAndroidObject to prevent the extra object wrapper.
09-15 14:23:28.464 12309 26575 W CAM_kma : RESULT_EXTENDED_FACE key is null
09-15 14:23:28.467 12309 26575 W CameraPipeCaptureResult: Please use unwrapAndroidObject to prevent the extra object wrapper.
09-15 14:23:28.507 12309 26575 W CAM_kma : RESULT_EXTENDED_FACE key is null
09-15 14:23:28.507 12309 26575 W CameraPipeCaptureResult: Please use unwrapAndroidObject to prevent the extra object wrapper.
09-15 14:23:28.536 12309 26575 W CAM_kma : RESULT_EXTENDED_FACE key is null
09-15 14:23:28.542 12309 26575 W CameraPipeCaptureResult: Please use unwrapAndroidObject to prevent the extra object wrapper.
09-15 14:23:28.541 12309 12309 W VfeExecutor: type=1400 audit(0.0:23035): avc:  denied  { getattr } for  name="/" dev="dmabuf" ino=1 scontext=u:r:google_camera_app:s0:c183,c256,c512,c768 tcontext=u:object_r:unlabeled:s0 tclass=filesystem permissive=0 app=com.google.android.GoogleCamera
09-15 14:23:28.549 12309 12309 W VfeExecutor: type=1400 audit(0.0:23036): avc:  denied  { getattr } for  name="/" dev="dmabuf" ino=1 scontext=u:r:google_camera_app:s0:c183,c256,c512,c768 tcontext=u:object_r:unlabeled:s0 tclass=filesystem permissive=0 app=com.google.android.GoogleCamera
09-15 14:23:28.570 12309 26575 W CAM_kma : RESULT_EXTENDED_FACE key is null
09-15 14:23:28.577 12309 26575 W CameraPipeCaptureResult: Please use unwrapAndroidObject to prevent the extra object wrapper.
09-15 14:23:28.581 12309 12309 W VfeExecutor: type=1400 audit(0.0:23037): avc:  denied  { getattr } for  name="/" dev="dmabuf" ino=1 scontext=u:r:google_camera_app:s0:c183,c256,c512,c768 tcontext=u:object_r:unlabeled:s0 tclass=filesystem permissive=0 app=com.google.android.GoogleCamera
09-15 14:23:28.581 12309 12309 W VfeExecutor: type=1400 audit(0.0:23038): avc:  denied  { getattr } for  name="/" dev="dmabuf" ino=1 scontext=u:r:google_camera_app:s0:c183,c256,c512,c768 tcontext=u:object_r:unlabeled:s0 tclass=filesystem permissive=0 app=com.google.android.GoogleCamera
09-15 14:23:28.601 12309 26575 W CAM_kma : RESULT_EXTENDED_FACE key is null
09-15 14:23:28.605 12309 26575 W CameraPipeCaptureResult: Please use unwrapAndroidObject to prevent the extra object wrapper.
09-15 14:23:28.609 12309 12309 W VfeExecutor: type=1400 audit(0.0:23039): avc:  denied  { getattr } for  name="/" dev="dmabuf" ino=1 scontext=u:r:google_camera_app:s0:c183,c256,c512,c768 tcontext=u:object_r:unlabeled:s0 tclass=filesystem permissive=0 app=com.google.android.GoogleCamera
09-15 14:23:28.634 12309 26575 W CAM_kma : RESULT_EXTENDED_FACE key is null
09-15 14:23:28.635 12309 26575 W CameraPipeCaptureResult: Please use unwrapAndroidObject to prevent the extra object wrapper.
09-15 14:23:28.664 12309 26575 W CAM_kma : RESULT_EXTENDED_FACE key is null
09-15 14:23:28.666 12309 26699 W CAM_pob : Pet and BoH faces are not supported. [CONTEXT ratelimit_period="1 SECONDS" skipped=60 ]
09-15 14:23:28.668 12309 26575 W CameraPipeCaptureResult: Please use unwrapAndroidObject to prevent the extra object wrapper.
09-15 14:23:28.695 12309 26575 W CAM_kma : RESULT_EXTENDED_FACE key is null
09-15 14:23:28.700 12309 26575 W CameraPipeCaptureResult: Please use unwrapAndroidObject to prevent the extra object wrapper.
09-15 14:23:28.731 12309 26575 W CAM_kma : RESULT_EXTENDED_FACE key is null
09-15 14:23:28.734 12309 26575 W CameraPipeCaptureResult: Please use unwrapAndroidObject to prevent the extra object wrapper.
09-15 14:23:28.766 12309 26575 W CAM_kma : RESULT_EXTENDED_FACE key is null
09-15 14:23:28.769 12309 26575 W CameraPipeCaptureResult: Please use unwrapAndroidObject to prevent the extra object wrapper.
09-15 14:23:28.800 12309 26575 W CAM_kma : RESULT_EXTENDED_FACE key is null
09-15 14:23:28.802 12309 26575 W CameraPipeCaptureResult: Please use unwrapAndroidObject to prevent the extra object wrapper.
09-15 14:23:28.834 12309 26575 W CAM_kma : RESULT_EXTENDED_FACE key is null
09-15 14:23:28.839 12309 26575 W CameraPipeCaptureResult: Please use unwrapAndroidObject to prevent the extra object wrapper.
09-15 14:23:28.870 12309 26575 W CAM_kma : RESULT_EXTENDED_FACE key is null
09-15 14:23:28.870 12309 26575 W CameraPipeCaptureResult: Please use unwrapAndroidObject to prevent the extra object wrapper.
09-15 14:23:28.902 12309 26575 W CAM_kma : RESULT_EXTENDED_FACE key is null
09-15 14:23:28.903 12309 26575 W CameraPipeCaptureResult: Please use unwrapAndroidObject to prevent the extra object wrapper.
09-15 14:23:28.932 12309 26575 W CAM_kma : RESULT_EXTENDED_FACE key is null
09-15 14:23:28.935 12309 26575 W CameraPipeCaptureResult: Please use unwrapAndroidObject to prevent the extra object wrapper.
09-15 14:23:28.969 12309 26575 W CAM_kma : RESULT_EXTENDED_FACE key is null
09-15 14:23:28.969 12309 26575 W CameraPipeCaptureResult: Please use unwrapAndroidObject to prevent the extra object wrapper.
09-15 14:23:29.000 12309 26575 W CAM_kma : RESULT_EXTENDED_FACE key is null
09-15 14:23:29.016 12309 26575 W CameraPipeCaptureResult: Please use unwrapAndroidObject to prevent the extra object wrapper.
09-15 14:23:29.032 12309 26575 W CAM_kma : RESULT_EXTENDED_FACE key is null
09-15 14:23:29.034 12309 26575 W CameraPipeCaptureResult: Please use unwrapAndroidObject to prevent the extra object wrapper.
09-15 14:23:29.067 12309 26575 W CAM_kma : RESULT_EXTENDED_FACE key is null
09-15 14:23:29.070 12309 26575 W CameraPipeCaptureResult: Please use unwrapAndroidObject to prevent the extra object wrapper.
09-15 14:23:29.097 12309 26575 W CAM_kma : RESULT_EXTENDED_FACE key is null
09-15 14:23:29.101 12309 26575 W CameraPipeCaptureResult: Please use unwrapAndroidObject to prevent the extra object wrapper.
09-15 14:23:29.136 12309 26575 W CAM_kma : RESULT_EXTENDED_FACE key is null
09-15 14:23:29.139 12309 26575 W CameraPipeCaptureResult: Please use unwrapAndroidObject to prevent the extra object wrapper.
09-15 14:23:29.170 12309 26575 W CAM_kma : RESULT_EXTENDED_FACE key is null
09-15 14:23:29.181 12309 26575 W CameraPipeCaptureResult: Please use unwrapAndroidObject to prevent the extra object wrapper.
09-15 14:23:29.204 12309 26575 W CAM_kma : RESULT_EXTENDED_FACE key is null
09-15 14:23:29.209 12309 26575 W CameraPipeCaptureResult: Please use unwrapAndroidObject to prevent the extra object wrapper.
09-15 14:23:29.235 12309 26575 W CAM_kma : RESULT_EXTENDED_FACE key is null
09-15 14:23:29.238 12309 26575 W CameraPipeCaptureResult: Please use unwrapAndroidObject to prevent the extra object wrapper.
09-15 14:23:29.250 12309 10725 E native  : E0000 00:00:1757917409.250455   10725 lens_offset.cc:141] timestamp 15806755278788 invalid. (2033390 ns away from the latest one). Note that this log prints at most once every 1 seconds
09-15 14:23:29.270 12309 26575 W CAM_kma : RESULT_EXTENDED_FACE key is null
09-15 14:23:29.271 12309 26575 W CameraPipeCaptureResult: Please use unwrapAndroidObject to prevent the extra object wrapper.
09-15 14:23:29.296 12309 26575 W CAM_kma : RESULT_EXTENDED_FACE key is null
09-15 14:23:29.301 12309 26575 W CameraPipeCaptureResult: Please use unwrapAndroidObject to prevent the extra object wrapper.
09-15 14:23:29.318 12309 10846 D MediaCodecList: codecHandlesFormat: no format, so no extra checks
09-15 14:23:29.319 12309 10847 D CCodec  : allocate(c2.android.vorbis.decoder)
09-15 14:23:29.320 12309 10847 I CCodec  : setting up 'default' as default (vendor) store
09-15 14:23:29.325 12309 10847 W id.GoogleCamera: AIBinder_linkToDeath is being called with a non-null cookie and no onUnlink callback set. This might not be intended. AIBinder_DeathRecipient_setOnUnlinked should be called first.
09-15 14:23:29.325 12309 10847 I CCodec  : Created component [c2.android.vorbis.decoder] for [c2.android.vorbis.decoder]
09-15 14:23:29.325 12309 10847 D CCodecConfig: read media type: audio/vorbis
09-15 14:23:29.327 12309 10847 D ReflectedParamUpdater: extent() != 1 for single value type: algo.buffers.max-count.values
09-15 14:23:29.327 12309 10847 D ReflectedParamUpdater: extent() != 1 for single value type: output.subscribed-indices.values
09-15 14:23:29.327 12309 10847 D ReflectedParamUpdater: extent() != 1 for single value type: input.buffers.allocator-ids.values
09-15 14:23:29.327 12309 10847 D ReflectedParamUpdater: extent() != 1 for single value type: output.buffers.allocator-ids.values
09-15 14:23:29.327 12309 10847 D ReflectedParamUpdater: extent() != 1 for single value type: algo.buffers.allocator-ids.values
09-15 14:23:29.327 12309 10847 D ReflectedParamUpdater: extent() != 1 for single value type: output.buffers.pool-ids.values
09-15 14:23:29.327 12309 10847 D ReflectedParamUpdater: extent() != 1 for single value type: algo.buffers.pool-ids.values
09-15 14:23:29.329 12309 10847 I CCodecConfig: query failed after returning 8 values (BAD_INDEX)
09-15 14:23:29.329 12309 10847 D CCodecConfig: c2 config diff is Dict {
09-15 14:23:29.329 12309 10847 D CCodecConfig:   c2::u32 coded.bitrate.value = 64000
09-15 14:23:29.329 12309 10847 D CCodecConfig:   c2::u32 input.buffers.max-size.value = 32768
09-15 14:23:29.329 12309 10847 D CCodecConfig:   c2::u32 input.delay.value = 0
09-15 14:23:29.329 12309 10847 D CCodecConfig:   string input.media-type.value = "audio/vorbis"
09-15 14:23:29.329 12309 10847 D CCodecConfig:   c2::u32 output.large-frame.max-size = 0
09-15 14:23:29.329 12309 10847 D CCodecConfig:   c2::u32 output.large-frame.threshold-size = 0
09-15 14:23:29.329 12309 10847 D CCodecConfig:   string output.media-type.value = "audio/raw"
09-15 14:23:29.329 12309 10847 D CCodecConfig:   c2::u32 raw.channel-count.value = 1
09-15 14:23:29.329 12309 10847 D CCodecConfig:   c2::u32 raw.sample-rate.value = 48000
09-15 14:23:29.329 12309 10847 D CCodecConfig: }
09-15 14:23:29.330 12309 10846 E MediaCodec: Media Quality Service not found.
09-15 14:23:29.330 12309 26575 W CAM_kma : RESULT_EXTENDED_FACE key is null
09-15 14:23:29.330 12309 10847 D CCodec  : [c2.android.vorbis.decoder] buffers are bound to CCodec for this session
09-15 14:23:29.330 12309 10847 D CCodecConfig: no c2 equivalents for durationUs
09-15 14:23:29.330 12309 10847 D CCodecConfig: no c2 equivalents for track-id
09-15 14:23:29.330 12309 10847 D CCodecConfig: no c2 equivalents for csd-1
09-15 14:23:29.330 12309 10847 D CCodecConfig: no c2 equivalents for flags
09-15 14:23:29.331 12309 10847 D CCodecConfig: c2 config diff is   c2::u32 coded.bitrate.value = 120000
09-15 14:23:29.331 12309 10847 D CCodec  : encoding statistics level = 0
09-15 14:23:29.331 12309 10847 D CCodec  : setup formats input: AMessage(what = 0x00000000) = {
09-15 14:23:29.331 12309 10847 D CCodec  :   int32_t bitrate = 120000
09-15 14:23:29.331 12309 10847 D CCodec  :   int32_t channel-count = 1
09-15 14:23:29.331 12309 10847 D CCodec  :   int32_t max-input-size = 32768
09-15 14:23:29.331 12309 10847 D CCodec  :   string mime = "audio/vorbis"
09-15 14:23:29.331 12309 10847 D CCodec  :   int32_t sample-rate = 48000
09-15 14:23:29.331 12309 10847 D CCodec  : }
09-15 14:23:29.331 12309 10847 D CCodec  : setup formats output: AMessage(what = 0x00000000) = {
09-15 14:23:29.331 12309 10847 D CCodec  :   int32_t buffer-batch-max-output-size = 0
09-15 14:23:29.331 12309 10847 D CCodec  :   int32_t buffer-batch-threshold-output-size = 0
09-15 14:23:29.331 12309 10847 D CCodec  :   int32_t channel-count = 1
09-15 14:23:29.331 12309 10847 D CCodec  :   string mime = "audio/raw"
09-15 14:23:29.331 12309 10847 D CCodec  :   int32_t sample-rate = 48000
09-15 14:23:29.331 12309 10847 D CCodec  :   int32_t channel-mask = 1
09-15 14:23:29.331 12309 10847 D CCodec  :   int32_t android._config-pcm-encoding = 2
09-15 14:23:29.331 12309 10847 D CCodec  : }
09-15 14:23:29.331 12309 10847 I CCodecConfig: query failed after returning 8 values (BAD_INDEX)
09-15 14:23:29.331 12309 10847 E id.GoogleCamera: Failed to query component interface for required system resources: 6
09-15 14:23:29.333 12309 10847 D CCodecBufferChannel: [c2.android.vorbis.decoder#119] Created input block pool with allocatorID 16 => poolID 40 - OK (0)
09-15 14:23:29.335 12309 10847 I CCodecBufferChannel: [c2.android.vorbis.decoder#119] Created output block pool with allocatorID 16 => poolID 56 - OK
09-15 14:23:29.335 12309 26575 W CameraPipeCaptureResult: Please use unwrapAndroidObject to prevent the extra object wrapper.
09-15 14:23:29.335 12309 10847 D CCodecBufferChannel: [c2.android.vorbis.decoder#119] Configured output block pool ids 56 => OK
09-15 14:23:29.338 12309 10847 W id.GoogleCamera: AIBinder_linkToDeath is being called with a non-null cookie and no onUnlink callback set. This might not be intended. AIBinder_DeathRecipient_setOnUnlinked should be called first.
09-15 14:23:29.363 12309 26575 W CAM_kma : RESULT_EXTENDED_FACE key is null
09-15 14:23:29.367 12309 26575 W CameraPipeCaptureResult: Please use unwrapAndroidObject to prevent the extra object wrapper.
09-15 14:23:29.395 12309 26575 W CAM_kma : RESULT_EXTENDED_FACE key is null
09-15 14:23:29.400 12309 26575 W CameraPipeCaptureResult: Please use unwrapAndroidObject to prevent the extra object wrapper.
09-15 14:23:29.427 12309 26575 W CAM_kma : RESULT_EXTENDED_FACE key is null
09-15 14:23:29.444 12309 26575 W CameraPipeCaptureResult: Please use unwrapAndroidObject to prevent the extra object wrapper.
09-15 14:23:29.465 12309 26575 W CAM_kma : RESULT_EXTENDED_FACE key is null
09-15 14:23:29.467 12309 26575 W CameraPipeCaptureResult: Please use unwrapAndroidObject to prevent the extra object wrapper.
09-15 14:23:29.499 12309 26575 W CAM_kma : RESULT_EXTENDED_FACE key is null
09-15 14:23:29.503 12309 26575 W CameraPipeCaptureResult: Please use unwrapAndroidObject to prevent the extra object wrapper.
09-15 14:23:29.506 12309 10855 I AudioTrack: createTrack_l(0): AUDIO_OUTPUT_FLAG_FAST successful; frameCount 0 -> 69083
09-15 14:23:29.528 12309 26575 W CAM_kma : RESULT_EXTENDED_FACE key is null
09-15 14:23:29.534 12309 26575 W CameraPipeCaptureResult: Please use unwrapAndroidObject to prevent the extra object wrapper.
09-15 14:23:29.565 12309 26575 W CAM_kma : RESULT_EXTENDED_FACE key is null
09-15 14:23:29.571 12309 26575 W CameraPipeCaptureResult: Please use unwrapAndroidObject to prevent the extra object wrapper.
09-15 14:23:29.569 12309 12309 W VfeExecutor: type=1400 audit(0.0:23097): avc:  denied  { getattr } for  name="/" dev="dmabuf" ino=1 scontext=u:r:google_camera_app:s0:c183,c256,c512,c768 tcontext=u:object_r:unlabeled:s0 tclass=filesystem permissive=0 app=com.google.android.GoogleCamera
09-15 14:23:29.569 12309 12309 W VfeExecutor: type=1400 audit(0.0:23098): avc:  denied  { getattr } for  name="/" dev="dmabuf" ino=1 scontext=u:r:google_camera_app:s0:c183,c256,c512,c768 tcontext=u:object_r:unlabeled:s0 tclass=filesystem permissive=0 app=com.google.android.GoogleCamera
09-15 14:23:29.597 12309 12309 W VfeExecutor: type=1400 audit(0.0:23099): avc:  denied  { getattr } for  name="/" dev="dmabuf" ino=1 scontext=u:r:google_camera_app:s0:c183,c256,c512,c768 tcontext=u:object_r:unlabeled:s0 tclass=filesystem permissive=0 app=com.google.android.GoogleCamera
09-15 14:23:29.601 12309 12309 W VfeExecutor: type=1400 audit(0.0:23100): avc:  denied  { getattr } for  name="/" dev="dmabuf" ino=1 scontext=u:r:google_camera_app:s0:c183,c256,c512,c768 tcontext=u:object_r:unlabeled:s0 tclass=filesystem permissive=0 app=com.google.android.GoogleCamera
09-15 14:23:29.616 12309 26575 W CAM_kma : RESULT_EXTENDED_FACE key is null
09-15 14:23:29.616 12309 26575 W CameraPipeCaptureResult: Please use unwrapAndroidObject to prevent the extra object wrapper.
09-15 14:23:29.635 12309 26575 W CAM_kma : RESULT_EXTENDED_FACE key is null
09-15 14:23:29.635 12309 26575 W CameraPipeCaptureResult: Please use unwrapAndroidObject to prevent the extra object wrapper.
09-15 14:23:29.633 12309 12309 W VfeExecutor: type=1400 audit(0.0:23101): avc:  denied  { getattr } for  name="/" dev="dmabuf" ino=1 scontext=u:r:google_camera_app:s0:c183,c256,c512,c768 tcontext=u:object_r:unlabeled:s0 tclass=filesystem permissive=0 app=com.google.android.GoogleCamera
09-15 14:23:29.662 12309 26575 W CAM_kma : RESULT_EXTENDED_FACE key is null
09-15 14:23:29.666 12309 26575 W CameraPipeCaptureResult: Please use unwrapAndroidObject to prevent the extra object wrapper.
09-15 14:23:29.670 12309 26981 W CAM_pob : Pet and BoH faces are not supported. [CONTEXT ratelimit_period="1 SECONDS" skipped=60 ]
09-15 14:23:29.699 12309 26575 W CAM_kma : RESULT_EXTENDED_FACE key is null
09-15 14:23:29.705 12309 26575 W CameraPipeCaptureResult: Please use unwrapAndroidObject to prevent the extra object wrapper.
09-15 14:23:29.730 12309 26575 W CAM_kma : RESULT_EXTENDED_FACE key is null
09-15 14:23:29.736 12309 26575 W CameraPipeCaptureResult: Please use unwrapAndroidObject to prevent the extra object wrapper.
09-15 14:23:29.769 12309 26575 W CAM_kma : RESULT_EXTENDED_FACE key is null
09-15 14:23:29.770 12309 26575 W CameraPipeCaptureResult: Please use unwrapAndroidObject to prevent the extra object wrapper.
09-15 14:23:29.798 12309 26575 W CAM_kma : RESULT_EXTENDED_FACE key is null
09-15 14:23:29.800 12309 26575 W CameraPipeCaptureResult: Please use unwrapAndroidObject to prevent the extra object wrapper.
09-15 14:23:29.833 12309 26575 W CAM_kma : RESULT_EXTENDED_FACE key is null
09-15 14:23:29.836 12309 26575 W CameraPipeCaptureResult: Please use unwrapAndroidObject to prevent the extra object wrapper.
09-15 14:23:29.866 12309 26575 W CAM_kma : RESULT_EXTENDED_FACE key is null
09-15 14:23:29.867 12309 26575 W CameraPipeCaptureResult: Please use unwrapAndroidObject to prevent the extra object wrapper.
09-15 14:23:29.897 12309 26575 W CAM_kma : RESULT_EXTENDED_FACE key is null
09-15 14:23:29.902 12309 26575 W CameraPipeCaptureResult: Please use unwrapAndroidObject to prevent the extra object wrapper.
09-15 14:23:29.930 12309 26575 W CAM_kma : RESULT_EXTENDED_FACE key is null
09-15 14:23:29.934 12309 26575 W CameraPipeCaptureResult: Please use unwrapAndroidObject to prevent the extra object wrapper.
09-15 14:23:29.966 12309 26575 W CAM_kma : RESULT_EXTENDED_FACE key is null
09-15 14:23:29.967 12309 26575 W CameraPipeCaptureResult: Please use unwrapAndroidObject to prevent the extra object wrapper.
09-15 14:23:29.999 12309 26575 W CAM_kma : RESULT_EXTENDED_FACE key is null
09-15 14:23:30.004 12309 26575 W CameraPipeCaptureResult: Please use unwrapAndroidObject to prevent the extra object wrapper.
09-15 14:23:30.032 12309 26575 W CAM_kma : RESULT_EXTENDED_FACE key is null
09-15 14:23:30.035 12309 26575 W CameraPipeCaptureResult: Please use unwrapAndroidObject to prevent the extra object wrapper.
09-15 14:23:30.067 12309 26575 W CAM_kma : RESULT_EXTENDED_FACE key is null
09-15 14:23:30.072 12309 26575 W CameraPipeCaptureResult: Please use unwrapAndroidObject to prevent the extra object wrapper.
09-15 14:23:30.097 12309 26575 W CAM_kma : RESULT_EXTENDED_FACE key is null
09-15 14:23:30.104 12309 26575 W CameraPipeCaptureResult: Please use unwrapAndroidObject to prevent the extra object wrapper.
09-15 14:23:30.131 12309 26575 W CAM_kma : RESULT_EXTENDED_FACE key is null
09-15 14:23:30.133 12309 26575 W CameraPipeCaptureResult: Please use unwrapAndroidObject to prevent the extra object wrapper.
09-15 14:23:30.179 12309 26575 W CAM_kma : RESULT_EXTENDED_FACE key is null
09-15 14:23:30.181 12309 26575 W CameraPipeCaptureResult: Please use unwrapAndroidObject to prevent the extra object wrapper.
09-15 14:23:30.199 12309 26575 W CAM_kma : RESULT_EXTENDED_FACE key is null
09-15 14:23:30.203 12309 26575 W CameraPipeCaptureResult: Please use unwrapAndroidObject to prevent the extra object wrapper.
09-15 14:23:30.232 12309 26575 W CAM_kma : RESULT_EXTENDED_FACE key is null
09-15 14:23:30.238 12309 26575 W CameraPipeCaptureResult: Please use unwrapAndroidObject to prevent the extra object wrapper.
09-15 14:23:30.267 12309 26575 W CAM_kma : RESULT_EXTENDED_FACE key is null
09-15 14:23:30.269 12309 26575 W CameraPipeCaptureResult: Please use unwrapAndroidObject to prevent the extra object wrapper.
09-15 14:23:30.298 12309 26575 W CAM_kma : RESULT_EXTENDED_FACE key is null
09-15 14:23:30.303 12309 26575 W CameraPipeCaptureResult: Please use unwrapAndroidObject to prevent the extra object wrapper.
09-15 14:23:30.331 12309 26575 W CAM_kma : RESULT_EXTENDED_FACE key is null
09-15 14:23:30.337 12309 26575 W CameraPipeCaptureResult: Please use unwrapAndroidObject to prevent the extra object wrapper.
09-15 14:23:30.348 12309 10725 E native  : E0000 00:00:1757917410.348893   10725 lens_offset.cc:141] timestamp 15807856323444 invalid. (3105467 ns away from the latest one). Note that this log prints at most once every 1 seconds
09-15 14:23:30.364 12309 26575 W CAM_kma : RESULT_EXTENDED_FACE key is null
09-15 14:23:30.368 12309 26575 W CameraPipeCaptureResult: Please use unwrapAndroidObject to prevent the extra object wrapper.
09-15 14:23:30.399 12309 26575 W CAM_kma : RESULT_EXTENDED_FACE key is null
09-15 14:23:30.401 12309 26575 W CameraPipeCaptureResult: Please use unwrapAndroidObject to prevent the extra object wrapper.
09-15 14:23:30.430 12309 26575 W CAM_kma : RESULT_EXTENDED_FACE key is null
09-15 14:23:30.435 12309 26575 W CameraPipeCaptureResult: Please use unwrapAndroidObject to prevent the extra object wrapper.
09-15 14:23:30.467 12309 26575 W CAM_kma : RESULT_EXTENDED_FACE key is null
09-15 14:23:30.472 12309 26575 W CameraPipeCaptureResult: Please use unwrapAndroidObject to prevent the extra object wrapper.
09-15 14:23:30.500 12309 26575 W CAM_kma : RESULT_EXTENDED_FACE key is null
09-15 14:23:30.503 12309 26575 W CameraPipeCaptureResult: Please use unwrapAndroidObject to prevent the extra object wrapper.
09-15 14:23:30.531 12309 26575 W CAM_kma : RESULT_EXTENDED_FACE key is null
09-15 14:23:30.536 12309 26575 W CameraPipeCaptureResult: Please use unwrapAndroidObject to prevent the extra object wrapper.
09-15 14:23:30.563 12309 26575 W CAM_kma : RESULT_EXTENDED_FACE key is null
09-15 14:23:30.569 12309 26575 W CameraPipeCaptureResult: Please use unwrapAndroidObject to prevent the extra object wrapper.
09-15 14:23:30.595 12309 26575 W CAM_kma : RESULT_EXTENDED_FACE key is null
09-15 14:23:30.600 12309 26575 W CameraPipeCaptureResult: Please use unwrapAndroidObject to prevent the extra object wrapper.
09-15 14:23:30.597 12309 12309 W VfeExecutor: type=1400 audit(0.0:23159): avc:  denied  { getattr } for  name="/" dev="dmabuf" ino=1 scontext=u:r:google_camera_app:s0:c183,c256,c512,c768 tcontext=u:object_r:unlabeled:s0 tclass=filesystem permissive=0 app=com.google.android.GoogleCamera
09-15 14:23:30.597 12309 12309 W VfeExecutor: type=1400 audit(0.0:23160): avc:  denied  { getattr } for  name="/" dev="dmabuf" ino=1 scontext=u:r:google_camera_app:s0:c183,c256,c512,c768 tcontext=u:object_r:unlabeled:s0 tclass=filesystem permissive=0 app=com.google.android.GoogleCamera
09-15 14:23:30.627 12309 26575 W CAM_kma : RESULT_EXTENDED_FACE key is null
09-15 14:23:30.633 12309 26575 W CameraPipeCaptureResult: Please use unwrapAndroidObject to prevent the extra object wrapper.
09-15 14:23:30.629 12309 12309 W VfeExecutor: type=1400 audit(0.0:23161): avc:  denied  { getattr } for  name="/" dev="dmabuf" ino=1 scontext=u:r:google_camera_app:s0:c183,c256,c512,c768 tcontext=u:object_r:unlabeled:s0 tclass=filesystem permissive=0 app=com.google.android.GoogleCamera
09-15 14:23:30.629 12309 12309 W VfeExecutor: type=1400 audit(0.0:23162): avc:  denied  { getattr } for  name="/" dev="dmabuf" ino=1 scontext=u:r:google_camera_app:s0:c183,c256,c512,c768 tcontext=u:object_r:unlabeled:s0 tclass=filesystem permissive=0 app=com.google.android.GoogleCamera
09-15 14:23:30.668 12309 26575 W CAM_kma : RESULT_EXTENDED_FACE key is null
09-15 14:23:30.672 12309 26575 W CameraPipeCaptureResult: Please use unwrapAndroidObject to prevent the extra object wrapper.
09-15 14:23:30.679 12309 26981 W CAM_pob : Pet and BoH faces are not supported. [CONTEXT ratelimit_period="1 SECONDS" skipped=59 ]
09-15 14:23:30.682 12309 10737 I native  : I0000 00:00:1757917410.682047   10737 absolute_pose_toolbox.cc:401] Gauss Newton absolute pose minimization failed.
09-15 14:23:30.682 12309 10737 I native  : current_cost 0.0608213 first_cost 0.0601727
09-15 14:23:30.677 12309 12309 W VfeExecutor: type=1400 audit(0.0:23163): avc:  denied  { getattr } for  name="/" dev="dmabuf" ino=1 scontext=u:r:google_camera_app:s0:c183,c256,c512,c768 tcontext=u:object_r:unlabeled:s0 tclass=filesystem permissive=0 app=com.google.android.GoogleCamera
09-15 14:23:30.697 12309 26575 W CAM_kma : RESULT_EXTENDED_FACE key is null
09-15 14:23:30.701 12309 26575 W CameraPipeCaptureResult: Please use unwrapAndroidObject to prevent the extra object wrapper.
09-15 14:23:30.728 12309 26575 W CAM_kma : RESULT_EXTENDED_FACE key is null
09-15 14:23:30.733 12309 26575 W CameraPipeCaptureResult: Please use unwrapAndroidObject to prevent the extra object wrapper.
09-15 14:23:30.766 12309 26575 W CAM_kma : RESULT_EXTENDED_FACE key is null
09-15 14:23:30.768 12309 26575 W CameraPipeCaptureResult: Please use unwrapAndroidObject to prevent the extra object wrapper.
09-15 14:23:30.796 12309 26575 W CAM_kma : RESULT_EXTENDED_FACE key is null
09-15 14:23:30.801 12309 26575 W CameraPipeCaptureResult: Please use unwrapAndroidObject to prevent the extra object wrapper.
09-15 14:23:30.830 12309 26575 W CAM_kma : RESULT_EXTENDED_FACE key is null
09-15 14:23:30.833 12309 26575 W CameraPipeCaptureResult: Please use unwrapAndroidObject to prevent the extra object wrapper.
09-15 14:23:30.883 12309 26575 W CAM_kma : RESULT_EXTENDED_FACE key is null
09-15 14:23:30.884 12309 26575 W CameraPipeCaptureResult: Please use unwrapAndroidObject to prevent the extra object wrapper.
09-15 14:23:30.896 12309 26575 W CAM_kma : RESULT_EXTENDED_FACE key is null
09-15 14:23:30.900 12309 26575 W CameraPipeCaptureResult: Please use unwrapAndroidObject to prevent the extra object wrapper.
09-15 14:23:30.928 12309 26575 W CAM_kma : RESULT_EXTENDED_FACE key is null
09-15 14:23:30.934 12309 26575 W CameraPipeCaptureResult: Please use unwrapAndroidObject to prevent the extra object wrapper.
09-15 14:23:30.963 12309 26575 W CAM_kma : RESULT_EXTENDED_FACE key is null
09-15 14:23:30.965 12309 26575 W CameraPipeCaptureResult: Please use unwrapAndroidObject to prevent the extra object wrapper.
09-15 14:23:30.997 12309 26575 W CAM_kma : RESULT_EXTENDED_FACE key is null
09-15 14:23:30.998 12309 26575 W CameraPipeCaptureResult: Please use unwrapAndroidObject to prevent the extra object wrapper.
09-15 14:23:31.030 12309 26575 W CAM_kma : RESULT_EXTENDED_FACE key is null
09-15 14:23:31.032 12309 26575 W CameraPipeCaptureResult: Please use unwrapAndroidObject to prevent the extra object wrapper.
09-15 14:23:31.077 12309 26575 W CAM_kma : RESULT_EXTENDED_FACE key is null
09-15 14:23:31.077 12309 26575 W CameraPipeCaptureResult: Please use unwrapAndroidObject to prevent the extra object wrapper.
09-15 14:23:31.101 12309 26575 W CAM_kma : RESULT_EXTENDED_FACE key is null
09-15 14:23:31.107 12309 26575 W CameraPipeCaptureResult: Please use unwrapAndroidObject to prevent the extra object wrapper.
09-15 14:23:31.133 12309 26575 W CAM_kma : RESULT_EXTENDED_FACE key is null
09-15 14:23:31.137 12309 26575 W CameraPipeCaptureResult: Please use unwrapAndroidObject to prevent the extra object wrapper.
09-15 14:23:31.167 12309 26575 W CAM_kma : RESULT_EXTENDED_FACE key is null
09-15 14:23:31.169 12309 26575 W CameraPipeCaptureResult: Please use unwrapAndroidObject to prevent the extra object wrapper.
09-15 14:23:31.198 12309 26575 W CAM_kma : RESULT_EXTENDED_FACE key is null
09-15 14:23:31.205 12309 26575 W CameraPipeCaptureResult: Please use unwrapAndroidObject to prevent the extra object wrapper.
09-15 14:23:31.232 12309 26575 W CAM_kma : RESULT_EXTENDED_FACE key is null
09-15 14:23:31.237 12309 26575 W CameraPipeCaptureResult: Please use unwrapAndroidObject to prevent the extra object wrapper.
09-15 14:23:31.264 12309 26575 W CAM_kma : RESULT_EXTENDED_FACE key is null
09-15 14:23:31.268 12309 26575 W CameraPipeCaptureResult: Please use unwrapAndroidObject to prevent the extra object wrapper.
09-15 14:23:31.298 12309 26575 W CAM_kma : RESULT_EXTENDED_FACE key is null
09-15 14:23:31.302 12309 26575 W CameraPipeCaptureResult: Please use unwrapAndroidObject to prevent the extra object wrapper.
09-15 14:23:31.329 12309 26575 W CAM_kma : RESULT_EXTENDED_FACE key is null
09-15 14:23:31.334 12309 26575 W CameraPipeCaptureResult: Please use unwrapAndroidObject to prevent the extra object wrapper.
09-15 14:23:31.366 12309 26575 W CAM_kma : RESULT_EXTENDED_FACE key is null
09-15 14:23:31.371 12309 26575 W CameraPipeCaptureResult: Please use unwrapAndroidObject to prevent the extra object wrapper.
09-15 14:23:31.395 12309 26575 W CAM_kma : RESULT_EXTENDED_FACE key is null
09-15 14:23:31.401 12309 26575 W CameraPipeCaptureResult: Please use unwrapAndroidObject to prevent the extra object wrapper.
09-15 14:23:31.431 12309 26575 W CAM_kma : RESULT_EXTENDED_FACE key is null
09-15 14:23:31.437 12309 26575 W CameraPipeCaptureResult: Please use unwrapAndroidObject to prevent the extra object wrapper.
09-15 14:23:31.451 12309 10725 E native  : E0000 00:00:1757917411.451647   10725 lens_offset.cc:141] timestamp 15808955172959 invalid. (1952456 ns away from the latest one). Note that this log prints at most once every 1 seconds
09-15 14:23:31.481 12309 26575 W CAM_kma : RESULT_EXTENDED_FACE key is null
09-15 14:23:31.481 12309 26575 W CameraPipeCaptureResult: Please use unwrapAndroidObject to prevent the extra object wrapper.
09-15 14:23:31.499 12309 26575 W CAM_kma : RESULT_EXTENDED_FACE key is null
09-15 14:23:31.506 12309 26575 W CameraPipeCaptureResult: Please use unwrapAndroidObject to prevent the extra object wrapper.
09-15 14:23:31.530 12309 26575 W CAM_kma : RESULT_EXTENDED_FACE key is null
09-15 14:23:31.535 12309 26575 W CameraPipeCaptureResult: Please use unwrapAndroidObject to prevent the extra object wrapper.
09-15 14:23:31.567 12309 26575 W CAM_kma : RESULT_EXTENDED_FACE key is null
09-15 14:23:31.572 12309 26575 W CameraPipeCaptureResult: Please use unwrapAndroidObject to prevent the extra object wrapper.
09-15 14:23:31.598 12309 26575 W CAM_kma : RESULT_EXTENDED_FACE key is null
09-15 14:23:31.602 12309 26575 W CameraPipeCaptureResult: Please use unwrapAndroidObject to prevent the extra object wrapper.
09-15 14:23:31.601 12309 12309 W VfeExecutor: type=1400 audit(0.0:23219): avc:  denied  { getattr } for  name="/" dev="dmabuf" ino=1 scontext=u:r:google_camera_app:s0:c183,c256,c512,c768 tcontext=u:object_r:unlabeled:s0 tclass=filesystem permissive=0 app=com.google.android.GoogleCamera
09-15 14:23:31.601 12309 12309 W VfeExecutor: type=1400 audit(0.0:23220): avc:  denied  { getattr } for  name="/" dev="dmabuf" ino=1 scontext=u:r:google_camera_app:s0:c183,c256,c512,c768 tcontext=u:object_r:unlabeled:s0 tclass=filesystem permissive=0 app=com.google.android.GoogleCamera
09-15 14:23:31.630 12309 26575 W CAM_kma : RESULT_EXTENDED_FACE key is null
09-15 14:23:31.635 12309 26575 W CameraPipeCaptureResult: Please use unwrapAndroidObject to prevent the extra object wrapper.
09-15 14:23:31.633 12309 12309 W VfeExecutor: type=1400 audit(0.0:23221): avc:  denied  { getattr } for  name="/" dev="dmabuf" ino=1 scontext=u:r:google_camera_app:s0:c183,c256,c512,c768 tcontext=u:object_r:unlabeled:s0 tclass=filesystem permissive=0 app=com.google.android.GoogleCamera
09-15 14:23:31.633 12309 12309 W VfeExecutor: type=1400 audit(0.0:23222): avc:  denied  { getattr } for  name="/" dev="dmabuf" ino=1 scontext=u:r:google_camera_app:s0:c183,c256,c512,c768 tcontext=u:object_r:unlabeled:s0 tclass=filesystem permissive=0 app=com.google.android.GoogleCamera
09-15 14:23:31.665 12309 26575 W CAM_kma : RESULT_EXTENDED_FACE key is null
09-15 14:23:31.681 12309 12309 W VfeExecutor: type=1400 audit(0.0:23223): avc:  denied  { getattr } for  name="/" dev="dmabuf" ino=1 scontext=u:r:google_camera_app:s0:c183,c256,c512,c768 tcontext=u:object_r:unlabeled:s0 tclass=filesystem permissive=0 app=com.google.android.GoogleCamera
09-15 14:23:31.705 12309 26981 W CAM_pob : Pet and BoH faces are not supported. [CONTEXT ratelimit_period="1 SECONDS" skipped=60 ]
09-15 14:23:31.707 12309 26575 W CameraPipeCaptureResult: Please use unwrapAndroidObject to prevent the extra object wrapper.
09-15 14:23:31.716 12309 26575 W CAM_kma : RESULT_EXTENDED_FACE key is null
09-15 14:23:31.739 12309 26575 W CameraPipeCaptureResult: Please use unwrapAndroidObject to prevent the extra object wrapper.
09-15 14:23:31.741 12309 26575 W CAM_kma : RESULT_EXTENDED_FACE key is null
09-15 14:23:31.742 12309 26575 W CameraPipeCaptureResult: Please use unwrapAndroidObject to prevent the extra object wrapper.
09-15 14:23:31.766 12309 26575 W CAM_kma : RESULT_EXTENDED_FACE key is null
09-15 14:23:31.767 12309 26575 W CameraPipeCaptureResult: Please use unwrapAndroidObject to prevent the extra object wrapper.
09-15 14:23:31.800 12309 26575 W CAM_kma : RESULT_EXTENDED_FACE key is null
09-15 14:23:31.802 12309 26575 W CameraPipeCaptureResult: Please use unwrapAndroidObject to prevent the extra object wrapper.
09-15 14:23:31.827 12309 26575 W CAM_kma : RESULT_EXTENDED_FACE key is null
09-15 14:23:31.834 12309 26575 W CameraPipeCaptureResult: Please use unwrapAndroidObject to prevent the extra object wrapper.
09-15 14:23:31.865 12309 26575 W CAM_kma : RESULT_EXTENDED_FACE key is null
09-15 14:23:31.869 12309 26575 W CameraPipeCaptureResult: Please use unwrapAndroidObject to prevent the extra object wrapper.
09-15 14:23:31.899 12309 26575 W CAM_kma : RESULT_EXTENDED_FACE key is null
09-15 14:23:31.904 12309 26575 W CameraPipeCaptureResult: Please use unwrapAndroidObject to prevent the extra object wrapper.
09-15 14:23:31.928 12309 26575 W CAM_kma : RESULT_EXTENDED_FACE key is null
09-15 14:23:31.934 12309 26575 W CameraPipeCaptureResult: Please use unwrapAndroidObject to prevent the extra object wrapper.
09-15 14:23:31.970 12309 26575 W CAM_kma : RESULT_EXTENDED_FACE key is null
09-15 14:23:31.973 12309 26575 W CameraPipeCaptureResult: Please use unwrapAndroidObject to prevent the extra object wrapper.
09-15 14:23:31.996 12309 26575 W CAM_kma : RESULT_EXTENDED_FACE key is null
09-15 14:23:32.000 12309 26575 W CameraPipeCaptureResult: Please use unwrapAndroidObject to prevent the extra object wrapper.
09-15 14:23:32.030 12309 26575 W CAM_kma : RESULT_EXTENDED_FACE key is null
09-15 14:23:32.034 12309 26575 W CameraPipeCaptureResult: Please use unwrapAndroidObject to prevent the extra object wrapper.
09-15 14:23:32.068 12309 26575 W CAM_kma : RESULT_EXTENDED_FACE key is null
09-15 14:23:32.069 12309 26575 W CameraPipeCaptureResult: Please use unwrapAndroidObject to prevent the extra object wrapper.
09-15 14:23:32.097 12309 26575 W CAM_kma : RESULT_EXTENDED_FACE key is null
09-15 14:23:32.100 12309 26575 W CameraPipeCaptureResult: Please use unwrapAndroidObject to prevent the extra object wrapper.
09-15 14:23:32.129 12309 26575 W CAM_kma : RESULT_EXTENDED_FACE key is null
09-15 14:23:32.132 12309 26575 W CameraPipeCaptureResult: Please use unwrapAndroidObject to prevent the extra object wrapper.
09-15 14:23:32.161 12309 26575 W CAM_kma : RESULT_EXTENDED_FACE key is null
09-15 14:23:32.168 12309 26575 W CameraPipeCaptureResult: Please use unwrapAndroidObject to prevent the extra object wrapper.
09-15 14:23:32.203 12309 26575 W CAM_kma : RESULT_EXTENDED_FACE key is null
09-15 14:23:32.205 12309 26575 W CameraPipeCaptureResult: Please use unwrapAndroidObject to prevent the extra object wrapper.
09-15 14:23:32.228 12309 26575 W CAM_kma : RESULT_EXTENDED_FACE key is null
09-15 14:23:32.232 12309 26575 W CameraPipeCaptureResult: Please use unwrapAndroidObject to prevent the extra object wrapper.
09-15 14:23:32.264 12309 26575 W CAM_kma : RESULT_EXTENDED_FACE key is null
09-15 14:23:32.269 12309 26575 W CameraPipeCaptureResult: Please use unwrapAndroidObject to prevent the extra object wrapper.
09-15 14:23:32.295 12309 26575 W CAM_kma : RESULT_EXTENDED_FACE key is null
09-15 14:23:32.303 12309 26575 W CameraPipeCaptureResult: Please use unwrapAndroidObject to prevent the extra object wrapper.
09-15 14:23:32.330 12309 26575 W CAM_kma : RESULT_EXTENDED_FACE key is null
09-15 14:23:32.347 12309 26575 W CameraPipeCaptureResult: Please use unwrapAndroidObject to prevent the extra object wrapper.
09-15 14:23:32.363 12309 26575 W CAM_kma : RESULT_EXTENDED_FACE key is null
09-15 14:23:32.372 12309 26575 W CameraPipeCaptureResult: Please use unwrapAndroidObject to prevent the extra object wrapper.
09-15 14:23:32.398 12309 26575 W CAM_kma : RESULT_EXTENDED_FACE key is null
09-15 14:23:32.404 12309 26575 W CameraPipeCaptureResult: Please use unwrapAndroidObject to prevent the extra object wrapper.
09-15 14:23:32.431 12309 26575 W CAM_kma : RESULT_EXTENDED_FACE key is null
09-15 14:23:32.434 12309 26575 W CameraPipeCaptureResult: Please use unwrapAndroidObject to prevent the extra object wrapper.
09-15 14:23:32.466 12309 26575 W CAM_kma : RESULT_EXTENDED_FACE key is null
