09-15 14:23:20.373 12309 12309 W VfeExecutor: type=1400 audit(0.0:22556): avc:  denied  { getattr } for  name="/" dev="dmabuf" ino=1 scontext=u:r:google_camera_app:s0:c183,c256,c512,c768 tcontext=u:object_r:unlabeled:s0 tclass=filesystem permissive=0 app=com.google.android.GoogleCamera
09-15 14:23:20.386 12309 10725 I native  : I0000 00:00:1757917400.386773   10725 performance_monitor.cc:116] Event: FeatureExtraction is taking too long, it took 112.338ms
09-15 14:23:20.415 12309 26575 W CAM_kma : RESULT_EXTENDED_FACE key is null
09-15 14:23:20.417 12309 12309 W VfeExecutor: type=1400 audit(0.0:22557): avc:  denied  { getattr } for  name="/" dev="dmabuf" ino=1 scontext=u:r:google_camera_app:s0:c183,c256,c512,c768 tcontext=u:object_r:unlabeled:s0 tclass=filesystem permissive=0 app=com.google.android.GoogleCamera
09-15 14:23:20.421 12309 12309 W VfeExecutor: type=1400 audit(0.0:22558): avc:  denied  { getattr } for  name="/" dev="dmabuf" ino=1 scontext=u:r:google_camera_app:s0:c183,c256,c512,c768 tcontext=u:object_r:unlabeled:s0 tclass=filesystem permissive=0 app=com.google.android.GoogleCamera
09-15 14:23:20.444 12309 26575 W CameraPipeCaptureResult: Please use unwrapAndroidObject to prevent the extra object wrapper.
09-15 14:23:20.465 12309 26575 W CAM_kma : RESULT_EXTENDED_FACE key is null
09-15 14:23:20.467 12309 26575 W CameraPipeCaptureResult: Please use unwrapAndroidObject to prevent the extra object wrapper.
09-15 14:23:20.465 12309 12309 W VfeExecutor: type=1400 audit(0.0:22559): avc:  denied  { getattr } for  name="/" dev="dmabuf" ino=1 scontext=u:r:google_camera_app:s0:c183,c256,c512,c768 tcontext=u:object_r:unlabeled:s0 tclass=filesystem permissive=0 app=com.google.android.GoogleCamera
09-15 14:23:20.492 12309 26575 W CAM_kma : RESULT_EXTENDED_FACE key is null
09-15 14:23:20.498 12309 26575 W CameraPipeCaptureResult: Please use unwrapAndroidObject to prevent the extra object wrapper.
09-15 14:23:20.535 12309 26575 W CAM_kma : RESULT_EXTENDED_FACE key is null
09-15 14:23:20.540 12309 26575 W CameraPipeCaptureResult: Please use unwrapAndroidObject to prevent the extra object wrapper.
09-15 14:23:20.584 12309 26575 W CAM_kma : RESULT_EXTENDED_FACE key is null
09-15 14:23:20.590 12309 26575 W CameraPipeCaptureResult: Please use unwrapAndroidObject to prevent the extra object wrapper.
09-15 14:23:20.592 12309 26981 W CAM_pob : Pet and BoH faces are not supported. [CONTEXT ratelimit_period="1 SECONDS" skipped=50 ]
09-15 14:23:20.621 12309 26575 W CAM_kma : RESULT_EXTENDED_FACE key is null
09-15 14:23:20.631 12309 26575 W CameraPipeCaptureResult: Please use unwrapAndroidObject to prevent the extra object wrapper.
09-15 14:23:20.664 12309 26575 W CAM_kma : RESULT_EXTENDED_FACE key is null
09-15 14:23:20.669 12309 26575 W CameraPipeCaptureResult: Please use unwrapAndroidObject to prevent the extra object wrapper.
09-15 14:23:20.705 12309 26575 W CAM_kma : RESULT_EXTENDED_FACE key is null
09-15 14:23:20.708 12309 26575 W CameraPipeCaptureResult: Please use unwrapAndroidObject to prevent the extra object wrapper.
09-15 14:23:20.750 12309 26575 W CAM_kma : RESULT_EXTENDED_FACE key is null
09-15 14:23:20.753 12309 26575 W CameraPipeCaptureResult: Please use unwrapAndroidObject to prevent the extra object wrapper.
09-15 14:23:20.791 12309 26575 W CAM_kma : RESULT_EXTENDED_FACE key is null
09-15 14:23:20.811 12309 26575 W CameraPipeCaptureResult: Please use unwrapAndroidObject to prevent the extra object wrapper.
09-15 14:23:20.832 12309 26575 W CAM_kma : RESULT_EXTENDED_FACE key is null
09-15 14:23:20.837 12309 26575 W CameraPipeCaptureResult: Please use unwrapAndroidObject to prevent the extra object wrapper.
09-15 14:23:20.872 12309 26575 W CAM_kma : RESULT_EXTENDED_FACE key is null
09-15 14:23:20.878 12309 26575 W CameraPipeCaptureResult: Please use unwrapAndroidObject to prevent the extra object wrapper.
09-15 14:23:20.917 12309 26575 W CAM_kma : RESULT_EXTENDED_FACE key is null
09-15 14:23:20.930 12309 26575 W CameraPipeCaptureResult: Please use unwrapAndroidObject to prevent the extra object wrapper.
09-15 14:23:20.944 12309  9651 I acceleration: ModifyGraphWithDelegate model namespace: unknown_namespace model id: unknown_model_id accelerator name: EDGETPU
09-15 14:23:20.947 12309  9651 I acceleration: ModifyGraphWithDelegate model namespace: unknown_namespace model id: unknown_model_id accelerator name: EDGETPU
09-15 14:23:20.954 12309 26575 W CAM_kma : RESULT_EXTENDED_FACE key is null
09-15 14:23:20.957 12309 26575 W CameraPipeCaptureResult: Please use unwrapAndroidObject to prevent the extra object wrapper.
09-15 14:23:20.991 12309 26575 W CAM_kma : RESULT_EXTENDED_FACE key is null
09-15 14:23:20.997 12309 26575 W CameraPipeCaptureResult: Please use unwrapAndroidObject to prevent the extra object wrapper.
09-15 14:23:21.040 12309 26575 W CAM_kma : RESULT_EXTENDED_FACE key is null
09-15 14:23:21.043 12309 26575 W CameraPipeCaptureResult: Please use unwrapAndroidObject to prevent the extra object wrapper.
09-15 14:23:21.082 12309 26575 W CAM_kma : RESULT_EXTENDED_FACE key is null
09-15 14:23:21.088 12309 26575 W CameraPipeCaptureResult: Please use unwrapAndroidObject to prevent the extra object wrapper.
09-15 14:23:21.126 12309 26575 W CAM_kma : RESULT_EXTENDED_FACE key is null
09-15 14:23:21.132 12309 26575 W CameraPipeCaptureResult: Please use unwrapAndroidObject to prevent the extra object wrapper.
09-15 14:23:21.167 12309 26575 W CAM_kma : RESULT_EXTENDED_FACE key is null
09-15 14:23:21.170 12309 26575 W CameraPipeCaptureResult: Please use unwrapAndroidObject to prevent the extra object wrapper.
09-15 14:23:21.201 12309 26575 W CAM_kma : RESULT_EXTENDED_FACE key is null
09-15 14:23:21.204 12309 26575 W CameraPipeCaptureResult: Please use unwrapAndroidObject to prevent the extra object wrapper.
09-15 14:23:21.235 12309 26575 W CAM_kma : RESULT_EXTENDED_FACE key is null
09-15 14:23:21.238 12309 26575 W CameraPipeCaptureResult: Please use unwrapAndroidObject to prevent the extra object wrapper.
09-15 14:23:21.261 12309 10725 E native  : E0000 00:00:1757917401.261225   10725 lens_offset.cc:141] timestamp 15798755855432 invalid. (2628776 ns away from the latest one). Note that this log prints at most once every 1 seconds
09-15 14:23:21.269 12309 26575 W CAM_kma : RESULT_EXTENDED_FACE key is null
09-15 14:23:21.270 12309 26575 W CameraPipeCaptureResult: Please use unwrapAndroidObject to prevent the extra object wrapper.
09-15 14:23:21.298 12309 26575 W CAM_kma : RESULT_EXTENDED_FACE key is null
09-15 14:23:21.303 12309 26575 W CameraPipeCaptureResult: Please use unwrapAndroidObject to prevent the extra object wrapper.
09-15 14:23:21.335 12309 26575 W CAM_kma : RESULT_EXTENDED_FACE key is null
09-15 14:23:21.342 12309 26575 W CameraPipeCaptureResult: Please use unwrapAndroidObject to prevent the extra object wrapper.
09-15 14:23:21.366 12309 26575 W CAM_kma : RESULT_EXTENDED_FACE key is null
09-15 14:23:21.372 12309 26575 W CameraPipeCaptureResult: Please use unwrapAndroidObject to prevent the extra object wrapper.
09-15 14:23:21.406 12309 26575 W CAM_kma : RESULT_EXTENDED_FACE key is null
09-15 14:23:21.409 12309 26575 W CameraPipeCaptureResult: Please use unwrapAndroidObject to prevent the extra object wrapper.
09-15 14:23:21.413 12309 12309 W VfeExecutor: type=1400 audit(0.0:22607): avc:  denied  { getattr } for  name="/" dev="dmabuf" ino=1 scontext=u:r:google_camera_app:s0:c183,c256,c512,c768 tcontext=u:object_r:unlabeled:s0 tclass=filesystem permissive=0 app=com.google.android.GoogleCamera
09-15 14:23:21.413 12309 12309 W VfeExecutor: type=1400 audit(0.0:22608): avc:  denied  { getattr } for  name="/" dev="dmabuf" ino=1 scontext=u:r:google_camera_app:s0:c183,c256,c512,c768 tcontext=u:object_r:unlabeled:s0 tclass=filesystem permissive=0 app=com.google.android.GoogleCamera
09-15 14:23:21.433 12309 26575 W CAM_kma : RESULT_EXTENDED_FACE key is null
09-15 14:23:21.439 12309 26575 W CameraPipeCaptureResult: Please use unwrapAndroidObject to prevent the extra object wrapper.
09-15 14:23:21.441 12309 12309 W VfeExecutor: type=1400 audit(0.0:22609): avc:  denied  { getattr } for  name="/" dev="dmabuf" ino=1 scontext=u:r:google_camera_app:s0:c183,c256,c512,c768 tcontext=u:object_r:unlabeled:s0 tclass=filesystem permissive=0 app=com.google.android.GoogleCamera
09-15 14:23:21.441 12309 12309 W VfeExecutor: type=1400 audit(0.0:22610): avc:  denied  { getattr } for  name="/" dev="dmabuf" ino=1 scontext=u:r:google_camera_app:s0:c183,c256,c512,c768 tcontext=u:object_r:unlabeled:s0 tclass=filesystem permissive=0 app=com.google.android.GoogleCamera
09-15 14:23:21.468 12309 26575 W CAM_kma : RESULT_EXTENDED_FACE key is null
09-15 14:23:21.473 12309 26575 W CameraPipeCaptureResult: Please use unwrapAndroidObject to prevent the extra object wrapper.
09-15 14:23:21.473 12309 12309 W VfeExecutor: type=1400 audit(0.0:22611): avc:  denied  { getattr } for  name="/" dev="dmabuf" ino=1 scontext=u:r:google_camera_app:s0:c183,c256,c512,c768 tcontext=u:object_r:unlabeled:s0 tclass=filesystem permissive=0 app=com.google.android.GoogleCamera
09-15 14:23:21.496 12309 26575 W CAM_kma : RESULT_EXTENDED_FACE key is null
09-15 14:23:21.501 12309 26575 W CameraPipeCaptureResult: Please use unwrapAndroidObject to prevent the extra object wrapper.
09-15 14:23:21.529 12309 26575 W CAM_kma : RESULT_EXTENDED_FACE key is null
09-15 14:23:21.546 12309 26575 W CameraPipeCaptureResult: Please use unwrapAndroidObject to prevent the extra object wrapper.
09-15 14:23:21.564 12309 26575 W CAM_kma : RESULT_EXTENDED_FACE key is null
09-15 14:23:21.570 12309 26575 W CameraPipeCaptureResult: Please use unwrapAndroidObject to prevent the extra object wrapper.
09-15 14:23:21.596 12309 26575 W CAM_kma : RESULT_EXTENDED_FACE key is null
09-15 14:23:21.599 12309 26699 W CAM_pob : Pet and BoH faces are not supported. [CONTEXT ratelimit_period="1 SECONDS" skipped=52 ]
09-15 14:23:21.615 12309 10741 I native  : I0000 00:00:1757917401.615043   10741 viwls_helper.cc:235] [M] LiteCOM fixed 7/0.9% points and 0/0.0% keyframes.
09-15 14:23:21.615 12309 26575 W CameraPipeCaptureResult: Please use unwrapAndroidObject to prevent the extra object wrapper.
09-15 14:23:21.635 12309 26575 W CAM_kma : RESULT_EXTENDED_FACE key is null
09-15 14:23:21.639 12309 26575 W CameraPipeCaptureResult: Please use unwrapAndroidObject to prevent the extra object wrapper.
09-15 14:23:21.655 12309 10725 I native  : I0000 00:00:1757917401.654935   10725 performance_monitor.cc:116] Event: FeatureExtraction is taking too long, it took 114.032ms
09-15 14:23:21.683 12309 26575 W CAM_kma : RESULT_EXTENDED_FACE key is null
09-15 14:23:21.685 12309 26575 W CameraPipeCaptureResult: Please use unwrapAndroidObject to prevent the extra object wrapper.
09-15 14:23:21.698 12309 26575 W CAM_kma : RESULT_EXTENDED_FACE key is null
09-15 14:23:21.700 12309 26575 W CameraPipeCaptureResult: Please use unwrapAndroidObject to prevent the extra object wrapper.
09-15 14:23:21.729 12309 26575 W CAM_kma : RESULT_EXTENDED_FACE key is null
09-15 14:23:21.734 12309 26575 W CameraPipeCaptureResult: Please use unwrapAndroidObject to prevent the extra object wrapper.
09-15 14:23:21.763 12309 26575 W CAM_kma : RESULT_EXTENDED_FACE key is null
09-15 14:23:21.765 12309 26575 W CameraPipeCaptureResult: Please use unwrapAndroidObject to prevent the extra object wrapper.
09-15 14:23:21.817 12309 26575 W CAM_kma : RESULT_EXTENDED_FACE key is null
09-15 14:23:21.826 12309 26575 W CameraPipeCaptureResult: Please use unwrapAndroidObject to prevent the extra object wrapper.
09-15 14:23:21.832 12309 26575 W CAM_kma : RESULT_EXTENDED_FACE key is null
09-15 14:23:21.837 12309 26575 W CameraPipeCaptureResult: Please use unwrapAndroidObject to prevent the extra object wrapper.
09-15 14:23:21.862 12309 26575 W CAM_kma : RESULT_EXTENDED_FACE key is null
09-15 14:23:21.868 12309 26575 W CameraPipeCaptureResult: Please use unwrapAndroidObject to prevent the extra object wrapper.
09-15 14:23:21.900 12309 26575 W CAM_kma : RESULT_EXTENDED_FACE key is null
09-15 14:23:21.906 12309 26575 W CameraPipeCaptureResult: Please use unwrapAndroidObject to prevent the extra object wrapper.
09-15 14:23:21.927 12309 10741 I native  : I0000 00:00:1757917401.927404   10741 viwls_optimization.cc:1432] [M] MAP SOLVE: Iterations: 5, Cost: 6.792828e+04 -> 3.749772e+02, Reason: USER_SUCCESS
09-15 14:23:21.930 12309 26575 W CAM_kma : RESULT_EXTENDED_FACE key is null
09-15 14:23:21.936 12309 26575 W CameraPipeCaptureResult: Please use unwrapAndroidObject to prevent the extra object wrapper.
09-15 14:23:21.964 12309 26575 W CAM_kma : RESULT_EXTENDED_FACE key is null
09-15 14:23:21.967 12309 26575 W CameraPipeCaptureResult: Please use unwrapAndroidObject to prevent the extra object wrapper.
09-15 14:23:22.012 12309 26575 W CAM_kma : RESULT_EXTENDED_FACE key is null
09-15 14:23:22.012 12309 26575 W CameraPipeCaptureResult: Please use unwrapAndroidObject to prevent the extra object wrapper.
09-15 14:23:22.029 12309 26575 W CAM_kma : RESULT_EXTENDED_FACE key is null
09-15 14:23:22.033 12309 26575 W CameraPipeCaptureResult: Please use unwrapAndroidObject to prevent the extra object wrapper.
09-15 14:23:22.061 12309 26575 W CAM_kma : RESULT_EXTENDED_FACE key is null
09-15 14:23:22.066 12309 26575 W CameraPipeCaptureResult: Please use unwrapAndroidObject to prevent the extra object wrapper.
09-15 14:23:22.098 12309 26575 W CAM_kma : RESULT_EXTENDED_FACE key is null
09-15 14:23:22.102 12309 26575 W CameraPipeCaptureResult: Please use unwrapAndroidObject to prevent the extra object wrapper.
09-15 14:23:22.130 12309 26575 W CAM_kma : RESULT_EXTENDED_FACE key is null
09-15 14:23:22.134 12309 26575 W CameraPipeCaptureResult: Please use unwrapAndroidObject to prevent the extra object wrapper.
09-15 14:23:22.175 12309 26575 W CAM_kma : RESULT_EXTENDED_FACE key is null
09-15 14:23:22.175 12309 26575 W CameraPipeCaptureResult: Please use unwrapAndroidObject to prevent the extra object wrapper.
09-15 14:23:22.199 12309 26575 W CAM_kma : RESULT_EXTENDED_FACE key is null
09-15 14:23:22.204 12309 26575 W CameraPipeCaptureResult: Please use unwrapAndroidObject to prevent the extra object wrapper.
09-15 14:23:22.241 12309 26575 W CAM_kma : RESULT_EXTENDED_FACE key is null
09-15 14:23:22.244 12309 26575 W CameraPipeCaptureResult: Please use unwrapAndroidObject to prevent the extra object wrapper.
09-15 14:23:22.267 12309 26575 W CAM_kma : RESULT_EXTENDED_FACE key is null
09-15 14:23:22.269 12309 10725 E native  : E0000 00:00:1757917402.269180   10725 lens_offset.cc:141] timestamp 15799758176134 invalid. (1049881 ns away from the latest one). Note that this log prints at most once every 1 seconds
09-15 14:23:22.274 12309 26575 W CameraPipeCaptureResult: Please use unwrapAndroidObject to prevent the extra object wrapper.
09-15 14:23:22.297 12309 26575 W CAM_kma : RESULT_EXTENDED_FACE key is null
09-15 14:23:22.301 12309 26575 W CameraPipeCaptureResult: Please use unwrapAndroidObject to prevent the extra object wrapper.
09-15 14:23:22.334 12309 26575 W CAM_kma : RESULT_EXTENDED_FACE key is null
09-15 14:23:22.337 12309 26575 W CameraPipeCaptureResult: Please use unwrapAndroidObject to prevent the extra object wrapper.
09-15 14:23:22.364 12309 26575 W CAM_kma : RESULT_EXTENDED_FACE key is null
09-15 14:23:22.367 12309 26575 W CameraPipeCaptureResult: Please use unwrapAndroidObject to prevent the extra object wrapper.
09-15 14:23:22.410 12309 26575 W CAM_kma : RESULT_EXTENDED_FACE key is null
09-15 14:23:22.410 12309 26575 W CameraPipeCaptureResult: Please use unwrapAndroidObject to prevent the extra object wrapper.
09-15 14:23:22.434 12309 26575 W CAM_kma : RESULT_EXTENDED_FACE key is null
09-15 14:23:22.436 12309 26575 W CameraPipeCaptureResult: Please use unwrapAndroidObject to prevent the extra object wrapper.
09-15 14:23:22.433 12309 12309 W VfeExecutor: type=1400 audit(0.0:22669): avc:  denied  { getattr } for  name="/" dev="dmabuf" ino=1 scontext=u:r:google_camera_app:s0:c183,c256,c512,c768 tcontext=u:object_r:unlabeled:s0 tclass=filesystem permissive=0 app=com.google.android.GoogleCamera
09-15 14:23:22.437 12309 12309 W VfeExecutor: type=1400 audit(0.0:22670): avc:  denied  { getattr } for  name="/" dev="dmabuf" ino=1 scontext=u:r:google_camera_app:s0:c183,c256,c512,c768 tcontext=u:object_r:unlabeled:s0 tclass=filesystem permissive=0 app=com.google.android.GoogleCamera
09-15 14:23:22.466 12309 26575 W CAM_kma : RESULT_EXTENDED_FACE key is null
09-15 14:23:22.471 12309 26575 W CameraPipeCaptureResult: Please use unwrapAndroidObject to prevent the extra object wrapper.
09-15 14:23:22.477 12309 12309 W VfeExecutor: type=1400 audit(0.0:22671): avc:  denied  { getattr } for  name="/" dev="dmabuf" ino=1 scontext=u:r:google_camera_app:s0:c183,c256,c512,c768 tcontext=u:object_r:unlabeled:s0 tclass=filesystem permissive=0 app=com.google.android.GoogleCamera
09-15 14:23:22.481 12309 12309 W VfeExecutor: type=1400 audit(0.0:22672): avc:  denied  { getattr } for  name="/" dev="dmabuf" ino=1 scontext=u:r:google_camera_app:s0:c183,c256,c512,c768 tcontext=u:object_r:unlabeled:s0 tclass=filesystem permissive=0 app=com.google.android.GoogleCamera
09-15 14:23:22.500 12309 26575 W CAM_kma : RESULT_EXTENDED_FACE key is null
09-15 14:23:22.503 12309 26575 W CameraPipeCaptureResult: Please use unwrapAndroidObject to prevent the extra object wrapper.
09-15 14:23:22.501 12309 12309 W VfeExecutor: type=1400 audit(0.0:22673): avc:  denied  { getattr } for  name="/" dev="dmabuf" ino=1 scontext=u:r:google_camera_app:s0:c183,c256,c512,c768 tcontext=u:object_r:unlabeled:s0 tclass=filesystem permissive=0 app=com.google.android.GoogleCamera
09-15 14:23:22.533 12309 26575 W CAM_kma : RESULT_EXTENDED_FACE key is null
09-15 14:23:22.538 12309 26575 W CameraPipeCaptureResult: Please use unwrapAndroidObject to prevent the extra object wrapper.
09-15 14:23:22.567 12309 26575 W CAM_kma : RESULT_EXTENDED_FACE key is null
09-15 14:23:22.568 12309 10728 I native  : I0000 00:00:1757917402.568718   10728 pose_manager.cc:373] World pose node changing to MapId:7ae0ada4-0515-2015-8fd5-ddc2dc24378c with 2 opt.
09-15 14:23:22.573 12309 26575 W CameraPipeCaptureResult: Please use unwrapAndroidObject to prevent the extra object wrapper.
09-15 14:23:22.599 12309 26575 W CAM_kma : RESULT_EXTENDED_FACE key is null
09-15 14:23:22.599 12309 26699 W CAM_pob : Pet and BoH faces are not supported. [CONTEXT ratelimit_period="1 SECONDS" skipped=59 ]
09-15 14:23:22.603 12309 26575 W CameraPipeCaptureResult: Please use unwrapAndroidObject to prevent the extra object wrapper.
09-15 14:23:22.633 12309 26575 W CAM_kma : RESULT_EXTENDED_FACE key is null
09-15 14:23:22.635 12309 26575 W CameraPipeCaptureResult: Please use unwrapAndroidObject to prevent the extra object wrapper.
09-15 14:23:22.666 12309 26575 W CAM_kma : RESULT_EXTENDED_FACE key is null
09-15 14:23:22.670 12309 26575 W CameraPipeCaptureResult: Please use unwrapAndroidObject to prevent the extra object wrapper.
09-15 14:23:22.701 12309 26575 W CAM_kma : RESULT_EXTENDED_FACE key is null
09-15 14:23:22.703 12309 26575 W CameraPipeCaptureResult: Please use unwrapAndroidObject to prevent the extra object wrapper.
09-15 14:23:22.731 12309 26575 W CAM_kma : RESULT_EXTENDED_FACE key is null
09-15 14:23:22.734 12309 26575 W CameraPipeCaptureResult: Please use unwrapAndroidObject to prevent the extra object wrapper.
09-15 14:23:22.778 12309 26575 W CAM_kma : RESULT_EXTENDED_FACE key is null
09-15 14:23:22.779 12309 26575 W CameraPipeCaptureResult: Please use unwrapAndroidObject to prevent the extra object wrapper.
09-15 14:23:22.812 12309 26575 W CAM_kma : RESULT_EXTENDED_FACE key is null
09-15 14:23:22.814 12309 26575 W CameraPipeCaptureResult: Please use unwrapAndroidObject to prevent the extra object wrapper.
09-15 14:23:22.836 12309 26575 W CAM_kma : RESULT_EXTENDED_FACE key is null
09-15 14:23:22.849 12309 26575 W CameraPipeCaptureResult: Please use unwrapAndroidObject to prevent the extra object wrapper.
09-15 14:23:22.869 12309 26575 W CAM_kma : RESULT_EXTENDED_FACE key is null
09-15 14:23:22.876 12309 26575 W CameraPipeCaptureResult: Please use unwrapAndroidObject to prevent the extra object wrapper.
09-15 14:23:22.898 12309 26575 W CAM_kma : RESULT_EXTENDED_FACE key is null
09-15 14:23:22.903 12309 26575 W CameraPipeCaptureResult: Please use unwrapAndroidObject to prevent the extra object wrapper.
09-15 14:23:22.931 12309 26575 W CAM_kma : RESULT_EXTENDED_FACE key is null
09-15 14:23:22.934 12309 26575 W CameraPipeCaptureResult: Please use unwrapAndroidObject to prevent the extra object wrapper.
09-15 14:23:22.968 12309 26575 W CAM_kma : RESULT_EXTENDED_FACE key is null
09-15 14:23:22.991 12309 26575 W CameraPipeCaptureResult: Please use unwrapAndroidObject to prevent the extra object wrapper.
09-15 14:23:22.997 12309 26575 W CAM_kma : RESULT_EXTENDED_FACE key is null
09-15 14:23:23.003 12309 26575 W CameraPipeCaptureResult: Please use unwrapAndroidObject to prevent the extra object wrapper.
09-15 14:23:23.033 12309 26575 W CAM_kma : RESULT_EXTENDED_FACE key is null
09-15 14:23:23.035 12309 26575 W CameraPipeCaptureResult: Please use unwrapAndroidObject to prevent the extra object wrapper.
09-15 14:23:23.067 12309 26575 W CAM_kma : RESULT_EXTENDED_FACE key is null
09-15 14:23:23.071 12309 26575 W CameraPipeCaptureResult: Please use unwrapAndroidObject to prevent the extra object wrapper.
09-15 14:23:23.101 12309 26575 W CAM_kma : RESULT_EXTENDED_FACE key is null
09-15 14:23:23.106 12309 26575 W CameraPipeCaptureResult: Please use unwrapAndroidObject to prevent the extra object wrapper.
09-15 14:23:23.150 12309 26575 W CAM_kma : RESULT_EXTENDED_FACE key is null
09-15 14:23:23.150 12309 26575 W CameraPipeCaptureResult: Please use unwrapAndroidObject to prevent the extra object wrapper.
09-15 14:23:23.164 12309 26575 W CAM_kma : RESULT_EXTENDED_FACE key is null
09-15 14:23:23.167 12309 26575 W CameraPipeCaptureResult: Please use unwrapAndroidObject to prevent the extra object wrapper.
09-15 14:23:23.199 12309 26575 W CAM_kma : RESULT_EXTENDED_FACE key is null
09-15 14:23:23.207 12309 26575 W CameraPipeCaptureResult: Please use unwrapAndroidObject to prevent the extra object wrapper.
09-15 14:23:23.231 12309 26575 W CAM_kma : RESULT_EXTENDED_FACE key is null
09-15 14:23:23.236 12309 26575 W CameraPipeCaptureResult: Please use unwrapAndroidObject to prevent the extra object wrapper.
09-15 14:23:23.266 12309 26575 W CAM_kma : RESULT_EXTENDED_FACE key is null
09-15 14:23:23.270 12309 26575 W CameraPipeCaptureResult: Please use unwrapAndroidObject to prevent the extra object wrapper.
09-15 14:23:23.296 12309 26575 W CAM_kma : RESULT_EXTENDED_FACE key is null
09-15 14:23:23.301 12309 26575 W CameraPipeCaptureResult: Please use unwrapAndroidObject to prevent the extra object wrapper.
09-15 14:23:23.329 12309 26575 W CAM_kma : RESULT_EXTENDED_FACE key is null
09-15 14:23:23.332 12309 26575 W CameraPipeCaptureResult: Please use unwrapAndroidObject to prevent the extra object wrapper.
09-15 14:23:23.351 12309 10725 E native  : E0000 00:00:1757917403.351753   10725 lens_offset.cc:141] timestamp 15800856035878 invalid. (2950695 ns away from the latest one). Note that this log prints at most once every 1 seconds
09-15 14:23:23.371 12309 26575 W CAM_kma : RESULT_EXTENDED_FACE key is null
09-15 14:23:23.373 12309 26575 W CameraPipeCaptureResult: Please use unwrapAndroidObject to prevent the extra object wrapper.
09-15 14:23:23.399 12309 26575 W CAM_kma : RESULT_EXTENDED_FACE key is null
09-15 14:23:23.426 12309 26575 W CameraPipeCaptureResult: Please use unwrapAndroidObject to prevent the extra object wrapper.
09-15 14:23:23.436 12309 26575 W CAM_kma : RESULT_EXTENDED_FACE key is null
09-15 14:23:23.438 12309 26575 W CameraPipeCaptureResult: Please use unwrapAndroidObject to prevent the extra object wrapper.
09-15 14:23:23.464 12309 26575 W CAM_kma : RESULT_EXTENDED_FACE key is null
09-15 14:23:23.481 12309 12309 W VfeExecutor: type=1400 audit(0.0:22731): avc:  denied  { getattr } for  name="/" dev="dmabuf" ino=1 scontext=u:r:google_camera_app:s0:c183,c256,c512,c768 tcontext=u:object_r:unlabeled:s0 tclass=filesystem permissive=0 app=com.google.android.GoogleCamera
09-15 14:23:23.481 12309 12309 W VfeExecutor: type=1400 audit(0.0:22732): avc:  denied  { getattr } for  name="/" dev="dmabuf" ino=1 scontext=u:r:google_camera_app:s0:c183,c256,c512,c768 tcontext=u:object_r:unlabeled:s0 tclass=filesystem permissive=0 app=com.google.android.GoogleCamera
09-15 14:23:23.498 12309 26575 W CameraPipeCaptureResult: Please use unwrapAndroidObject to prevent the extra object wrapper.
09-15 14:23:23.500 12309 26575 W CAM_kma : RESULT_EXTENDED_FACE key is null
09-15 14:23:23.502 12309 26575 W CameraPipeCaptureResult: Please use unwrapAndroidObject to prevent the extra object wrapper.
09-15 14:23:23.505 12309 12309 W VfeExecutor: type=1400 audit(0.0:22733): avc:  denied  { getattr } for  name="/" dev="dmabuf" ino=1 scontext=u:r:google_camera_app:s0:c183,c256,c512,c768 tcontext=u:object_r:unlabeled:s0 tclass=filesystem permissive=0 app=com.google.android.GoogleCamera
09-15 14:23:23.505 12309 12309 W VfeExecutor: type=1400 audit(0.0:22734): avc:  denied  { getattr } for  name="/" dev="dmabuf" ino=1 scontext=u:r:google_camera_app:s0:c183,c256,c512,c768 tcontext=u:object_r:unlabeled:s0 tclass=filesystem permissive=0 app=com.google.android.GoogleCamera
09-15 14:23:23.530 12309 26575 W CAM_kma : RESULT_EXTENDED_FACE key is null
09-15 14:23:23.535 12309 26575 W CameraPipeCaptureResult: Please use unwrapAndroidObject to prevent the extra object wrapper.
09-15 14:23:23.529 12309 12309 W VfeExecutor: type=1400 audit(0.0:22735): avc:  denied  { getattr } for  name="/" dev="dmabuf" ino=1 scontext=u:r:google_camera_app:s0:c183,c256,c512,c768 tcontext=u:object_r:unlabeled:s0 tclass=filesystem permissive=0 app=com.google.android.GoogleCamera
09-15 14:23:23.596 12309 26575 W CAM_kma : RESULT_EXTENDED_FACE key is null
09-15 14:23:23.597 12309 26575 W CameraPipeCaptureResult: Please use unwrapAndroidObject to prevent the extra object wrapper.
09-15 14:23:23.610 12309 26981 W CAM_pob : Pet and BoH faces are not supported. [CONTEXT ratelimit_period="1 SECONDS" skipped=59 ]
09-15 14:23:23.632 12309 26575 W CAM_kma : RESULT_EXTENDED_FACE key is null
09-15 14:23:23.658 12309 26575 W CameraPipeCaptureResult: Please use unwrapAndroidObject to prevent the extra object wrapper.
09-15 14:23:23.664 12309 26575 W CAM_kma : RESULT_EXTENDED_FACE key is null
09-15 14:23:23.664 12309 26575 W CameraPipeCaptureResult: Please use unwrapAndroidObject to prevent the extra object wrapper.
09-15 14:23:23.678 12309 26575 W CAM_kma : RESULT_EXTENDED_FACE key is null
09-15 14:23:23.679 12309 26575 W CameraPipeCaptureResult: Please use unwrapAndroidObject to prevent the extra object wrapper.
09-15 14:23:23.697 12309 26575 W CAM_kma : RESULT_EXTENDED_FACE key is null
09-15 14:23:23.702 12309 26575 W CameraPipeCaptureResult: Please use unwrapAndroidObject to prevent the extra object wrapper.
09-15 14:23:23.732 12309 26575 W CAM_kma : RESULT_EXTENDED_FACE key is null
09-15 14:23:23.737 12309 26575 W CameraPipeCaptureResult: Please use unwrapAndroidObject to prevent the extra object wrapper.
09-15 14:23:23.762 12309 26575 W CAM_kma : RESULT_EXTENDED_FACE key is null
09-15 14:23:23.766 12309 26575 W CameraPipeCaptureResult: Please use unwrapAndroidObject to prevent the extra object wrapper.
09-15 14:23:23.794 12309 26575 W CAM_kma : RESULT_EXTENDED_FACE key is null
09-15 14:23:23.799 12309 26575 W CameraPipeCaptureResult: Please use unwrapAndroidObject to prevent the extra object wrapper.
09-15 14:23:23.832 12309 26575 W CAM_kma : RESULT_EXTENDED_FACE key is null
09-15 14:23:23.835 12309 26575 W CameraPipeCaptureResult: Please use unwrapAndroidObject to prevent the extra object wrapper.
09-15 14:23:23.860 12309 26575 W CAM_kma : RESULT_EXTENDED_FACE key is null
09-15 14:23:23.865 12309 26575 W CameraPipeCaptureResult: Please use unwrapAndroidObject to prevent the extra object wrapper.
09-15 14:23:23.897 12309 26575 W CAM_kma : RESULT_EXTENDED_FACE key is null
09-15 14:23:23.905 12309 26575 W CameraPipeCaptureResult: Please use unwrapAndroidObject to prevent the extra object wrapper.
09-15 14:23:23.933 12309 26575 W CAM_kma : RESULT_EXTENDED_FACE key is null
09-15 14:23:23.934 12309 26575 W CameraPipeCaptureResult: Please use unwrapAndroidObject to prevent the extra object wrapper.
09-15 14:23:23.964 12309 26575 W CAM_kma : RESULT_EXTENDED_FACE key is null
09-15 14:23:23.965 12309 26575 W CameraPipeCaptureResult: Please use unwrapAndroidObject to prevent the extra object wrapper.
09-15 14:23:23.995 12309 26575 W CAM_kma : RESULT_EXTENDED_FACE key is null
09-15 14:23:24.000 12309 26575 W CameraPipeCaptureResult: Please use unwrapAndroidObject to prevent the extra object wrapper.
09-15 14:23:24.033 12309 26575 W CAM_kma : RESULT_EXTENDED_FACE key is null
09-15 14:23:24.037 12309 26575 W CameraPipeCaptureResult: Please use unwrapAndroidObject to prevent the extra object wrapper.
09-15 14:23:24.067 12309 26575 W CAM_kma : RESULT_EXTENDED_FACE key is null
09-15 14:23:24.072 12309 26575 W CameraPipeCaptureResult: Please use unwrapAndroidObject to prevent the extra object wrapper.
09-15 14:23:24.098 12309 26575 W CAM_kma : RESULT_EXTENDED_FACE key is null
09-15 14:23:24.104 12309 26575 W CameraPipeCaptureResult: Please use unwrapAndroidObject to prevent the extra object wrapper.
09-15 14:23:24.129 12309 26575 W CAM_kma : RESULT_EXTENDED_FACE key is null
09-15 14:23:24.134 12309 26575 W CameraPipeCaptureResult: Please use unwrapAndroidObject to prevent the extra object wrapper.
09-15 14:23:24.163 12309 26575 W CAM_kma : RESULT_EXTENDED_FACE key is null
09-15 14:23:24.167 12309 26575 W CameraPipeCaptureResult: Please use unwrapAndroidObject to prevent the extra object wrapper.
09-15 14:23:24.196 12309 26575 W CAM_kma : RESULT_EXTENDED_FACE key is null
09-15 14:23:24.201 12309 26575 W CameraPipeCaptureResult: Please use unwrapAndroidObject to prevent the extra object wrapper.
09-15 14:23:24.231 12309 26575 W CAM_kma : RESULT_EXTENDED_FACE key is null
09-15 14:23:24.234 12309 26575 W CameraPipeCaptureResult: Please use unwrapAndroidObject to prevent the extra object wrapper.
09-15 14:23:24.267 12309 26575 W CAM_kma : RESULT_EXTENDED_FACE key is null
09-15 14:23:24.269 12309 26575 W CameraPipeCaptureResult: Please use unwrapAndroidObject to prevent the extra object wrapper.
09-15 14:23:24.296 12309 26575 W CAM_kma : RESULT_EXTENDED_FACE key is null
09-15 14:23:24.304 12309 26575 W CameraPipeCaptureResult: Please use unwrapAndroidObject to prevent the extra object wrapper.
09-15 14:23:24.329 12309 26575 W CAM_kma : RESULT_EXTENDED_FACE key is null
09-15 14:23:24.338 12309 26575 W CameraPipeCaptureResult: Please use unwrapAndroidObject to prevent the extra object wrapper.
09-15 14:23:24.367 12309 26575 W CAM_kma : RESULT_EXTENDED_FACE key is null
09-15 14:23:24.370 12309 26575 W CameraPipeCaptureResult: Please use unwrapAndroidObject to prevent the extra object wrapper.
09-15 14:23:24.398 12309 26575 W CAM_kma : RESULT_EXTENDED_FACE key is null
09-15 14:23:24.401 12309 26575 W CameraPipeCaptureResult: Please use unwrapAndroidObject to prevent the extra object wrapper.
09-15 14:23:24.430 12309 26575 W CAM_kma : RESULT_EXTENDED_FACE key is null
09-15 14:23:24.435 12309 26575 W CameraPipeCaptureResult: Please use unwrapAndroidObject to prevent the extra object wrapper.
09-15 14:23:24.461 12309 26575 W CAM_kma : RESULT_EXTENDED_FACE key is null
09-15 14:23:24.472 12309 26575 W CameraPipeCaptureResult: Please use unwrapAndroidObject to prevent the extra object wrapper.
09-15 14:23:24.498 12309 26575 W CAM_kma : RESULT_EXTENDED_FACE key is null
09-15 14:23:24.501 12309 26575 W CameraPipeCaptureResult: Please use unwrapAndroidObject to prevent the extra object wrapper.
09-15 14:23:24.501 12309 12309 W VfeExecutor: type=1400 audit(0.0:22793): avc:  denied  { getattr } for  name="/" dev="dmabuf" ino=1 scontext=u:r:google_camera_app:s0:c183,c256,c512,c768 tcontext=u:object_r:unlabeled:s0 tclass=filesystem permissive=0 app=com.google.android.GoogleCamera
09-15 14:23:24.501 12309 12309 W VfeExecutor: type=1400 audit(0.0:22794): avc:  denied  { getattr } for  name="/" dev="dmabuf" ino=1 scontext=u:r:google_camera_app:s0:c183,c256,c512,c768 tcontext=u:object_r:unlabeled:s0 tclass=filesystem permissive=0 app=com.google.android.GoogleCamera
09-15 14:23:24.533 12309 12309 W VfeExecutor: type=1400 audit(0.0:22795): avc:  denied  { getattr } for  name="/" dev="dmabuf" ino=1 scontext=u:r:google_camera_app:s0:c183,c256,c512,c768 tcontext=u:object_r:unlabeled:s0 tclass=filesystem permissive=0 app=com.google.android.GoogleCamera
09-15 14:23:24.533 12309 12309 W VfeExecutor: type=1400 audit(0.0:22796): avc:  denied  { getattr } for  name="/" dev="dmabuf" ino=1 scontext=u:r:google_camera_app:s0:c183,c256,c512,c768 tcontext=u:object_r:unlabeled:s0 tclass=filesystem permissive=0 app=com.google.android.GoogleCamera
09-15 14:23:24.559 12309 26575 W CAM_kma : RESULT_EXTENDED_FACE key is null
09-15 14:23:24.559 12309 26575 W CameraPipeCaptureResult: Please use unwrapAndroidObject to prevent the extra object wrapper.
09-15 14:23:24.565 12309 12309 W VfeExecutor: type=1400 audit(0.0:22797): avc:  denied  { getattr } for  name="/" dev="dmabuf" ino=1 scontext=u:r:google_camera_app:s0:c183,c256,c512,c768 tcontext=u:object_r:unlabeled:s0 tclass=filesystem permissive=0 app=com.google.android.GoogleCamera
09-15 14:23:24.574 12309 26575 W CAM_kma : RESULT_EXTENDED_FACE key is null
09-15 14:23:24.574 12309 26575 W CameraPipeCaptureResult: Please use unwrapAndroidObject to prevent the extra object wrapper.
09-15 14:23:24.597 12309 26575 W CAM_kma : RESULT_EXTENDED_FACE key is null
09-15 14:23:24.601 12309 26575 W CameraPipeCaptureResult: Please use unwrapAndroidObject to prevent the extra object wrapper.
09-15 14:23:24.630 12309 26575 W CAM_kma : RESULT_EXTENDED_FACE key is null
09-15 14:23:24.631 12309 26699 W CAM_pob : Pet and BoH faces are not supported. [CONTEXT ratelimit_period="1 SECONDS" skipped=61 ]
09-15 14:23:24.634 12309 26575 W CameraPipeCaptureResult: Please use unwrapAndroidObject to prevent the extra object wrapper.
09-15 14:23:24.665 12309 26575 W CAM_kma : RESULT_EXTENDED_FACE key is null
09-15 14:23:24.670 12309 26575 W CameraPipeCaptureResult: Please use unwrapAndroidObject to prevent the extra object wrapper.
09-15 14:23:24.697 12309 26575 W CAM_kma : RESULT_EXTENDED_FACE key is null
09-15 14:23:24.702 12309 26575 W CameraPipeCaptureResult: Please use unwrapAndroidObject to prevent the extra object wrapper.
09-15 14:23:24.732 12309 26575 W CAM_kma : RESULT_EXTENDED_FACE key is null
09-15 14:23:24.734 12309 26575 W CameraPipeCaptureResult: Please use unwrapAndroidObject to prevent the extra object wrapper.
09-15 14:23:24.749 12309 10725 E native  : E0000 00:00:1757917404.749643   10725 lens_offset.cc:141] timestamp 15802256040006 invalid. (2806708 ns away from the latest one). Note that this log prints at most once every 1 seconds
09-15 14:23:24.768 12309 26575 W CAM_kma : RESULT_EXTENDED_FACE key is null
09-15 14:23:24.770 12309 26575 W CameraPipeCaptureResult: Please use unwrapAndroidObject to prevent the extra object wrapper.
09-15 14:23:24.800 12309 26575 W CAM_kma : RESULT_EXTENDED_FACE key is null
09-15 14:23:24.807 12309 26575 W CameraPipeCaptureResult: Please use unwrapAndroidObject to prevent the extra object wrapper.
09-15 14:23:24.827 12309 26575 W CAM_kma : RESULT_EXTENDED_FACE key is null
09-15 14:23:24.832 12309 26575 W CameraPipeCaptureResult: Please use unwrapAndroidObject to prevent the extra object wrapper.
09-15 14:23:24.861 12309 26575 W CAM_kma : RESULT_EXTENDED_FACE key is null
09-15 14:23:24.866 12309 26575 W CameraPipeCaptureResult: Please use unwrapAndroidObject to prevent the extra object wrapper.
09-15 14:23:24.897 12309 26575 W CAM_kma : RESULT_EXTENDED_FACE key is null
09-15 14:23:24.901 12309 26575 W CameraPipeCaptureResult: Please use unwrapAndroidObject to prevent the extra object wrapper.
09-15 14:23:24.930 12309 26575 W CAM_kma : RESULT_EXTENDED_FACE key is null
09-15 14:23:24.936 12309 26575 W CameraPipeCaptureResult: Please use unwrapAndroidObject to prevent the extra object wrapper.
09-15 14:23:24.963 12309 26575 W CAM_kma : RESULT_EXTENDED_FACE key is null
09-15 14:23:24.967 12309 26575 W CameraPipeCaptureResult: Please use unwrapAndroidObject to prevent the extra object wrapper.
09-15 14:23:24.996 12309 26575 W CAM_kma : RESULT_EXTENDED_FACE key is null
09-15 14:23:25.000 12309 26575 W CameraPipeCaptureResult: Please use unwrapAndroidObject to prevent the extra object wrapper.
09-15 14:23:25.027 12309 26575 W CAM_kma : RESULT_EXTENDED_FACE key is null
09-15 14:23:25.033 12309 26575 W CameraPipeCaptureResult: Please use unwrapAndroidObject to prevent the extra object wrapper.
09-15 14:23:25.072 12309 26575 W CAM_kma : RESULT_EXTENDED_FACE key is null
09-15 14:23:25.072 12309 26575 W CameraPipeCaptureResult: Please use unwrapAndroidObject to prevent the extra object wrapper.
09-15 14:23:25.100 12309 26575 W CAM_kma : RESULT_EXTENDED_FACE key is null
09-15 14:23:25.105 12309 26575 W CameraPipeCaptureResult: Please use unwrapAndroidObject to prevent the extra object wrapper.
09-15 14:23:25.131 12309 26575 W CAM_kma : RESULT_EXTENDED_FACE key is null
09-15 14:23:25.135 12309 26575 W CameraPipeCaptureResult: Please use unwrapAndroidObject to prevent the extra object wrapper.
09-15 14:23:25.162 12309 26575 W CAM_kma : RESULT_EXTENDED_FACE key is null
09-15 14:23:25.171 12309 26575 W CameraPipeCaptureResult: Please use unwrapAndroidObject to prevent the extra object wrapper.
09-15 14:23:25.196 12309 26575 W CAM_kma : RESULT_EXTENDED_FACE key is null
09-15 14:23:25.202 12309 26575 W CameraPipeCaptureResult: Please use unwrapAndroidObject to prevent the extra object wrapper.
09-15 14:23:25.231 12309 26575 W CAM_kma : RESULT_EXTENDED_FACE key is null
09-15 14:23:25.253 12309 26575 W CameraPipeCaptureResult: Please use unwrapAndroidObject to prevent the extra object wrapper.
09-15 14:23:25.266 12309 26575 W CAM_kma : RESULT_EXTENDED_FACE key is null
09-15 14:23:25.320 12309 26575 W CameraPipeCaptureResult: Please use unwrapAndroidObject to prevent the extra object wrapper.
09-15 14:23:25.325 12309 26575 W CAM_kma : RESULT_EXTENDED_FACE key is null
09-15 14:23:25.326 12309 26575 W CameraPipeCaptureResult: Please use unwrapAndroidObject to prevent the extra object wrapper.
09-15 14:23:25.332 12309 26575 W CAM_kma : RESULT_EXTENDED_FACE key is null
09-15 14:23:25.335 12309 26575 W CameraPipeCaptureResult: Please use unwrapAndroidObject to prevent the extra object wrapper.
09-15 14:23:25.387 12309 26575 W CAM_kma : RESULT_EXTENDED_FACE key is null
09-15 14:23:25.388 12309 26575 W CameraPipeCaptureResult: Please use unwrapAndroidObject to prevent the extra object wrapper.
09-15 14:23:25.405 12309 26575 W CAM_kma : RESULT_EXTENDED_FACE key is null
09-15 14:23:25.406 12309 26575 W CameraPipeCaptureResult: Please use unwrapAndroidObject to prevent the extra object wrapper.
09-15 14:23:25.432 12309 26575 W CAM_kma : RESULT_EXTENDED_FACE key is null
09-15 14:23:25.432 12309 26575 W CameraPipeCaptureResult: Please use unwrapAndroidObject to prevent the extra object wrapper.
09-15 14:23:25.466 12309 26575 W CAM_kma : RESULT_EXTENDED_FACE key is null
09-15 14:23:25.469 12309 26575 W CameraPipeCaptureResult: Please use unwrapAndroidObject to prevent the extra object wrapper.
09-15 14:23:25.499 12309 26575 W CAM_kma : RESULT_EXTENDED_FACE key is null
09-15 14:23:25.505 12309 26575 W CameraPipeCaptureResult: Please use unwrapAndroidObject to prevent the extra object wrapper.
09-15 14:23:25.505 12309 12309 W VfeExecutor: type=1400 audit(0.0:22853): avc:  denied  { getattr } for  name="/" dev="dmabuf" ino=1 scontext=u:r:google_camera_app:s0:c183,c256,c512,c768 tcontext=u:object_r:unlabeled:s0 tclass=filesystem permissive=0 app=com.google.android.GoogleCamera
09-15 14:23:25.505 12309 12309 W VfeExecutor: type=1400 audit(0.0:22854): avc:  denied  { getattr } for  name="/" dev="dmabuf" ino=1 scontext=u:r:google_camera_app:s0:c183,c256,c512,c768 tcontext=u:object_r:unlabeled:s0 tclass=filesystem permissive=0 app=com.google.android.GoogleCamera
09-15 14:23:25.531 12309 26575 W CAM_kma : RESULT_EXTENDED_FACE key is null
09-15 14:23:25.535 12309 26575 W CameraPipeCaptureResult: Please use unwrapAndroidObject to prevent the extra object wrapper.
09-15 14:23:25.537 12309 12309 W VfeExecutor: type=1400 audit(0.0:22855): avc:  denied  { getattr } for  name="/" dev="dmabuf" ino=1 scontext=u:r:google_camera_app:s0:c183,c256,c512,c768 tcontext=u:object_r:unlabeled:s0 tclass=filesystem permissive=0 app=com.google.android.GoogleCamera
09-15 14:23:25.537 12309 12309 W VfeExecutor: type=1400 audit(0.0:22856): avc:  denied  { getattr } for  name="/" dev="dmabuf" ino=1 scontext=u:r:google_camera_app:s0:c183,c256,c512,c768 tcontext=u:object_r:unlabeled:s0 tclass=filesystem permissive=0 app=com.google.android.GoogleCamera
09-15 14:23:25.562 12309 26575 W CAM_kma : RESULT_EXTENDED_FACE key is null
09-15 14:23:25.567 12309 26575 W CameraPipeCaptureResult: Please use unwrapAndroidObject to prevent the extra object wrapper.
09-15 14:23:25.565 12309 12309 W VfeExecutor: type=1400 audit(0.0:22857): avc:  denied  { getattr } for  name="/" dev="dmabuf" ino=1 scontext=u:r:google_camera_app:s0:c183,c256,c512,c768 tcontext=u:object_r:unlabeled:s0 tclass=filesystem permissive=0 app=com.google.android.GoogleCamera
09-15 14:23:25.594 12309 26575 W CAM_kma : RESULT_EXTENDED_FACE key is null
09-15 14:23:25.600 12309 26575 W CameraPipeCaptureResult: Please use unwrapAndroidObject to prevent the extra object wrapper.
09-15 14:23:25.628 12309 26575 W CAM_kma : RESULT_EXTENDED_FACE key is null
09-15 14:23:25.631 12309 26699 W CAM_pob : Pet and BoH faces are not supported. [CONTEXT ratelimit_period="1 SECONDS" skipped=59 ]
09-15 14:23:25.632 12309 26575 W CameraPipeCaptureResult: Please use unwrapAndroidObject to prevent the extra object wrapper.
09-15 14:23:25.666 12309 26575 W CAM_kma : RESULT_EXTENDED_FACE key is null
09-15 14:23:25.670 12309 26575 W CameraPipeCaptureResult: Please use unwrapAndroidObject to prevent the extra object wrapper.
09-15 14:23:25.699 12309 26575 W CAM_kma : RESULT_EXTENDED_FACE key is null
09-15 14:23:25.706 12309 26575 W CameraPipeCaptureResult: Please use unwrapAndroidObject to prevent the extra object wrapper.
09-15 14:23:25.733 12309 26575 W CAM_kma : RESULT_EXTENDED_FACE key is null
09-15 14:23:25.734 12309 26575 W CameraPipeCaptureResult: Please use unwrapAndroidObject to prevent the extra object wrapper.
09-15 14:23:25.765 12309 26575 W CAM_kma : RESULT_EXTENDED_FACE key is null
09-15 14:23:25.771 12309 26575 W CameraPipeCaptureResult: Please use unwrapAndroidObject to prevent the extra object wrapper.
09-15 14:23:25.796 12309 26575 W CAM_kma : RESULT_EXTENDED_FACE key is null
09-15 14:23:25.802 12309 26575 W CameraPipeCaptureResult: Please use unwrapAndroidObject to prevent the extra object wrapper.
09-15 14:23:25.829 12309 26575 W CAM_kma : RESULT_EXTENDED_FACE key is null
09-15 14:23:25.833 12309 26575 W CameraPipeCaptureResult: Please use unwrapAndroidObject to prevent the extra object wrapper.
09-15 14:23:25.845 12309 10725 E native  : E0000 00:00:1757917405.845376   10725 lens_offset.cc:141] timestamp 15803354510779 invalid. (1440848 ns away from the latest one). Note that this log prints at most once every 1 seconds
09-15 14:23:25.869 12309 26575 W CAM_kma : RESULT_EXTENDED_FACE key is null
09-15 14:23:25.870 12309 26575 W CameraPipeCaptureResult: Please use unwrapAndroidObject to prevent the extra object wrapper.
09-15 14:23:25.900 12309 26575 W CAM_kma : RESULT_EXTENDED_FACE key is null
09-15 14:23:25.906 12309 26575 W CameraPipeCaptureResult: Please use unwrapAndroidObject to prevent the extra object wrapper.
09-15 14:23:25.933 12309 26575 W CAM_kma : RESULT_EXTENDED_FACE key is null
09-15 14:23:25.935 12309 26575 W CameraPipeCaptureResult: Please use unwrapAndroidObject to prevent the extra object wrapper.
09-15 14:23:25.972 12309 26575 W CAM_kma : RESULT_EXTENDED_FACE key is null
09-15 14:23:25.972 12309 26575 W CameraPipeCaptureResult: Please use unwrapAndroidObject to prevent the extra object wrapper.
09-15 14:23:25.994 12309 26575 W CAM_kma : RESULT_EXTENDED_FACE key is null
09-15 14:23:26.000 12309 26575 W CameraPipeCaptureResult: Please use unwrapAndroidObject to prevent the extra object wrapper.
09-15 14:23:26.033 12309 26575 W CAM_kma : RESULT_EXTENDED_FACE key is null
09-15 14:23:26.036 12309 26575 W CameraPipeCaptureResult: Please use unwrapAndroidObject to prevent the extra object wrapper.
09-15 14:23:26.064 12309 26575 W CAM_kma : RESULT_EXTENDED_FACE key is null
09-15 14:23:26.068 12309 26575 W CameraPipeCaptureResult: Please use unwrapAndroidObject to prevent the extra object wrapper.
09-15 14:23:26.102 12309 26575 W CAM_kma : RESULT_EXTENDED_FACE key is null
09-15 14:23:26.109 12309 26575 W CameraPipeCaptureResult: Please use unwrapAndroidObject to prevent the extra object wrapper.
09-15 14:23:26.135 12309 26575 W CAM_kma : RESULT_EXTENDED_FACE key is null
09-15 14:23:26.140 12309 26575 W CameraPipeCaptureResult: Please use unwrapAndroidObject to prevent the extra object wrapper.
09-15 14:23:26.166 12309 26575 W CAM_kma : RESULT_EXTENDED_FACE key is null
09-15 14:23:26.171 12309 26575 W CameraPipeCaptureResult: Please use unwrapAndroidObject to prevent the extra object wrapper.
09-15 14:23:26.199 12309 26575 W CAM_kma : RESULT_EXTENDED_FACE key is null
09-15 14:23:26.203 12309 26575 W CameraPipeCaptureResult: Please use unwrapAndroidObject to prevent the extra object wrapper.
09-15 14:23:26.236 12309 26575 W CAM_kma : RESULT_EXTENDED_FACE key is null
09-15 14:23:26.238 12309 26575 W CameraPipeCaptureResult: Please use unwrapAndroidObject to prevent the extra object wrapper.
09-15 14:23:26.268 12309 26575 W CAM_kma : RESULT_EXTENDED_FACE key is null
09-15 14:23:26.271 12309 26575 W CameraPipeCaptureResult: Please use unwrapAndroidObject to prevent the extra object wrapper.
09-15 14:23:26.303 12309 26575 W CAM_kma : RESULT_EXTENDED_FACE key is null
09-15 14:23:26.306 12309 26575 W CameraPipeCaptureResult: Please use unwrapAndroidObject to prevent the extra object wrapper.
09-15 14:23:26.328 12309 26575 W CAM_kma : RESULT_EXTENDED_FACE key is null
09-15 14:23:26.335 12309 26575 W CameraPipeCaptureResult: Please use unwrapAndroidObject to prevent the extra object wrapper.
09-15 14:23:26.370 12309 26575 W CAM_kma : RESULT_EXTENDED_FACE key is null
09-15 14:23:26.370 12309 26575 W CameraPipeCaptureResult: Please use unwrapAndroidObject to prevent the extra object wrapper.
09-15 14:23:26.398 12309 26575 W CAM_kma : RESULT_EXTENDED_FACE key is null
09-15 14:23:26.417 12309 26575 W CameraPipeCaptureResult: Please use unwrapAndroidObject to prevent the extra object wrapper.
09-15 14:23:26.428 12309 26575 W CAM_kma : RESULT_EXTENDED_FACE key is null
09-15 14:23:26.434 12309 26575 W CameraPipeCaptureResult: Please use unwrapAndroidObject to prevent the extra object wrapper.
09-15 14:23:26.463 12309 26575 W CAM_kma : RESULT_EXTENDED_FACE key is null
09-15 14:23:26.466 12309 26575 W CameraPipeCaptureResult: Please use unwrapAndroidObject to prevent the extra object wrapper.
09-15 14:23:26.504 12309 26575 W CAM_kma : RESULT_EXTENDED_FACE key is null
09-15 14:23:26.505 12309 26575 W CameraPipeCaptureResult: Please use unwrapAndroidObject to prevent the extra object wrapper.
09-15 14:23:26.509 12309 12309 W VfeExecutor: type=1400 audit(0.0:22913): avc:  denied  { getattr } for  name="/" dev="dmabuf" ino=1 scontext=u:r:google_camera_app:s0:c183,c256,c512,c768 tcontext=u:object_r:unlabeled:s0 tclass=filesystem permissive=0 app=com.google.android.GoogleCamera
09-15 14:23:26.513 12309 12309 W VfeExecutor: type=1400 audit(0.0:22914): avc:  denied  { getattr } for  name="/" dev="dmabuf" ino=1 scontext=u:r:google_camera_app:s0:c183,c256,c512,c768 tcontext=u:object_r:unlabeled:s0 tclass=filesystem permissive=0 app=com.google.android.GoogleCamera
09-15 14:23:26.533 12309 26575 W CAM_kma : RESULT_EXTENDED_FACE key is null
09-15 14:23:26.536 12309 26575 W CameraPipeCaptureResult: Please use unwrapAndroidObject to prevent the extra object wrapper.
09-15 14:23:26.533 12309 12309 W VfeExecutor: type=1400 audit(0.0:22915): avc:  denied  { getattr } for  name="/" dev="dmabuf" ino=1 scontext=u:r:google_camera_app:s0:c183,c256,c512,c768 tcontext=u:object_r:unlabeled:s0 tclass=filesystem permissive=0 app=com.google.android.GoogleCamera
09-15 14:23:26.533 12309 12309 W VfeExecutor: type=1400 audit(0.0:22916): avc:  denied  { getattr } for  name="/" dev="dmabuf" ino=1 scontext=u:r:google_camera_app:s0:c183,c256,c512,c768 tcontext=u:object_r:unlabeled:s0 tclass=filesystem permissive=0 app=com.google.android.GoogleCamera
09-15 14:23:26.565 12309 26575 W CAM_kma : RESULT_EXTENDED_FACE key is null
09-15 14:23:26.568 12309 26575 W CameraPipeCaptureResult: Please use unwrapAndroidObject to prevent the extra object wrapper.
09-15 14:23:26.565 12309 12309 W VfeExecutor: type=1400 audit(0.0:22917): avc:  denied  { getattr } for  name="/" dev="dmabuf" ino=1 scontext=u:r:google_camera_app:s0:c183,c256,c512,c768 tcontext=u:object_r:unlabeled:s0 tclass=filesystem permissive=0 app=com.google.android.GoogleCamera
09-15 14:23:26.596 12309 26575 W CAM_kma : RESULT_EXTENDED_FACE key is null
09-15 14:23:26.600 12309 26575 W CameraPipeCaptureResult: Please use unwrapAndroidObject to prevent the extra object wrapper.
09-15 14:23:26.629 12309 26575 W CAM_kma : RESULT_EXTENDED_FACE key is null
09-15 14:23:26.632 12309 26575 W CameraPipeCaptureResult: Please use unwrapAndroidObject to prevent the extra object wrapper.
09-15 14:23:26.634 12309 26981 W CAM_pob : Pet and BoH faces are not supported. [CONTEXT ratelimit_period="1 SECONDS" skipped=60 ]
