09-15 21:50:47.776 12309 28111 D CCodec  :   int32_t intra-refresh-period = 0
09-15 21:50:47.776 12309 28111 D CCodec  :   string mime = "video/raw"
09-15 21:50:47.776 12309 28111 D CCodec  :   int32_t prepend-sps-pps-to-idr-frames = 0
09-15 21:50:47.776 12309 28111 D CCodec  :   int32_t priority = 0
09-15 21:50:47.776 12309 28111 D CCodec  :   Rect crop(0, 0, 4031, 3023)
09-15 21:50:47.776 12309 28111 D CCodec  :   int64_t android._C2MemoryUsage = 1125899906908160
09-15 21:50:47.776 12309 28111 D CCodec  :   int32_t color-format = 2130708361
09-15 21:50:47.776 12309 28111 D CCodec  :   int32_t color-transfer = 3
09-15 21:50:47.776 12309 28111 D CCodec  :   int32_t color-standard = 2
09-15 21:50:47.776 12309 28111 D CCodec  :   int32_t color-range = 1
09-15 21:50:47.776 12309 28111 D CCodec  : }
09-15 21:50:47.782 12309 28111 D GraphicBufferSource: setting dataspace: 0x101, acquired=0
09-15 21:50:47.782 12309 28111 D CCodec  : ISConfig not changed
09-15 21:50:47.786 12309 28111 D CCodecBufferChannel: [c2.exynos.hevc.encoder#787] Created input block pool with allocatorID 17 => poolID 87 - OK (0)
09-15 21:50:47.787 12309 28111 I CCodecBufferChannel: [c2.exynos.hevc.encoder#787] Created output block pool with allocatorID 16 => poolID 70 - OK
09-15 21:50:47.788 12309 28111 D CCodecBufferChannel: [c2.exynos.hevc.encoder#787] Configured output block pool ids 70 => OK
09-15 21:50:47.791 12309 26727 D MediaCodecList: codecHandlesFormat: no format, so no extra checks
09-15 21:50:47.792 12309 26727 D MediaCodecList: codecHandlesFormat: no format, so no extra checks
09-15 21:50:47.792 12309 26575 W CAM_kma : RESULT_EXTENDED_FACE key is null
09-15 21:50:47.796 12309 28126 D CCodec  : allocate(c2.exynos.hevc.encoder)
09-15 21:50:47.797 12309 26855 W HWUI    : Image decoding logging dropped!
09-15 21:50:47.798 12309 28126 I CCodec  : setting up 'default' as default (vendor) store
09-15 21:50:47.800 12309 28126 W id.GoogleCamera: AIBinder_linkToDeath is being called with a non-null cookie and no onUnlink callback set. This might not be intended. AIBinder_DeathRecipient_setOnUnlinked should be called first.
09-15 21:50:47.800 12309 28126 I CCodec  : Created component [c2.exynos.hevc.encoder] for [c2.exynos.hevc.encoder]
09-15 21:50:47.800 12309 28126 D CCodecConfig: read media type: video/hevc
09-15 21:50:47.801 12309 28126 D ReflectedParamUpdater: extent() != 1 for single value type: output.subscribed-indices.values
09-15 21:50:47.801 12309 28126 D ReflectedParamUpdater: extent() != 1 for single value type: input.buffers.allocator-ids.values
09-15 21:50:47.801 12309 28126 D ReflectedParamUpdater: extent() != 1 for single value type: output.buffers.allocator-ids.values
09-15 21:50:47.801 12309 28126 D ReflectedParamUpdater: extent() != 1 for single value type: output.buffers.pool-ids.values
09-15 21:50:47.803 12309 28126 D ReflectedParamUpdater: ignored struct field coding.qp.values
09-15 21:50:47.806 12309 28126 D ReflectedParamUpdater: ignored struct field coding.gop.values
09-15 21:50:47.806 12309 28126 D CCodecConfig: ignoring local param raw.color (0xc2001809) as it is already supported
09-15 21:50:47.807 12309 28126 I CCodecConfig: query failed after returning 24 values (BAD_INDEX)
09-15 21:50:47.807 12309 28126 D CCodecConfig: c2 config diff is Dict {
09-15 21:50:47.807 12309 28126 D CCodecConfig:   c2::u32 algo.bitrate-mode.value = 3
09-15 21:50:47.807 12309 28126 D CCodecConfig:   c2::u32 algo.encoding-quality-level.value = 0
09-15 21:50:47.807 12309 28126 D CCodecConfig:   c2::i32 algo.priority.value = 0
09-15 21:50:47.807 12309 28126 D CCodecConfig:   c2::u32 algo.quality.value = 57
09-15 21:50:47.807 12309 28126 D CCodecConfig:   c2::float algo.rate.value = 0
09-15 21:50:47.807 12309 28126 D CCodecConfig:   c2::i32 coded.average-qp.value = 0
09-15 21:50:47.807 12309 28126 D CCodecConfig:   c2::u32 coded.bitrate-mode.value = 1
09-15 21:50:47.807 12309 28126 D CCodecConfig:   c2::u32 coded.bitrate.value = 64000
09-15 21:50:47.807 12309 28126 D CCodecConfig:   c2::float coded.frame-rate.value = 15
09-15 21:50:47.807 12309 28126 D CCodecConfig:   c2::u32 coded.hdr-format.value = 0
09-15 21:50:47.807 12309 28126 D CCodecConfig:   c2::u32 coded.picture-type.value = 0
09-15 21:50:47.807 12309 28126 D CCodecConfig:   c2::u32 coded.pl.level = 24576
09-15 21:50:47.807 12309 28126 D CCodecConfig:   c2::u32 coded.pl.profile = 24576
09-15 21:50:47.807 12309 28126 D CCodecConfig:   c2::u32 coding.intra-refresh.mode = 0
09-15 21:50:47.807 12309 28126 D CCodecConfig:   c2::float coding.intra-refresh.period = 0
09-15 21:50:47.807 12309 28126 D CCodecConfig:   c2::u32 coding.request-sync-frame.value = 0
09-15 21:50:47.807 12309 28126 D CCodecConfig:   c2::i64 coding.sync-frame-interval.value = 1000000
09-15 21:50:47.807 12309 28126 D CCodecConfig:   Buffer coding.temporal-layering = {
09-15 21:50:47.807 12309 28126 D CCodecConfig:     00000000:  10 00 00 00 07 20 01 52  00 00 00 00 00 00 00 00  ..... .R........
09-15 21:50:47.807 12309 28126 D CCodecConfig:   }
09-15 21:50:47.807 12309 28126 D CCodecConfig:   c2::u32 input.delay.value = 0
09-15 21:50:47.807 12309 28126 D CCodecConfig:   Buffer input.hdr-dynamic-info.data = {
09-15 21:50:47.807 12309 28126 D CCodecConfig:   }
09-15 21:50:47.807 12309 28126 D CCodecConfig:   c2::u32 input.hdr-dynamic-info.type = 1
09-15 21:50:47.807 12309 28126 D CCodecConfig:   string input.media-type.value = "video/raw"
09-15 21:50:47.807 12309 28126 D CCodecConfig:   c2::u32 output.buffers.prepend-header.va
09-15 21:50:47.807 12309 28126 D CCodecConfig: found invalid HDR static metadata AMessage(what = 0x00000000) = {
09-15 21:50:47.807 12309 28126 D CCodecConfig:           int32_t android._color-format = 2130708361
09-15 21:50:47.807 12309 28126 D CCodecConfig:           int32_t android._dataspace = 0
09-15 21:50:47.807 12309 28126 D CCodecConfig:           int32_t bitrate-mode = 1
09-15 21:50:47.807 12309 28126 D CCodecConfig:           float cta861.max-cll = 0.000000
09-15 21:50:47.807 12309 28126 D CCodecConfig:           float cta861.max-fall = 65536.000000
09-15 21:50:47.807 12309 28126 D CCodecConfig:           int32_t frame-rate = 15
09-15 21:50:47.807 12309 28126 D CCodecConfig:           int32_t height = 160
09-15 21:50:47.807 12309 28126 D CCodecConfig:           int32_t intra-refresh-period = 0
09-15 21:50:47.807 12309 28126 D CCodecConfig:           string mime = "video/raw"
09-15 21:50:47.807 12309 28126 D CCodecConfig:           int32_t prepend-sps-pps-to-idr-frames = 0
09-15 21:50:47.807 12309 28126 D CCodecConfig:           int32_t priority = 0
09-15 21:50:47.807 12309 28126 D CCodecConfig:           float smpte2086.blue.x = 0.131000
09-15 21:50:47.807 12309 28126 D CCodecConfig:           float smpte2086.blue.y = 0.046000
09-15 21:50:47.807 12309 28126 D CCodecConfig:           float smpte2086.green.x = 0.170000
09-15 21:50:47.807 12309 28126 D CCodecConfig:           float smpte2086.green.y = 0.797000
09-15 21:50:47.807 12309 28126 D CCodecConfig:           float smpte2086.max-luminance = 1000.000000
09-15 21:50:47.807 12309 28126 D CCodecConfig:           float smpte2086.min-luminance = 0.000000
09-15 21:50:47.807 12309 28126 D CCodecConfig:           float smpte2086.red.x = 0.708000
09-15 21:50:47.807 12309 28126 D CCodecConfig:           float smpte2086.red.y = 0.292000
09-15 21:50:47.807 12309 28126 D CCodecConfig:           float smpte2086.white.x = 0.312700
09-15 21:50:47.807 12309 28126 D CCodecConfig:           float smpte2086.white.y = 0.329000
09-15 21:50:47.807 12309 28126 D CCodecConfig:           int32_t video-qp-average = 0
09-15 21:50:47.807 12309 28126 D CCodecConfig:           int3
09-15 21:50:47.808 12309 28124 I MediaCodec: MediaCodec will operate in async mode
09-15 21:50:47.809 12309 26727 E MediaCodec: Media Quality Service not found.
09-15 21:50:47.809 12309 26727 D VQApply : minquality: codec claims to implement minquality=1
09-15 21:50:47.809 12309 26727 D MediaCodec: shapeMediaFormat: deltas(1): AMessage(what = 0x00000000) = {
09-15 21:50:47.809 12309 26727 D MediaCodec:     int32_t android._encoding-quality-level = 1
09-15 21:50:47.809 12309 26727 D MediaCodec:   }
09-15 21:50:47.809 12309 28126 D CCodec  : [c2.exynos.hevc.encoder] buffers are not bound to CCodec for this session
09-15 21:50:47.809 12309 28126 D CCodecConfig: no c2 equivalents for color-format
09-15 21:50:47.809 12309 28126 D CCodecConfig: no c2 equivalents for color-standard
09-15 21:50:47.809 12309 28126 D CCodecConfig: no c2 equivalents for oo.muxer.drop_initial_non_keyframes
09-15 21:50:47.809 12309 28126 D CCodecConfig: no c2 equivalents for flags
09-15 21:50:47.809 12309 28126 D CCodecConfig: no c2 equivalents for encoder
09-15 21:50:47.811 12309 28126 D CCodecConfig: c2 config diff is   c2::u32 algo.encoding-quality-level.value = 1
09-15 21:50:47.811 12309 28126 D CCodecConfig:   c2::u32 coded.bitrate.value = 12000000
09-15 21:50:47.811 12309 28126 D CCodecConfig:   c2::float coded.frame-rate.value = 30
09-15 21:50:47.811 12309 28126 D CCodecConfig:   c2::u32 coded.hdr-format.value = 1
09-15 21:50:47.811 12309 28126 D CCodecConfig:   c2::u32 coded.pl.level = 24581
09-15 21:50:47.811 12309 28126 D CCodecConfig:   c2::i64 coding.sync-frame-interval.value = 233333
09-15 21:50:47.811 12309 28126 D CCodecConfig:   c2::u32 raw.color.matrix = 1
09-15 21:50:47.811 12309 28126 D CCodecConfig:   c2::u32 raw.color.primaries = 1
09-15 21:50:47.811 12309 28126 D CCodecConfig:   c2::u32 raw.color.range = 1
09-15 21:50:47.811 12309 28126 D CCodecConfig:   c2::u32 raw.color.transfer = 3
09-15 21:50:47.811 12309 28126 D CCodecConfig:   c2::u32 raw.pixel-format.value = 291
09-15 21:50:47.811 12309 28126 D CCodecConfig:   c2::u32 raw.size.height = 1080
09-15 21:50:47.811 12309 28126 D CCodecConfig:   c2::u32 raw.size.width = 1440
09-15 21:50:47.811 12309 28126 D CCodecConfig: found invalid HDR static metadata AMessage(what = 0x00000000) = {
09-15 21:50:47.811 12309 28126 D CCodecConfig:           int32_t android._color-format = 291
09-15 21:50:47.811 12309 28126 D CCodecConfig:           int32_t android._dataspace = 0
09-15 21:50:47.811 12309 28126 D CCodecConfig:           int32_t bitrate-mode = 1
09-15 21:50:47.811 12309 28126 D CCodecConfig:           float cta861.max-cll = 0.000000
09-15 21:50:47.811 12309 28126 D CCodecConfig:           float cta861.max-fall = 65536.000000
09-15 21:50:47.811 12309 28126 D CCodecConfig:           int32_t frame-rate = 30
09-15 21:50:47.811 12309 28126 D CCodecConfig:           int32_t height = 1080
09-15 21:50:47.811 12309 28126 D CCodecConfig:           int32_t intra-refresh-period = 0
09-15 21:50:47.811 12309 28126 D CCodecConfig:           string mime = "video/raw"
09-15 21:50:47.811 12309 28126 D CCodecConfig:           int32_t prepend-sps-pps-to-idr-frames = 0
09-15 21:50:47.811 12309 28126 D CCodecConfig:           int32_t priority = 0
09-15 21:50:47.811 12309 28126 D CCodecConfig:           float smpte2086.blue.x = 0.131000
09-15 21:50:47.811 12309 28126 D CCodecConfig:           float smpte2086.blue.y = 0.046000
09-15 21:50:47.811 12309 28126 D CCodecConfig:           float smpte2086.green.x = 0.170000
09-15 21:50:47.811 12309 28126 D CCodecConfig:           float smpte2086.green.y = 0.797000
09-15 21:50:47.811 12309 28126 D CCodecConfig:           float smpte2086.max-luminance = 1000.000000
09-15 21:50:47.811 12309 28126 D CCodecConfig:           float smpte2086.min-luminance = 0.000000
09-15 21:50:47.811 12309 28126 D CCodecConfig:           float smpte2086.red.x = 0.708000
09-15 21:50:47.811 12309 28126 D CCodecConfig:           float smpte2086.red.y = 0.292000
09-15 21:50:47.811 12309 28126 D CCodecConfig:           float smpte2086.white.x = 0.312700
09-15 21:50:47.811 12309 28126 D CCodecConfig:           float smpte2086.white.y = 0.329000
09-15 21:50:47.811 12309 28126 D CCodecConfig:           int32_t video-qp-average = 0
09-15 21:50:47.811 12309 28126 D CCodecConfig:           int32_t wi
09-15 21:50:47.813 12309 26751 D AidlBufferPool: Destruction - bufferpool2 0xb40000789afeb028 cached: 0/0M, 0/0% in use; allocs: 1, 0% recycled; transfers: 0, 0% unfetched
09-15 21:50:47.813 12309 28126 D CCodec  : encoding statistics level = 0
09-15 21:50:47.813 12309 28126 D CCodec  : setup formats input: AMessage(what = 0x00000000) = {
09-15 21:50:47.813 12309 28126 D CCodec  :   int32_t android._color-format = 291
09-15 21:50:47.813 12309 28126 D CCodec  :   int32_t android._dataspace = 0
09-15 21:50:47.813 12309 28126 D CCodec  :   int32_t bitrate-mode = 1
09-15 21:50:47.813 12309 28126 D CCodec  :   int32_t video-qp-average = 0
09-15 21:50:47.813 12309 28126 D CCodec  :   int32_t width = 1440
09-15 21:50:47.813 12309 28126 D CCodec  :   int32_t frame-rate = 30
09-15 21:50:47.813 12309 28126 D CCodec  :   int32_t height = 1080
09-15 21:50:47.813 12309 28126 D CCodec  :   int32_t intra-refresh-period = 0
09-15 21:50:47.813 12309 28126 D CCodec  :   string mime = "video/raw"
09-15 21:50:47.813 12309 28126 D CCodec  :   int32_t prepend-sps-pps-to-idr-frames = 0
09-15 21:50:47.813 12309 28126 D CCodec  :   int32_t priority = 0
09-15 21:50:47.813 12309 28126 D CCodec  :   Rect crop(0, 0, 1439, 1079)
09-15 21:50:47.813 12309 28126 D CCodec  :   int64_t android._C2MemoryUsage = 1125899906908160
09-15 21:50:47.813 12309 28126 D CCodec  :   int32_t color-format = 2135033992
09-15 21:50:47.813 12309 28126 D CCodec  :   int32_t stride = 1472
09-15 21:50:47.813 12309 28126 D CCodec  :   int32_t slice-height = 1088
09-15 21:50:47.813 12309 28126 D CCodec  : }
09-15 21:50:47.814 12309 28126 D CCodec  : setup formats output: AMessage(what = 0x00000000) = {
09-15 21:50:47.814 12309 28126 D CCodec  :   int32_t bitrate = 12000000
09-15 21:50:47.814 12309 28126 D CCodec  :   int32_t bitrate-mode = 1
09-15 21:50:47.814 12309 28126 D CCodec  :   Rect crop(0, 0, 1439, 1079)
09-15 21:50:47.814 12309 28126 D CCodec  :   int32_t width = 1440
09-15 21:50:47.814 12309 28126 D CCodec  :   int32_t color-standard = 1
09-15 21:50:47.814 12309 28126 D CCodec  :   int32_t color-range = 1
09-15 21:50:47.814 12309 28126 D CCodec  :   int32_t color-transfer = 3
09-15 21:50:47.814 12309 28126 D CCodec  :   int32_t frame-rate = 30
09-15 21:50:47.814 12309 28126 D CCodec  :   int32_t height = 1080
09-15 21:50:47.814 12309 28126 D CCodec  :   int32_t intra-refresh-period = 0
09-15 21:50:47.814 12309 28126 D CCodec  :   int32_t level = 1024
09-15 21:50:47.814 12309 28126 D CCodec  :   int32_t max-bitrate = 12000000
09-15 21:50:47.814 12309 28126 D CCodec  :   string mime = "video/hevc"
09-15 21:50:47.814 12309 28126 D CCodec  :   int32_t prepend-sps-pps-to-idr-frames = 0
09-15 21:50:47.814 12309 28126 D CCodec  :   int32_t priority = 0
09-15 21:50:47.814 12309 28126 D CCodec  :   int32_t profile = 1
09-15 21:50:47.814 12309 28126 D CCodec  :   int32_t video-qp-average = 0
09-15 21:50:47.814 12309 28126 D CCodec  : }
09-15 21:50:47.814 12309 28126 I CCodecConfig: query failed after returning 25 values (BAD_INDEX)
09-15 21:50:47.814 12309 28126 E id.GoogleCamera: Failed to query component interface for required system resources: 6
09-15 21:50:47.814 12309 26727 D MediaCodec: keep callback message for reclaim
09-15 21:50:47.818 12309 28126 D CCodecBufferChannel: [c2.exynos.hevc.encoder#884] Created input block pool with allocatorID 17 => poolID 89 - OK (0)
09-15 21:50:47.819 12309 28126 I CCodecBufferChannel: [c2.exynos.hevc.encoder#884] Created output block pool with allocatorID 16 => poolID 71 - OK
09-15 21:50:47.820 12309 28126 D CCodecBufferChannel: [c2.exynos.hevc.encoder#884] Configured output block pool ids 71 => OK
09-15 21:50:47.823 12309 26727 D MediaCodecList: codecHandlesFormat: no format, so no extra checks
09-15 21:50:47.824 12309 28135 D CCodec  : allocate(c2.android.aac.encoder)
09-15 21:50:47.826 12309 28135 I CCodec  : setting up 'default' as default (vendor) store
09-15 21:50:47.826 12309 26575 W CAM_kma : RESULT_EXTENDED_FACE key is null
09-15 21:50:47.830 12309 28135 W id.GoogleCamera: AIBinder_linkToDeath is being called with a non-null cookie and no onUnlink callback set. This might not be intended. AIBinder_DeathRecipient_setOnUnlinked should be called first.
09-15 21:50:47.830 12309 28135 I CCodec  : Created component [c2.android.aac.encoder] for [c2.android.aac.encoder]
09-15 21:50:47.830 12309 28135 D CCodecConfig: read media type: audio/mp4a-latm
09-15 21:50:47.831 12309 28135 D ReflectedParamUpdater: extent() != 1 for single value type: algo.buffers.max-count.values
09-15 21:50:47.831 12309 28135 D ReflectedParamUpdater: extent() != 1 for single value type: output.subscribed-indices.values
09-15 21:50:47.831 12309 28135 D ReflectedParamUpdater: extent() != 1 for single value type: input.buffers.allocator-ids.values
09-15 21:50:47.831 12309 28135 D ReflectedParamUpdater: extent() != 1 for single value type: output.buffers.allocator-ids.values
09-15 21:50:47.831 12309 28135 D ReflectedParamUpdater: extent() != 1 for single value type: algo.buffers.allocator-ids.values
09-15 21:50:47.831 12309 28135 D ReflectedParamUpdater: extent() != 1 for single value type: output.buffers.pool-ids.values
09-15 21:50:47.832 12309 28135 D ReflectedParamUpdater: extent() != 1 for single value type: algo.buffers.pool-ids.values
09-15 21:50:47.834 12309 28135 I CCodecConfig: query failed after returning 10 values (BAD_INDEX)
09-15 21:50:47.834 12309 28135 D CCodecConfig: c2 config diff is Dict {
09-15 21:50:47.834 12309 28135 D CCodecConfig:   c2::u32 coded.bitrate.value = 64000
09-15 21:50:47.834 12309 28135 D CCodecConfig:   c2::u32 coded.pl.level = 0
09-15 21:50:47.834 12309 28135 D CCodecConfig:   c2::u32 coded.pl.profile = 8192
09-15 21:50:47.834 12309 28135 D CCodecConfig:   c2::u32 coding.aac-sbr-mode.value = 3
09-15 21:50:47.834 12309 28135 D CCodecConfig:   c2::u32 input.buffers.max-size.value = 2048
09-15 21:50:47.834 12309 28135 D CCodecConfig:   c2::u32 input.delay.value = 0
09-15 21:50:47.834 12309 28135 D CCodecConfig:   string input.media-type.value = "audio/raw"
09-15 21:50:47.834 12309 28135 D CCodecConfig:   c2::u32 output.large-frame.max-size = 0
09-15 21:50:47.834 12309 28135 D CCodecConfig:   c2::u32 output.large-frame.threshold-size = 0
09-15 21:50:47.834 12309 28135 D CCodecConfig:   string output.media-type.value = "audio/mp4a-latm"
09-15 21:50:47.834 12309 28135 D CCodecConfig:   c2::u32 raw.channel-count.value = 1
09-15 21:50:47.834 12309 28135 D CCodecConfig:   c2::u32 raw.sample-rate.value = 44100
09-15 21:50:47.834 12309 28135 D CCodecConfig: }
09-15 21:50:47.838 12309 28135 I MediaCodec: MediaCodec will operate in async mode
09-15 21:50:47.839 12309 26727 E MediaCodec: Media Quality Service not found.
09-15 21:50:47.839 12309 26727 D MediaCodec: shapeMediaFormat: deltas(0): AMessage(what = 0x00000000) = {
09-15 21:50:47.839 12309 26727 D MediaCodec:   }
09-15 21:50:47.839 12309 28135 D CCodec  : [c2.android.aac.encoder] buffers are bound to CCodec for this session
09-15 21:50:47.839 12309 28135 D CCodecConfig: no c2 equivalents for oo.muxer.force_sequential
09-15 21:50:47.839 12309 28135 D CCodecConfig: no c2 equivalents for flags
09-15 21:50:47.839 12309 28135 D CCodecConfig: no c2 equivalents for encoder
09-15 21:50:47.840 12309 28135 D CCodecConfig: c2 config diff is   c2::u32 coded.bitrate.value = 128000
09-15 21:50:47.840 12309 28135 D CCodecConfig:   c2::u32 input.buffers.max-size.value = 4096
09-15 21:50:47.840 12309 28135 D CCodecConfig:   c2::u32 raw.channel-count.value = 2
09-15 21:50:47.840 12309 28135 D CCodecConfig:   c2::u32 raw.sample-rate.value = 48000
09-15 21:50:47.840 12309 28135 D CCodec  : encoding statistics level = 0
09-15 21:50:47.840 12309 28135 D CCodec  : setup formats input: AMessage(what = 0x00000000) = {
09-15 21:50:47.840 12309 28135 D CCodec  :   int32_t sample-rate = 48000
09-15 21:50:47.840 12309 28135 D CCodec  :   int32_t channel-count = 2
09-15 21:50:47.840 12309 28135 D CCodec  :   int32_t max-input-size = 76800
09-15 21:50:47.840 12309 28135 D CCodec  :   string mime = "audio/raw"
09-15 21:50:47.840 12309 28135 D CCodec  :   int32_t android._config-pcm-encoding = 2
09-15 21:50:47.840 12309 28135 D CCodec  : }
09-15 21:50:47.840 12309 28135 D CCodec  : setup formats output: AMessage(what = 0x00000000) = {
09-15 21:50:47.840 12309 28135 D CCodec  :   int32_t sample-rate = 48000
09-15 21:50:47.840 12309 28135 D CCodec  :   int32_t bitrate = 128000
09-15 21:50:47.840 12309 28135 D CCodec  :   int32_t buffer-batch-max-output-size = 0
09-15 21:50:47.840 12309 28135 D CCodec  :   int32_t buffer-batch-threshold-output-size = 0
09-15 21:50:47.840 12309 28135 D CCodec  :   int32_t channel-count = 2
09-15 21:50:47.840 12309 28135 D CCodec  :   int32_t level = 0
09-15 21:50:47.840 12309 28135 D CCodec  :   int32_t max-bitrate = 128000
09-15 21:50:47.840 12309 28135 D CCodec  :   string mime = "audio/mp4a-latm"
09-15 21:50:47.840 12309 28135 D CCodec  :   int32_t profile = 2
09-15 21:50:47.840 12309 28135 D CCodec  : }
09-15 21:50:47.840 12309 28135 I CCodecConfig: query failed after returning 10 values (BAD_INDEX)
09-15 21:50:47.840 12309 28135 E id.GoogleCamera: Failed to query component interface for required system resources: 6
09-15 21:50:47.841 12309 26727 D MediaCodec: keep callback message for reclaim
09-15 21:50:47.842 12309 28135 D CCodecBufferChannel: [c2.android.aac.encoder#842] Created input block pool with allocatorID 16 => poolID 90 - OK (0)
09-15 21:50:47.843 12309 28135 I CCodecBufferChannel: [c2.android.aac.encoder#842] Created output block pool with allocatorID 16 => poolID 90 - OK
09-15 21:50:47.843 12309 28135 D CCodecBufferChannel: [c2.android.aac.encoder#842] Configured output block pool ids 90 => OK
09-15 21:50:47.859 12309 26575 W CAM_kma : RESULT_EXTENDED_FACE key is null
09-15 21:50:47.893 12309 26575 W CAM_kma : RESULT_EXTENDED_FACE key is null
09-15 21:50:47.930 12309 26575 W CAM_kma : RESULT_EXTENDED_FACE key is null
09-15 21:50:47.957 12309 26575 W CAM_kma : RESULT_EXTENDED_FACE key is null
09-15 21:50:47.993 12309 26575 W CAM_kma : RESULT_EXTENDED_FACE key is null
09-15 21:50:48.023 12309 26575 W CAM_kma : RESULT_EXTENDED_FACE key is null
09-15 21:50:48.058 12309 26575 W CAM_kma : RESULT_EXTENDED_FACE key is null
09-15 21:50:48.090 12309 26575 W CAM_kma : RESULT_EXTENDED_FACE key is null
09-15 21:50:48.126 12309 26575 W CAM_kma : RESULT_EXTENDED_FACE key is null
09-15 21:50:48.129 12309 28139 W CAM_kwo : Got empty Frame, skipping.
09-15 21:50:48.159 12309 26575 W CAM_kma : RESULT_EXTENDED_FACE key is null
09-15 21:50:48.194 12309 26575 W CAM_kma : RESULT_EXTENDED_FACE key is null
09-15 21:50:48.224 12309 26575 W CAM_kma : RESULT_EXTENDED_FACE key is null
09-15 21:50:48.260 12309 26575 W CAM_kma : RESULT_EXTENDED_FACE key is null
09-15 21:50:48.290 12309 26575 W CAM_kma : RESULT_EXTENDED_FACE key is null
09-15 21:50:48.324 12309 26575 W CAM_kma : RESULT_EXTENDED_FACE key is null
09-15 21:50:48.360 12309 26575 W CAM_kma : RESULT_EXTENDED_FACE key is null
09-15 21:50:48.390 12309 26575 W CAM_kma : RESULT_EXTENDED_FACE key is null
09-15 21:50:48.426 12309 26575 W CAM_kma : RESULT_EXTENDED_FACE key is null
09-15 21:50:48.464 12309 26575 W CAM_kma : RESULT_EXTENDED_FACE key is null
09-15 21:50:48.499 12309 26575 W CAM_kma : RESULT_EXTENDED_FACE key is null
09-15 21:50:48.530 12309 26575 W CAM_kma : RESULT_EXTENDED_FACE key is null
09-15 21:50:48.563 12309 26575 W CAM_kma : RESULT_EXTENDED_FACE key is null
09-15 21:50:48.598 12309 26575 W CAM_kma : RESULT_EXTENDED_FACE key is null
09-15 21:50:48.629 12309 26575 W CAM_kma : RESULT_EXTENDED_FACE key is null
09-15 21:50:48.630 12309 26699 W CAM_pob : Pet and BoH faces are not supported. [CONTEXT ratelimit_period="1 SECONDS" skipped=36 ]
09-15 21:50:48.664 12309 26575 W CAM_kma : RESULT_EXTENDED_FACE key is null
09-15 21:50:48.675 12309 28068 I tflite  : Replacing 67 out of 70 node(s) with delegate (TfLiteXNNPackDelegate) node, yielding 5 partitions for subgraph 0.
09-15 21:50:48.694 12309 28069 I tflite  : Replacing 99 out of 99 node(s) with delegate (TfLiteXNNPackDelegate) node, yielding 1 partitions for subgraph 0.
09-15 21:50:48.697 12309 26575 W CAM_kma : RESULT_EXTENDED_FACE key is null
09-15 21:50:48.730 12309 26575 W CAM_kma : RESULT_EXTENDED_FACE key is null
09-15 21:50:48.767 12309 26575 W CAM_kma : RESULT_EXTENDED_FACE key is null
09-15 21:50:48.797 12309 26575 W CAM_kma : RESULT_EXTENDED_FACE key is null
09-15 21:50:48.829 12309 26575 W CAM_kma : RESULT_EXTENDED_FACE key is null
09-15 21:50:48.863 12309 26575 W CAM_kma : RESULT_EXTENDED_FACE key is null
09-15 21:50:48.896 12309 26575 W CAM_kma : RESULT_EXTENDED_FACE key is null
09-15 21:50:48.931 12309 26575 W CAM_kma : RESULT_EXTENDED_FACE key is null
09-15 21:50:48.964 12309 26575 W CAM_kma : RESULT_EXTENDED_FACE key is null
09-15 21:50:48.997 12309 26575 W CAM_kma : RESULT_EXTENDED_FACE key is null
09-15 21:50:49.030 12309 26575 W CAM_kma : RESULT_EXTENDED_FACE key is null
09-15 21:50:49.065 12309 26575 W CAM_kma : RESULT_EXTENDED_FACE key is null
09-15 21:50:49.097 12309 26575 W CAM_kma : RESULT_EXTENDED_FACE key is null
09-15 21:50:49.129 12309 26575 W CAM_kma : RESULT_EXTENDED_FACE key is null
09-15 21:50:49.164 12309 26575 W CAM_kma : RESULT_EXTENDED_FACE key is null
09-15 21:50:49.198 12309 26575 W CAM_kma : RESULT_EXTENDED_FACE key is null
09-15 21:50:49.231 12309 26575 W CAM_kma : RESULT_EXTENDED_FACE key is null
09-15 21:50:49.263 12309 26575 W CAM_kma : RESULT_EXTENDED_FACE key is null
09-15 21:50:49.297 12309 26575 W CAM_kma : RESULT_EXTENDED_FACE key is null
09-15 21:50:49.299 12309 12309 W id.GoogleCamera: type=1400 audit(0.0:68589): avc:  denied  { getattr } for  name="/" dev="dmabuf" ino=1 scontext=u:r:google_camera_app:s0:c183,c256,c512,c768 tcontext=u:object_r:unlabeled:s0 tclass=filesystem permissive=0 app=com.google.android.GoogleCamera
09-15 21:50:49.332 12309 26575 W CAM_kma : RESULT_EXTENDED_FACE key is null
09-15 21:50:49.339 12309 12309 W View    : requestLayout() improperly called by com.google.android.apps.camera.bottombar.SideButtonContainer{f5edb44 V.E...... ......ID 322,181-449,308 #7f0b02af app:id/left_placeholder_container} during layout: running second layout pass
09-15 21:50:49.339 12309 12309 W View    : requestLayout() improperly called by android.widget.Space{cca442d I.ED..... ......I. 449,244-559,244 #7f0b0109 app:id/center_left_space} during layout: running second layout pass
09-15 21:50:49.339 12309 12309 W View    : requestLayout() improperly called by android.widget.FrameLayout{ab2ed62 V.E...... ......ID 559,120-808,369 #7f0b010a app:id/center_placeholder} during layout: running second layout pass
09-15 21:50:49.339 12309 12309 W View    : requestLayout() improperly called by com.google.android.apps.camera.bottombar.SideButtonContainer{61067b0 V.E...... ......ID 808,181-935,308 #7f0b042d app:id/right_placeholder_container} during layout: running second layout pass
09-15 21:50:49.339 12309 12309 W View    : requestLayout() improperly called by android.widget.Space{c567dae I.ED..... ......I. 0,64-0,64 #7f0b042f app:id/right_space} during layout: running second layout pass
09-15 21:50:49.342 12309 12309 W CAM_ftu : Setting Auto Night Sight allowed to false for mode COTTAGE
09-15 21:50:49.343 12309 12309 W CAM_jkd : Brightness slider not found
09-15 21:50:49.348 12309 12309 E CAM_A   : Invalid background image resource.
09-15 21:50:49.352 12309 28076 W GraphicBufferSource: released unpopulated slots: [0, 1, 2, 3, 4, 5, 6, 7, 8, 9, 10, 11, 12, 13, 14, 15, 16, 17, 18, 19, 20, 21, 22, 23, 24, 25, 26, 27, 28, 29, 30, 31, 32, 33, 34, 35, 36, 37, 38, 39, 40, 41, 42, 43, 44, 45, 46, 47, 48, 49, 50, 51, 52, 53, 54, 55, 56, 57, 58, 59, 60, 61, 62, 63]
09-15 21:50:49.354 12309 12309 W CAM_ftu : Setting Auto Night Sight allowed to false for mode COTTAGE
09-15 21:50:49.355 12309 12388 W CAM_OutputDistributorFa: Tag OutputDistributorFac is 1 chars longer than limit.
09-15 21:50:49.355 12309 28101 D AidlBufferPool: Destruction - bufferpool2 0xb40000789b038308 cached: 0/0M, 0/0% in use; allocs: 0, 0% recycled; transfers: 0, 0% unfetched
09-15 21:50:49.356 12309 12388 W CAM_YUV_420_888w1440h10: Tag YUV_420_888w1440h1080 is 2 chars longer than limit.
09-15 21:50:49.358 12309 28093 W GraphicBufferSource: released unpopulated slots: [0, 1, 2, 3, 4, 5, 6, 7, 8, 9, 10, 11, 12, 13, 14, 15, 16, 17, 18, 19, 20, 21, 22, 23, 24, 25, 26, 27, 28, 29, 30, 31, 32, 33, 34, 35, 36, 37, 38, 39, 40, 41, 42, 43, 44, 45, 46, 47, 48, 49, 50, 51, 52, 53, 54, 55, 56, 57, 58, 59, 60, 61, 62, 63]
09-15 21:50:49.358 12309 12388 W CAM_YUV_420_888w1440h10: Tag YUV_420_888w1440h1080 is 2 chars longer than limit.
09-15 21:50:49.361 12309 12309 W View    : requestLayout() improperly called by com.google.android.apps.camera.bottombar.SideButtonContainer{f5edb44 V.E...... ......ID 179,181-306,308 #7f0b02af app:id/left_placeholder_container} during layout: running second layout pass
09-15 21:50:49.361 12309 12309 W View    : requestLayout() improperly called by android.widget.Space{cca442d I.ED..... ......I. 306,244-416,244 #7f0b0109 app:id/center_left_space} during layout: running second layout pass
09-15 21:50:49.361 12309 12309 W View    : requestLayout() improperly called by android.widget.FrameLayout{ab2ed62 V.E...... ......ID 416,120-665,369 #7f0b010a app:id/center_placeholder} during layout: running second layout pass
09-15 21:50:49.361 12309 12309 W View    : requestLayout() improperly called by com.google.android.apps.camera.bottombar.SideButtonContainer{61067b0 V.E...... ......ID 665,181-902,308 #7f0b042d app:id/right_placeholder_container} during layout: running second layout pass
09-15 21:50:49.361 12309 12309 W View    : requestLayout() improperly called by android.widget.Space{c567dae I.ED..... ......I. 0,64-110,64 #7f0b042f app:id/right_space} during layout: running second layout pass
09-15 21:50:49.361 12309 28111 D AidlBufferPool: Destruction - bufferpool2 0xb40000789b025668 cached: 0/0M, 0/0% in use; allocs: 0, 0% recycled; transfers: 0, 0% unfetched
09-15 21:50:49.361 12309 12388 W CAM_ldg : 3A_DEBUG Exclusive FrameServer session enabled: false.
09-15 21:50:49.362 12309 12388 I third_party/arcore/ar/core/android/sdk/session_create.cc: Entering ArSession_createWithFeaturesAndTrace
09-15 21:50:49.362 12309 12388 I third_party/arcore/ar/core/android/sdk/session_create.cc: ARCore Version: SDK build name: 1.50
09-15 21:50:49.364 12309 12388 I third_party/arcore/ar/core/android/sdk/session_create.cc: ARCore Version: APK version code: 251670093
09-15 21:50:49.364 12309 12388 I third_party/arcore/ar/core/android/sdk/session_create.cc: Dynamite load ok.
09-15 21:50:49.365 12309 12388 I third_party/arcore/ar/core/android/sdk/session_create.cc: ARCore SDK: dynamite number_of_symbols_loaded=506
09-15 21:50:49.366 12309 12388 I native  : I0000 00:00:1757944249.366033   12388 session_create_implementation.cc:263] Entering createImplementationWithFeaturesAndSettings. ARCore SDK version: [1.50.250330000].
09-15 21:50:49.372 12309 12388 I native  : I0000 00:00:1757944249.372684   12388 session_create_implementation.cc:224] AugmentedRegion downsample mode from Phenotype: true
09-15 21:50:49.373 12309 28155 V third_party/redwood/infrastructure/jni_common/jni_helper.cc: JniHelper: attached thread (Called from line 368).
09-15 21:50:49.379 12309 27996 W CAM_RAW10w4000h3000: Received onBufferLost from Stream-266 for frame 53 but was unable to find a matching request to abort.
09-15 21:50:49.379 12309 12388 I native  : I0000 00:00:1757944249.379750   12388 session_create_implementation_shared.cc:2543] min_apk_version_code is: 250330000, phenotype flag of enable_dual_camera_support is: false, phenotype flag of unified_data_source_status is: 2, is_dual_camera_supported based on device profile is: false
09-15 21:50:49.379 12309 26612 W CAM_MetadataDst: onCaptureFailed for Frame 53
09-15 21:50:49.380 12309 26612 W CAM_MetadataDst: onCaptureFailed for Frame 54
09-15 21:50:49.380 12309 12388 I native  : I0000 00:00:1757944249.379870   12388 session_create_implementation_shared.cc:2554] Settings.camera_stack_option is not specified
09-15 21:50:49.380 12309 12388 I native  : I0000 00:00:1757944249.380092   12388 session_create_implementation_shared.cc:2627] Datasource will be created with camera_stack_option = kUnifiedMono
09-15 21:50:49.380 12309 12388 I native  : I0000 00:00:1757944249.380104   12388 android_camera.cc:169] Camera start operation timeout set to 4000 ms.
09-15 21:50:49.380 12309 26612 W CAM_MetadataDst: onCaptureFailed for Frame 55
09-15 21:50:49.380 12309 26612 W CAM_MetadataDst: onCaptureFailed for Frame 56
09-15 21:50:49.380 12309 26575 E CAM_kya : Error retrieving metadata, ignoring frame
09-15 21:50:49.380 12309 26612 W CAM_MetadataDst: onCaptureFailed for Frame 57
09-15 21:50:49.380 12309 26612 W CAM_MetadataDst: onCaptureFailed for Frame 58
09-15 21:50:49.380 12309 12388 E ACameraManager: getCurrentDeviceId: Failed to call getDeviceIdsForUid to determine device id for uid 10183: No error
09-15 21:50:49.380 12309 12388 I native  : I0000 00:00:1757944249.380294   12388 android_camera.cc:1825] Initializing camera manager.
09-15 21:50:49.380 12309 26727 W CAM_jml : The frame at 42646830051046 is null!
09-15 21:50:49.380 12309 26727 W CAM_jml : The frame at 42646863279109 is null!
09-15 21:50:49.380 12309 26727 W CAM_jml : The frame at 42646896270919 is null!
09-15 21:50:49.380 12309 26727 W CAM_jml : The frame at 42646830051046 is null!
09-15 21:50:49.380 12309 26727 W CAM_jml : The frame at 42646863279109 is null!
09-15 21:50:49.380 12309 26727 W CAM_jml : The frame at 42646896270919 is null!
09-15 21:50:49.380 12309 27996 W CAM_RAW10w4000h3000: Received onBufferLost from Stream-266 for frame 55 but was unable to find a matching request to abort.
09-15 21:50:49.380 12309 27996 W CAM_RAW10w4000h3000: Received onBufferLost from Stream-266 for frame 56 but was unable to find a matching request to abort.
09-15 21:50:49.380 12309 27996 W CAM_RAW10w4000h3000: Received onBufferLost from Stream-266 for frame 57 but was unable to find a matching request to abort.
09-15 21:50:49.380 12309 27996 W CAM_RAW10w4000h3000: Received onBufferLost from Stream-266 for frame 58 but was unable to find a matching request to abort.
09-15 21:50:49.380 12309 27991 W CAM_PRIVATEw1440h1080: Received onBufferLost from Stream-261 for frame 55 but was unable to find a matching request to abort.
09-15 21:50:49.380 12309 27991 W CAM_PRIVATEw1440h1080: Received onBufferLost from Stream-261 for frame 56 but was unable to find a matching request to abort.
09-15 21:50:49.380 12309 27991 W CAM_PRIVATEw1440h1080: Received onBufferLost from Stream-261 for frame 57 but was unable to find a matching request to abort.
09-15 21:50:49.380 12309 27991 W CAM_PRIVATEw1440h1080: Received onBufferLost from Stream-261 for frame 58 but was unable to find a matching request to abort.
09-15 21:50:49.380 12309 27995 W CAM_YUV_420_888w1440h10: Received onBufferLost from Stream-265 for frame 55 but was unable to find a matching request to abort.
09-15 21:50:49.380 12309 27995 W CAM_YUV_420_888w1440h10: Received onBufferLost from Stream-265 for frame 56 but was unable to find a matching request to abort.
09-15 21:50:49.380 12309 27995 W CAM_YUV_420_888w1440h10: Received onBufferLost from Stream-265 for frame 57 but was unable to find a matching request to abort.
09-15 21:50:49.380 12309 27995 W CAM_YUV_420_888w1440h10: Received onBufferLost from Stream-265 for frame 58 but was unable to find a matching request to abort.
09-15 21:50:49.380 12309 27992 W CAM_RAW10w3840h2736: Received onBufferLost from Stream-262 for frame 55 but was unable to find a matching request to abort.
09-15 21:50:49.380 12309 27992 W CAM_RAW10w3840h2736: Received onBufferLost from Stream-262 for frame 56 but was unable to find a matching request to abort.
09-15 21:50:49.380 12309 26575 E CAM_kya : Error retrieving metadata, ignoring frame
09-15 21:50:49.380 12309 27992 W CAM_RAW10w3840h2736: Received onBufferLost from Stream-262 for frame 57 but was unable to find a matching request to abort.
09-15 21:50:49.380 12309 27992 W CAM_RAW10w3840h2736: Received onBufferLost from Stream-262 for frame 58 but was unable to find a matching request to abort.
09-15 21:50:49.381 12309 26727 W CAM_jml : The frame at 42646830051046 is null!
09-15 21:50:49.381 12309 12388 E ACameraManager: getCurrentDeviceId: Failed to call getDeviceIdsForUid to determine device id for uid 10183: No error
09-15 21:50:49.381 12309 26727 W CAM_jml : The frame at 42646863279109 is null!
09-15 21:50:49.381 12309 26727 W CAM_jml : The frame at 42646896270919 is null!
09-15 21:50:49.382 12309 12388 E ACameraManager: getCurrentDeviceId: Failed to call getDeviceIdsForUid to determine device id for uid 10183: No error
09-15 21:50:49.384 12309 12388 I native  : I0000 00:00:1757944249.384086   12388 android_camera.cc:1851] Camera manager initialized successfully with 2 cameras.
09-15 21:50:49.384 12309 12388 I native  : I0000 00:00:1757944249.384235   12388 android_camera.cc:761] [Camera=1; State=CLOSED] Reset cleanly got to CLOSED state.
09-15 21:50:49.386 12309 12388 I native  : I0000 00:00:1757944249.386837   12388 android_camera.cc:761] [Camera=0; State=CLOSED] Reset cleanly got to CLOSED state.
09-15 21:50:49.389 12309 26820 I native  : I0000 00:00:1757944249.389215   26820 gxp_device.cc:219] GxpDevice closed.
09-15 21:50:49.396 12309 12388 I native  : I0000 00:00:1757944249.396071   12388 session_create_implementation_shared.cc:2726] Persistent online recalibration is enabled by Phenotype.
09-15 21:50:49.397 12309 12388 I tflite  : Replacing 2 out of 2 node(s) with delegate (TfLiteXNNPackDelegate) node, yielding 1 partitions for subgraph 0.
09-15 21:50:49.397 12309 12388 I native  : I0000 00:00:1757944249.397440   12388 online_calibration_manager.cc:109] OnlineCalibrationManager: Read online recalibration file successfully.
09-15 21:50:49.403 12309 12388 W ARCore-ContextUtils: The API key for use with the Google AR service could not be obtained!
09-15 21:50:49.414 12309 28095 E CAM_jqb : onEncoded(0) was received but we weren't expecting this timestamp
09-15 21:50:49.414 12309 12388 I native  : I0000 00:00:1757944249.414780   12388 android_sensors.cc:141] Using uncalibrated accelerometer.
09-15 21:50:49.414 12309 12388 I native  : I0000 00:00:1757944249.414827   12388 android_sensors.cc:160] Uncalibrated magnetometer available.
09-15 21:50:49.414 12309 12388 I native  : I0000 00:00:1757944249.414834   12388 android_sensors.cc:168] Calibrated magnetometer available.
09-15 21:50:49.414 12309 12388 I native  : I0000 00:00:1757944249.414842   12388 android_sensors.cc:183] Using SENSOR_TYPE_LIGHT
09-15 21:50:49.414 12309 12388 I native  : I0000 00:00:1757944249.414853   12388 android_sensors.cc:183] Using SENSOR_TYPE_PRESSURE
09-15 21:50:49.414 12309 12388 I native  : I0000 00:00:1757944249.414859   12388 android_sensors.cc:183] Using SENSOR_TYPE_PROXIMITY
09-15 21:50:49.414 12309 12388 I native  : I0000 00:00:1757944249.414864   12388 android_sensors.cc:183] Using SENSOR_TYPE_GRAVITY
09-15 21:50:49.414 12309 12388 I native  : I0000 00:00:1757944249.414870   12388 android_sensors.cc:183] Using SENSOR_TYPE_ROTATION_VECTOR
09-15 21:50:49.414 12309 12388 I native  : I0000 00:00:1757944249.414874   12388 android_sensors.cc:183] Using SENSOR_TYPE_GAME_ROTATION_VECTOR
09-15 21:50:49.414 12309 12388 I native  : I0000 00:00:1757944249.414879   12388 android_sensors.cc:183] Using SENSOR_TYPE_GEOMAGNETIC_ROTATION_VECTOR
09-15 21:50:49.414 12309 12388 I native  : I0000 00:00:1757944249.414883   12388 android_sensors.cc:183] Using SENSOR_TYPE_STEP_DETECTOR
09-15 21:50:49.414 12309 12388 I native  : I0000 00:00:1757944249.414887   12388 android_sensors.cc:183] Using SENSOR_TYPE_HINGE_ANGLE
09-15 21:50:49.414 12309 12388 I native  : I0000 00:00:1757944249.414896   12388 android_sensors.cc:215] Found IMU temperature sensor.
09-15 21:50:49.415 12309 12388 I native  : I0000 00:00:1757944249.415211   12388 android_platform_checks.cc:206] IsZeroRotationLandscape = false
09-15 21:50:49.415 12309 12388 I native  : I0000 00:00:1757944249.415412   12388 app_version_util.cc:51] Package name: com.google.ar.core App version: 1.50.251670093
09-15 21:50:49.415 12309 12388 I native  : I0000 00:00:1757944249.415520   12388 session_create_implementation_shared.cc:1747] CPU Image enable frame delay to compensate delay: false
09-15 21:50:49.416 12309 12388 I native  : I0000 00:00:1757944249.416189   12388 session_create_implementation_shared.cc:836] Create ARCore session for All-In mode under package com.google.android.GoogleCamera
09-15 21:50:49.416 12309 12388 I native  : I0000 00:00:1757944249.416230   12388 session_create_implementation_shared.cc:867] Pixel 9/10 stationary detection using stronger zero velocity measurement.
09-15 21:50:49.417 12309 28126 D CCodecBuffers: [c2.exynos.hevc.encoder#884:1D-Output] received null buffer
09-15 21:50:49.418 12309 28124 D CCodecBufferChannel: [c2.exynos.hevc.encoder#884] MediaCodec discarded an unknown buffer
09-15 21:50:49.418 12309 28124 D CCodecBufferChannel: [c2.exynos.hevc.encoder#884] MediaCodec discarded an unknown buffer
09-15 21:50:49.418 12309 28124 D CCodecBufferChannel: [c2.exynos.hevc.encoder#884] MediaCodec discarded an unknown buffer
09-15 21:50:49.419 12309 12388 I native  : I0000 00:00:1757944249.419717   12388 config_helpers.cc:441] IMU sigma values from data source are used
09-15 21:50:49.419 12309 12388 I native  : I0000 00:00:1757944249.419845   12388 deep_io.cc:106] Load deepIO config: deepio_v5_pb.uncompressed
09-15 21:50:49.419 12309 12388 I native  : I0000 00:00:1757944249.419941   12388 deep_io.cc:117] Load TFLite model: deepio_v5_tflite.uncompressed
09-15 21:50:49.421 12309 12388 I tflite  : Replacing 65 out of 83 node(s) with delegate (TfLiteXNNPackDelegate) node, yielding 19 partitions for subgraph 0.
09-15 21:50:49.429 12309 12388 I native  : I0000 00:00:1757944249.429546   12388 session_create_implementation_shared.cc:990] DeepIO release instantiated successfully.
09-15 21:50:49.429 12309 12388 I native  : I0000 00:00:1757944249.429686   12388 inertial_estimator.cc:102] DeepIO model id: 5
09-15 21:50:49.429 12309 12388 I native  : I0000 00:00:1757944249.429775   12388 moving_platform_detector.cc:29] [MPD] MovingPlatformDetector status: Disabled, cpd_filt_threshold: 0.03
09-15 21:50:49.429 12309 12388 I native  : I0000 00:00:1757944249.429807   12388 motion_tracking_context_config_helpers.cc:806] [MTCC] MotionTrackingContextConfig Settings:
09-15 21:50:49.429 12309 12388 I native  : I0000 00:00:1757944249.429901   12388 motion_tracking_context_config_helpers.cc:810] [MTCC] DeviceMode: ARCore
09-15 21:50:49.429 12309 12388 I native  : I0000 00:00:1757944249.429912   12388 motion_tracking_context_config_helpers.cc:810] [MTCC] vio_estimator_options:
09-15 21:50:49.429 12309 12388 I native  : I0000 00:00:1757944249.429919   12388 motion_tracking_context_config_helpers.cc:810] [MTCC] vio-max_num_slam_landmarks: 15
09-15 21:50:49.429 12309 12388 I native  : I0000 00:00:1757944249.429925   12388 motion_tracking_context_config_helpers.cc:810] [MTCC] vio-max_num_keyframes: 5
09-15 21:50:49.429 12309 12388 I native  : I0000 00:00:1757944249.429929   12388 motion_tracking_context_config_helpers.cc:810] [MTCC] vio-pixel_noise_sigma_for_unmapped_landmarks: 0.8
09-15 21:50:49.429 12309 12388 I native  : I0000 00:00:1757944249.429933   12388 motion_tracking_context_config_helpers.cc:810] [MTCC] vio-max_unmapped_landmark_constraints: 51
09-15 21:50:49.429 12309 12388 I native  : I0000 00:00:1757944249.429938   12388 motion_tracking_context_config_helpers.cc:810] [MTCC] vio-max_total_visual_constraints: 102
09-15 21:50:49.429 12309 12388 I native  : I0000 00:00:1757944249.429942   12388 motion_tracking_context_config_helpers.cc:810] [MTCC] vio-sbr_mahalanobis_distance_threshold_factor: 1
09-15 21:50:49.429 12309 12388 I native  : I0000 00:00:1757944249.429947   12388 motion_tracking_context_config_helpers.cc:810] [MTCC] vio-mahalanobis_distance_upper_bound_approximation: 0
09-15 21:50:49.429 12309 12388 I native  : I0000 00:00:1757944249.429952   12388 motion_tracking_context_config_helpers.cc:810] [MTCC] vio-use_simplified_noise_integration: 0
09-15 21:50:49.429 12309 12388 I native  : I0000 00:00:1757944249.429957   12388 motion_tracking_context_config_helpers.cc:810] [MTCC] vio-use_block_monitor_for_online_calibration: 0
09-15 21:50:49.429 12309 12388 I native  : I0000 00:00:1757944249.429961   12388 motion_tracking_context_config_helpers.cc:810] [MTCC] vio-initial_velocity_variance: 0.01
09-15 21:50:49.429 12309 12388 I native  : I0000 00:00:1757944249.429965   12388 motion_tracking_context_config_helpers.cc:810] [MTCC] vio-initial_roll_variance: 0.000685389
09-15 21:50:49.429 12309 12388 I native  : I0000 00:00:1757944249.429969   12388 motion_tracking_context_config_helpers.cc:810] [MTCC] vio-initial_pitch_variance: 0.000685389
09-15 21:50:49.429 12309 12388 I native  : I0000 00:00:1757944249.429973   12388 motion_tracking_context_config_helpers.cc:810] [MTCC] vio-gyro_noise_sigma: -1
09-15 21:50:49.429 12309 12388 I native  : I0000 00:00:1757944249.429977   12388 motion_tracking_context_config_helpers.cc:810] [MTCC] vio-gyro_bias_sigma: -1
09-15 21:50:49.429 12309 12388 I native  : I0000 00:00:1757944249.429982   12388 motion_tracking_context_config_helpers.cc:810] [MTCC] vio-accel_noise_sigma: -1
09-15 21:50:49.429 12309 12388 I native  : I0000 00:00:1757944249.429985   12388 motion_tracking_context_config_helpers.cc:810] [MTCC] vio-accel_bias_sigma: -1
09-15 21:50:49.429 12309 12388 I native  : I0000 00:00:1757944249.429989   12388 motion_tracking_context_config_helpers.cc:810] [MTCC] vio-output_vio_state_covariance: 1
09-15 21:50:49.429 12309 12388 I native  : I0000 00:00:1757944249.429992   12388 motion_tracking_context_config_helpers.cc:810] [MTCC] vio-disable_expected_features_hints: 0
09-15 21:50:49.429 12309 12388 I native  : I0000 00:00:1757944249.429996   12388 motion_tracking_context_config_helpers.cc:810] [MTCC] vio-max_consecutive_failed_inits_before_discarding_online_calibration: 7
09-15 21:50:49.430 12309 12388 I native  : I0000 00:00:1757944249.430000   12388 motion_tracking_context_config_helpers.cc:810] [MTCC] vio-discard_online_calibration_after_vio_fault: 0
09-15 21:50:49.430 12309 12388 I native  : I0000 00:00:1757944249.430004   12388 motion_tracking_context_config_helpers.cc:810] [MTCC] vio-max_dropout_duration_for_tracking_initialization: 400ms
09-15 21:50:49.430 12309 12388 I native  : I0000 00:00:1757944249.430009   12388 motion_tracking_context_config_helpers.cc:810] [MTCC] vio-initialization_solver_type: 0
09-15 21:50:49.430 12309 12388 I native  : I0000 00:00:1757944249.430014   12388 motion_tracking_context_config_helpers.cc:810] [MTCC] vio-use_inverse_depth_prioritizing_policy_for_slam_landmarks: 0
09-15 21:50:49.430 12309 12388 I native  : I0000 00:00:1757944249.430018   12388 motion_tracking_context_config_helpers.cc:810] [MTCC] mapping_options:
09-15 21:50:49.430 12309 12388 I native  : I0000 00:00:1757944249.430022   12388 motion_tracking_context_config_helpers.cc:810] [MTCC] map-enable_dsp: 0
09-15 21:50:49.430 12309 12388 I native  : I0000 00:00:1757944249.430026   12388 motion_tracking_context_config_helpers.cc:810] [MTCC] map-active_map_manager_mode: 0
09-15 21:50:49.430 12309 12388 I native  : I0000 00:00:1757944249.430030   12388 motion_tracking_context_config_helpers.cc:810] [MTCC] map-map_publish_keyframe_position_baseline_meter_squared_threshold: 0
09-15 21:50:49.430 12309 12388 I native  : I0000 00:00:1757944249.430034   12388 motion_tracking_context_config_helpers.cc:810] [MTCC] map-map_publish_keyframe_orientation_diff_rad_threshold: 0
09-15 21:50:49.430 12309 12388 I native  : I0000 00:00:1757944249.430038   12388 motion_tracking_context_config_helpers.cc:810] [MTCC] map-multi_map_process_mode: 2
09-15 21:50:49.430 12309 12388 I native  : I0000 00:00:1757944249.430042   12388 motion_tracking_context_config_helpers.cc:810] [MTCC] map-map_optimizer_type: 1
09-15 21:50:49.430 12309 12388 I native  : I0000 00:00:1757944249.430045   12388 motion_tracking_context_config_helpers.cc:810] [MTCC] map-enable_loop_closure: 1
09-15 21:50:49.430 12309 12388 I native  : I0000 00:00:1757944249.430049   12388 motion_tracking_context_config_helpers.cc:810] [MTCC] map-run_pgo_before_bundle_adjustment: 0
09-15 21:50:49.430 12309 12388 I native  : I0000 00:00:1757944249.430053   12388 motion_tracking_context_config_helpers.cc:810] [MTCC] map-loop_closure_max_keyframe_matches: 1
09-15 21:50:49.430 12309 12388 I native  : I0000 00:00:1757944249.430057   12388 motion_tracking_context_config_helpers.cc:810] [MTCC] map-loop_closure_query_delta_time_sec: 0.5
09-15 21:50:49.430 12309 12388 I native  : I0000 00:00:1757944249.430061   12388 motion_tracking_context_config_helpers.cc:810] [MTCC] map-loop_closure_query_every_nth_keyframe: -1
09-15 21:50:49.430 12309 12388 I native  : I0000 00:00:1757944249.430065   12388 motion_tracking_context_config_helpers.cc:810] [MTCC] map-loop_closure_keyframe_insert_every_nth: 1
09-15 21:50:49.430 12309 12388 I native  : I0000 00:00:1757944249.430069   12388 motion_tracking_context_config_helpers.cc:810] [MTCC] map-loop_closure_query_mode: 0
09-15 21:50:49.430 12309 12388 I native  : I0000 00:00:1757944249.430073   12388 motion_tracking_context_config_helpers.cc:810] [MTCC] map-min_landmark_observations: 5
09-15 21:50:49.430 12309 12388 I native  : I0000 00:00:1757944249.430078   12388 motion_tracking_context_config_helpers.cc:810] [MTCC] map-landmark_associator_reprojection_error_threshold: 10
09-15 21:50:49.430 12309 12388 I native  : I0000 00:00:1757944249.430082   12388 motion_tracking_context_config_helpers.cc:810] [MTCC] map-map_optimizer_triangulation_reprojection_error_threshold: 7.5
