09-15 21:50:49.594 12309 26960 E native  : googlex/gcam/creative_camera/object_removal/clients/model_registry.cc:72
09-15 21:50:49.594 12309 26960 E native  : E0000 00:00:1757944249.594373   26960 model_registry.cc:235] INVALID_ARGUMENT: No model with name mobile_raid_v21_640_qat_u8_attached_objects_trained_no_post.tflite present in ModelRegistry.;  failed for key mobile_raid_v21_640_qat_u8_attached_objects_trained_no_post.tflite
09-15 21:50:49.594 12309 26960 E native  : === Source Location Trace: ===
09-15 21:50:49.594 12309 26960 E native  : googlex/gcam/creative_camera/object_removal/clients/model_registry.cc:72
09-15 21:50:49.594 12309 26960 E native  : E0000 00:00:1757944249.594379   26960 model_registry.cc:235] INVALID_ARGUMENT: No model with name mobile_raid_v26_640_qat_u8_attached_objects_trained_no_post.tflite present in ModelRegistry.;  failed for key mobile_raid_v26_640_qat_u8_attached_objects_trained_no_post.tflite
09-15 21:50:49.594 12309 26960 E native  : === Source Location Trace: ===
09-15 21:50:49.594 12309 26960 E native  : googlex/gcam/creative_camera/object_removal/clients/model_registry.cc:72
09-15 21:50:49.594 12309 26960 E native  : E0000 00:00:1757944249.594400   26960 model_registry.cc:235] INVALID_ARGUMENT: No model with name mask_git_bert_model present in ModelRegistry.;  failed for key mask_git_bert_model
09-15 21:50:49.594 12309 26960 E native  : === Source Location Trace: ===
09-15 21:50:49.594 12309 26960 E native  : googlex/gcam/creative_camera/object_removal/clients/model_registry.cc:72
09-15 21:50:49.594 12309 26960 E native  : E0000 00:00:1757944249.594406   26960 model_registry.cc:235] INVALID_ARGUMENT: No model with name mask_git_image_decoder_model present in ModelRegistry.;  failed for key mask_git_image_decoder_model
09-15 21:50:49.594 12309 26960 E native  : === Source Location Trace: ===
09-15 21:50:49.594 12309 26960 E native  : googlex/gcam/creative_camera/object_removal/clients/model_registry.cc:72
09-15 21:50:49.594 12309 26960 E native  : E0000 00:00:1757944249.594411   26960 model_registry.cc:235] INVALID_ARGUMENT: No model with name mask_git_upsample_model present in ModelRegistry.;  failed for key mask_git_upsample_model
09-15 21:50:49.594 12309 26960 E native  : === Source Location Trace: ===
09-15 21:50:49.594 12309 26960 E native  : googlex/gcam/creative_camera/object_removal/clients/model_registry.cc:72
09-15 21:50:49.594 12309 26960 I tflite  : Replacing 1 out of 1 node(s) with delegate (edgetpu-custom-op-2) node, yielding 1 partitions for subgraph 0.
09-15 21:50:49.595 12309 28238 I native  : I0000 00:00:1757944249.595081   28238 input_synchronizer.cc:104] [InputSynchronizer] Received first IMU sample at timestamp: 42647173925189
09-15 21:50:49.595 12309 28238 I native  : I0000 00:00:1757944249.595173   28238 input_synchronizer.cc:104] [InputSynchronizer] Received first IMU sample at timestamp: 42647173925189
09-15 21:50:49.596 12309 26960 I tflite  : Replacing 1 out of 1 node(s) with delegate (edgetpu-custom-op-2) node, yielding 1 partitions for subgraph 0.
09-15 21:50:49.599 12309 28243 W native  : W0000 00:00:1757944249.598947   28243 portrait_matting_estimator.cc:152] Inference doesn't run on GPU, so GPU boost will not be applied.
09-15 21:50:49.600 12309 28243 I tflite  : Replacing 1 out of 1 node(s) with delegate (edgetpu-custom-op-2) node, yielding 1 partitions for subgraph 0.
09-15 21:50:49.612 12309 26575 W CameraMetadataJV: Expect face scores and rectangles to be non-null
09-15 21:50:49.612 12309 26575 W CameraMetadataJV: Expect face scores and rectangles to be non-null
09-15 21:50:49.612 12309 26575 W CameraMetadataJV: Expect face scores and rectangles to be non-null
09-15 21:50:49.612 12309 26575 W CameraMetadataJV: Expect face scores and rectangles to be non-null
09-15 21:50:49.612 12309 26575 W CAM_kma : RESULT_EXTENDED_FACE key is null
09-15 21:50:49.613 12309 26575 W CameraMetadataJV: Expect face scores and rectangles to be non-null
09-15 21:50:49.613 12309 26699 W CameraMetadataJV: Expect face scores and rectangles to be non-null
09-15 21:50:49.616 12309 26960 I tflite  : Replacing 393 out of 527 node(s) with delegate (TfLiteXNNPackDelegate) node, yielding 30 partitions for subgraph 0.
09-15 21:50:49.615 12309 12309 W VfeExecutor: type=1400 audit(0.0:68590): avc:  denied  { getattr } for  name="/" dev="dmabuf" ino=1 scontext=u:r:google_camera_app:s0:c183,c256,c512,c768 tcontext=u:object_r:unlabeled:s0 tclass=filesystem permissive=0 app=com.google.android.GoogleCamera
09-15 21:50:49.623 12309 12341 W CAM_kpk : Null image for frame 59, ignoring.
09-15 21:50:49.619 12309 12309 W VfeExecutor: type=1400 audit(0.0:68591): avc:  denied  { getattr } for  name="/" dev="dmabuf" ino=1 scontext=u:r:google_camera_app:s0:c183,c256,c512,c768 tcontext=u:object_r:unlabeled:s0 tclass=filesystem permissive=0 app=com.google.android.GoogleCamera
09-15 21:50:49.633 12309 26960 E native  : E0000 00:00:1757944249.633113   26960 model_registry.cc:235] INVALID_ARGUMENT: No model with name hoi_classifier_256x128.tflite present in ModelRegistry.;  failed for key hoi_classifier_256x128.tflite
09-15 21:50:49.633 12309 26960 E native  : === Source Location Trace: ===
09-15 21:50:49.633 12309 26960 E native  : googlex/gcam/creative_camera/object_removal/clients/model_registry.cc:72
09-15 21:50:49.633 12309 26960 E native  : E0000 00:00:1757944249.633158   26960 model_registry.cc:235] INVALID_ARGUMENT: No model with name pssd_large_8bit_v1.1.tflite present in ModelRegistry.;  failed for key pssd_large_8bit_v1.1.tflite
09-15 21:50:49.633 12309 26960 E native  : === Source Location Trace: ===
09-15 21:50:49.633 12309 26960 E native  : googlex/gcam/creative_camera/object_removal/clients/model_registry.cc:72
09-15 21:50:49.633 12309 26960 E native  : E0000 00:00:1757944249.633163   26960 model_registry.cc:235] INVALID_ARGUMENT: No model with name pssd_large_8bit_v1.1.300x300.tflite present in ModelRegistry.;  failed for key pssd_large_8bit_v1.1.300x300.tflite
09-15 21:50:49.633 12309 26960 E native  : === Source Location Trace: ===
09-15 21:50:49.633 12309 26960 E native  : googlex/gcam/creative_camera/object_removal/clients/model_registry.cc:72
09-15 21:50:49.633 12309 26960 E native  : E0000 00:00:1757944249.633168   26960 model_registry.cc:235] INVALID_ARGUMENT: No model with name pssd_large_8bit_v1.1.800x800.tflite present in ModelRegistry.;  failed for key pssd_large_8bit_v1.1.800x800.tflite
09-15 21:50:49.633 12309 26960 E native  : === Source Location Trace: ===
09-15 21:50:49.633 12309 26960 E native  : googlex/gcam/creative_camera/object_removal/clients/model_registry.cc:72
09-15 21:50:49.633 12309 26960 E native  : E0000 00:00:1757944249.633172   26960 model_registry.cc:235] INVALID_ARGUMENT: No model with name pssd_large_8bit_v1.1.640x640.tflite present in ModelRegistry.;  failed for key pssd_large_8bit_v1.1.640x640.tflite
09-15 21:50:49.633 12309 26960 E native  : === Source Location Trace: ===
09-15 21:50:49.633 12309 26960 E native  : googlex/gcam/creative_camera/object_removal/clients/model_registry.cc:72
09-15 21:50:49.633 12309 26960 E native  : E0000 00:00:1757944249.633176   26960 model_registry.cc:235] INVALID_ARGUMENT: No model with name pssd_large_8bit_v1.1.1024x1024.tflite present in ModelRegistry.;  failed for key pssd_large_8bit_v1.1.1024x1024.tflite
09-15 21:50:49.633 12309 26960 E native  : === Source Location Trace: ===
09-15 21:50:49.633 12309 26960 E native  : googlex/gcam/creative_camera/object_removal/clients/model_registry.cc:72
09-15 21:50:49.633 12309 26960 E native  : E0000 00:00:1757944249.633180   26960 model_registry.cc:235] INVALID_ARGUMENT: No model with name pssd_large_8bit_v1.1.1200x1200.tflite present in ModelRegistry.;  failed for key pssd_large_8bit_v1.1.1200x1200.tflite
09-15 21:50:49.633 12309 26960 E native  : === Source Location Trace: ===
09-15 21:50:49.633 12309 26960 E native  : googlex/gcam/creative_camera/object_removal/clients/model_registry.cc:72
09-15 21:50:49.633 12309 26960 E native  : E0000 00:00:1757944249.633183   26960 model_registry.cc:235] INVALID_ARGUMENT: No model with name pssd_large_8bit_v2.300x300.tflite present in ModelRegistry.;  failed for key pssd_large_8bit_v2.300x300.tflite
09-15 21:50:49.633 12309 26960 E native  : === Source Location Trace: ===
09-15 21:50:49.633 12309 26960 E native  : googlex/gcam/creative_camera/object_removal/clients/model_registry.cc:72
09-15 21:50:49.633 12309 26960 E native  : E0000 00:00:1757944249.633187   26960 model_registry.cc:235] INVALID_ARGUMENT: No model with name pssd_large_8bit_v2.1200x1200.tflite present in ModelRegistry.;  failed for key pssd_large_8bit_v2.1200x1200.tflite
09-15 21:50:49.633 12309 26960 E native  : === Source Location Trace: ===
09-15 21:50:49.633 12309 26960 E native  : googlex/gcam/creative_camera/object_removal/clients/model_registry.cc:72
09-15 21:50:49.633 12309 26960 E native  : E0000 00:00:1757944249.633190   26960 model_registry.cc:235] INVALID_ARGUMENT: No model with name shadow_segmenter.tflite present in ModelRegistry.;  failed for key shadow_segmenter.tflite
09-15 21:50:49.633 12309 26960 E native  : === Source Location Trace: ===
09-15 21:50:49.633 12309 26960 E native  : googlex/gcam/creative_camera/object_removal/clients/model_registry.cc:72
09-15 21:50:49.633 12309 26960 E native  : E0000 00:00:1757944249.633194   26960 model_registry.cc:235] INVALID_ARGUMENT: No model with name raid_person_segmenter_from_face_detection.tflite present in ModelRegistry.;  failed for key raid_person_segmenter_from_face_detection.tflite
09-15 21:50:49.633 12309 26960 E native  : === Source Location Trace: ===
09-15 21:50:49.633 12309 26960 E native  : googlex/gcam/creative_camera/object_removal/clients/model_registry.cc:72
09-15 21:50:49.633 12309 26960 E native  : E0000 00:00:1757944249.633199   26960 model_registry.cc:235] INVALID_ARGUMENT: No model with name raid_person_segmenter_from_face_detection_with_occlusions.tflite present in ModelRegistry.;  failed for key raid_person_segmenter_from_face_detection_with_occlusions.tflite
09-15 21:50:49.633 12309 26960 E native  : === Source Location Trace: ===
09-15 21:50:49.633 12309 26960 E native  : googlex/gcam/creative_camera/object_removal/clients/model_registry.cc:72
09-15 21:50:49.633 12309 26960 E native  : E0000 00:00:1757944249.633202   26960 model_registry.cc:235] INVALID_ARGUMENT: No model with name raid_person_segmenter_with_score.tflite present in ModelRegistry.;  failed for key raid_person_segmenter_with_score.tflite
09-15 21:50:49.633 12309 26960 E native  : === Source Location Trace: ===
09-15 21:50:49.633 12309 26960 E native  : googlex/gcam/creative_camera/object_removal/clients/model_registry.cc:72
09-15 21:50:49.633 12309 26960 E native  : E0000 00:00:1757944249.633206   26960 model_registry.cc:235] INVALID_ARGUMENT: No model with name raid_instance_segmenter_with_score.tflite present in ModelRegistry.;  failed for key raid_instance_segmenter_with_score.tflite
09-15 21:50:49.633 12309 26960 E native  : === Source Location Trace: ===
09-15 21:50:49.633 12309 26960 E native  : googlex/gcam/creative_camera/object_removal/clients/model_registry.cc:72
09-15 21:50:49.633 12309 26960 E native  : E0000 00:00:1757944249.633210   26960 model_registry.cc:235] INVALID_ARGUMENT: No model with name raid_instance_segmenter_with_objects_no_people.tflite present in ModelRegistry.;  failed for key raid_instance_segmenter_with_objects_no_people.tflite
09-15 21:50:49.633 12309 26960 E native  : === Source Location Trace: ===
09-15 21:50:49.633 12309 26960 E native  : googlex/gcam/creative_camera/object_removal/clients/model_registry.cc:72
09-15 21:50:49.633 12309 26960 E native  : E0000 00:00:1757944249.633214   26960 model_registry.cc:235] INVALID_ARGUMENT: No model with name raid_foreground_mosaic_512_qat.tflite present in ModelRegistry.;  failed for key raid_foreground_mosaic_512_qat.tflite
09-15 21:50:49.633 12309 26960 E native  : === Source Location Trace: ===
09-15 21:50:49.633 12309 26960 E native  : googlex/gcam/creative_camera/object_removal/clients/model_registry.cc:72
09-15 21:50:49.633 12309 26960 E native  : E0000 00:00:1757944249.633218   26960 model_registry.cc:235] INVALID_ARGUMENT: No model with name raid_instance_segmenter_with_apparel.tflite present in ModelRegistry.;  failed for key raid_instance_segmenter_with_apparel.tflite
09-15 21:50:49.633 12309 26960 E native  : === Source Location Trace: ===
09-15 21:50:49.633 12309 26960 E native  : googlex/gcam/creative_camera/object_removal/clients/model_registry.cc:72
09-15 21:50:49.633 12309 26960 E native  : E0000 00:00:1757944249.633223   26960 model_registry.cc:235] INVALID_ARGUMENT: No model with name mobile_raid_v21_640_qat_u8_attached_objects_trained_no_post.tflite present in ModelRegistry.;  failed for key mobile_raid_v21_640_qat_u8_attached_objects_trained_no_post.tflite
09-15 21:50:49.633 12309 26960 E native  : === Source Location Trace: ===
09-15 21:50:49.633 12309 26960 E native  : googlex/gcam/creative_camera/object_removal/clients/model_registry.cc:72
09-15 21:50:49.633 12309 26960 E native  : E0000 00:00:1757944249.633227   26960 model_registry.cc:235] INVALID_ARGUMENT: No model with name mobile_raid_v26_640_qat_u8_attached_objects_trained_no_post.tflite present in ModelRegistry.;  failed for key mobile_raid_v26_640_qat_u8_attached_objects_trained_no_post.tflite
09-15 21:50:49.633 12309 26960 E native  : === Source Location Trace: ===
09-15 21:50:49.633 12309 26960 E native  : googlex/gcam/creative_camera/object_removal/clients/model_registry.cc:72
09-15 21:50:49.633 12309 26960 E native  : E0000 00:00:1757944249.633230   26960 model_registry.cc:235] INVALID_ARGUMENT: No model with name mask_git_bert_model present in ModelRegistry.;  failed for key mask_git_bert_model
09-15 21:50:49.633 12309 26960 E native  : === Source Location Trace: ===
09-15 21:50:49.633 12309 26960 E native  : googlex/gcam/creative_camera/object_removal/clients/model_registry.cc:72
09-15 21:50:49.633 12309 26960 E native  : E0000 00:00:1757944249.633234   26960 model_registry.cc:235] INVALID_ARGUMENT: No model with name mask_git_image_decoder_model present in ModelRegistry.;  failed for key mask_git_image_decoder_model
09-15 21:50:49.633 12309 26960 E native  : === Source Location Trace: ===
09-15 21:50:49.633 12309 26960 E native  : googlex/gcam/creative_camera/object_removal/clients/model_registry.cc:72
09-15 21:50:49.633 12309 26960 E native  : E0000 00:00:1757944249.633238   26960 model_registry.cc:235] INVALID_ARGUMENT: No model with name mask_git_upsample_model present in ModelRegistry.;  failed for key mask_git_upsample_model
09-15 21:50:49.633 12309 26960 E native  : === Source Location Trace: ===
09-15 21:50:49.633 12309 26960 E native  : googlex/gcam/creative_camera/object_removal/clients/model_registry.cc:72
09-15 21:50:49.633 12309 26960 I tflite  : Replacing 1 out of 1 node(s) with delegate (edgetpu-custom-op-2) node, yielding 1 partitions for subgraph 0.
09-15 21:50:49.635 12309 26960 E native  : E0000 00:00:1757944249.635951   26960 model_registry.cc:235] INVALID_ARGUMENT: No model with name hoi_classifier_256x128.tflite present in ModelRegistry.;  failed for key hoi_classifier_256x128.tflite
09-15 21:50:49.635 12309 26960 E native  : === Source Location Trace: ===
09-15 21:50:49.635 12309 26960 E native  : googlex/gcam/creative_camera/object_removal/clients/model_registry.cc:72
09-15 21:50:49.635 12309 26960 E native  : E0000 00:00:1757944249.635985   26960 model_registry.cc:235] INVALID_ARGUMENT: No model with name hoi_classifier_256x256_rgb_and_boxes.tflite present in ModelRegistry.;  failed for key hoi_classifier_256x256_rgb_and_boxes.tflite
09-15 21:50:49.635 12309 26960 E native  : === Source Location Trace: ===
09-15 21:50:49.635 12309 26960 E native  : googlex/gcam/creative_camera/object_removal/clients/model_registry.cc:72
09-15 21:50:49.635 12309 26960 E native  : E0000 00:00:1757944249.635993   26960 model_registry.cc:235] INVALID_ARGUMENT: No model with name pssd_large_8bit_v1.1.tflite present in ModelRegistry.;  failed for key pssd_large_8bit_v1.1.tflite
09-15 21:50:49.635 12309 26960 E native  : === Source Location Trace: ===
09-15 21:50:49.635 12309 26960 E native  : googlex/gcam/creative_camera/object_removal/clients/model_registry.cc:72
09-15 21:50:49.636 12309 26960 E native  : E0000 00:00:1757944249.635999   26960 model_registry.cc:235] INVALID_ARGUMENT: No model with name pssd_large_8bit_v1.1.300x300.tflite present in ModelRegistry.;  failed for key pssd_large_8bit_v1.1.300x300.tflite
09-15 21:50:49.636 12309 26960 E native  : === Source Location Trace: ===
09-15 21:50:49.636 12309 26960 E native  : googlex/gcam/creative_camera/object_removal/clients/model_registry.cc:72
09-15 21:50:49.636 12309 26960 E native  : E0000 00:00:1757944249.636005   26960 model_registry.cc:235] INVALID_ARGUMENT: No model with name pssd_large_8bit_v1.1.800x800.tflite present in ModelRegistry.;  failed for key pssd_large_8bit_v1.1.800x800.tflite
09-15 21:50:49.636 12309 26960 E native  : === Source Location Trace: ===
09-15 21:50:49.636 12309 26960 E native  : googlex/gcam/creative_camera/object_removal/clients/model_registry.cc:72
09-15 21:50:49.636 12309 26960 E native  : E0000 00:00:1757944249.636010   26960 model_registry.cc:235] INVALID_ARGUMENT: No model with name pssd_large_8bit_v1.1.640x640.tflite present in ModelRegistry.;  failed for key pssd_large_8bit_v1.1.640x640.tflite
09-15 21:50:49.636 12309 26960 E native  : === Source Location Trace: ===
09-15 21:50:49.636 12309 26960 E native  : googlex/gcam/creative_camera/object_removal/clients/model_registry.cc:72
09-15 21:50:49.636 12309 26960 E native  : E0000 00:00:1757944249.636016   26960 model_registry.cc:235] INVALID_ARGUMENT: No model with name pssd_large_8bit_v1.1.1024x1024.tflite present in ModelRegistry.;  failed for key pssd_large_8bit_v1.1.1024x1024.tflite
09-15 21:50:49.636 12309 26960 E native  : === Source Location Trace: ===
09-15 21:50:49.636 12309 26960 E native  : googlex/gcam/creative_camera/object_removal/clients/model_registry.cc:72
09-15 21:50:49.636 12309 26960 E native  : E0000 00:00:1757944249.636021   26960 model_registry.cc:235] INVALID_ARGUMENT: No model with name pssd_large_8bit_v1.1.1200x1200.tflite present in ModelRegistry.;  failed for key pssd_large_8bit_v1.1.1200x1200.tflite
09-15 21:50:49.636 12309 26960 E native  : === Source Location Trace: ===
09-15 21:50:49.636 12309 26960 E native  : googlex/gcam/creative_camera/object_removal/clients/model_registry.cc:72
09-15 21:50:49.636 12309 26960 E native  : E0000 00:00:1757944249.636027   26960 model_registry.cc:235] INVALID_ARGUMENT: No model with name pssd_large_8bit_v2.300x300.tflite present in ModelRegistry.;  failed for key pssd_large_8bit_v2.300x300.tflite
09-15 21:50:49.636 12309 26960 E native  : === Source Location Trace: ===
09-15 21:50:49.636 12309 26960 E native  : googlex/gcam/creative_camera/object_removal/clients/model_registry.cc:72
09-15 21:50:49.636 12309 26960 E native  : E0000 00:00:1757944249.636032   26960 model_registry.cc:235] INVALID_ARGUMENT: No model with name pssd_large_8bit_v2.1200x1200.tflite present in ModelRegistry.;  failed for key pssd_large_8bit_v2.1200x1200.tflite
09-15 21:50:49.636 12309 26960 E native  : === Source Location Trace: ===
09-15 21:50:49.636 12309 26960 E native  : googlex/gcam/creative_camera/object_removal/clients/model_registry.cc:72
09-15 21:50:49.636 12309 26960 E native  : E0000 00:00:1757944249.636037   26960 model_registry.cc:235] INVALID_ARGUMENT: No model with name shadow_segmenter.tflite present in ModelRegistry.;  failed for key shadow_segmenter.tflite
09-15 21:50:49.636 12309 26960 E native  : === Source Location Trace: ===
09-15 21:50:49.636 12309 26960 E native  : googlex/gcam/creative_camera/object_removal/clients/model_registry.cc:72
09-15 21:50:49.636 12309 26960 E native  : E0000 00:00:1757944249.636042   26960 model_registry.cc:235] INVALID_ARGUMENT: No model with name raid_person_segmenter_from_face_detection.tflite present in ModelRegistry.;  failed for key raid_person_segmenter_from_face_detection.tflite
09-15 21:50:49.636 12309 26960 E native  : === Source Location Trace: ===
09-15 21:50:49.636 12309 26960 E native  : googlex/gcam/creative_camera/object_removal/clients/model_registry.cc:72
09-15 21:50:49.636 12309 26960 E native  : E0000 00:00:1757944249.636048   26960 model_registry.cc:235] INVALID_ARGUMENT: No model with name raid_person_segmenter_from_face_detection_with_occlusions.tflite present in ModelRegistry.;  failed for key raid_person_segmenter_from_face_detection_with_occlusions.tflite
09-15 21:50:49.636 12309 26960 E native  : === Source Location Trace: ===
09-15 21:50:49.636 12309 26960 E native  : googlex/gcam/creative_camera/object_removal/clients/model_registry.cc:72
09-15 21:50:49.636 12309 26960 E native  : E0000 00:00:1757944249.636053   26960 model_registry.cc:235] INVALID_ARGUMENT: No model with name raid_person_segmenter_with_score.tflite present in ModelRegistry.;  failed for key raid_person_segmenter_with_score.tflite
09-15 21:50:49.636 12309 26960 E native  : === Source Location Trace: ===
09-15 21:50:49.636 12309 26960 E native  : googlex/gcam/creative_camera/object_removal/clients/model_registry.cc:72
09-15 21:50:49.636 12309 26960 E native  : E0000 00:00:1757944249.636058   26960 model_registry.cc:235] INVALID_ARGUMENT: No model with name raid_instance_segmenter_with_score.tflite present in ModelRegistry.;  failed for key raid_instance_segmenter_with_score.tflite
09-15 21:50:49.636 12309 26960 E native  : === Source Location Trace: ===
09-15 21:50:49.636 12309 26960 E native  : googlex/gcam/creative_camera/object_removal/clients/model_registry.cc:72
09-15 21:50:49.636 12309 26960 E native  : E0000 00:00:1757944249.636064   26960 model_registry.cc:235] INVALID_ARGUMENT: No model with name raid_instance_segmenter_with_objects_no_people.tflite present in ModelRegistry.;  failed for key raid_instance_segmenter_with_objects_no_people.tflite
09-15 21:50:49.636 12309 26960 E native  : === Source Location Trace: ===
09-15 21:50:49.636 12309 26960 E native  : googlex/gcam/creative_camera/object_removal/clients/model_registry.cc:72
09-15 21:50:49.636 12309 26960 E native  : E0000 00:00:1757944249.636069   26960 model_registry.cc:235] INVALID_ARGUMENT: No model with name raid_foreground_mosaic_512_qat.tflite present in ModelRegistry.;  failed for key raid_foreground_mosaic_512_qat.tflite
09-15 21:50:49.636 12309 26960 E native  : === Source Location Trace: ===
09-15 21:50:49.636 12309 26960 E native  : googlex/gcam/creative_camera/object_removal/clients/model_registry.cc:72
09-15 21:50:49.636 12309 26960 E native  : E0000 00:00:1757944249.636073   26960 model_registry.cc:235] INVALID_ARGUMENT: No model with name raid_instance_segmenter_with_apparel.tflite present in ModelRegistry.;  failed for key raid_instance_segmenter_with_apparel.tflite
09-15 21:50:49.636 12309 26960 E native  : === Source Location Trace: ===
09-15 21:50:49.636 12309 26960 E native  : googlex/gcam/creative_camera/object_removal/clients/model_registry.cc:72
09-15 21:50:49.636 12309 26960 E native  : E0000 00:00:1757944249.636079   26960 model_registry.cc:235] INVALID_ARGUMENT: No model with name mobile_raid_v21_640_qat_u8_attached_objects_trained_no_post.tflite present in ModelRegistry.;  failed for key mobile_raid_v21_640_qat_u8_attached_objects_trained_no_post.tflite
09-15 21:50:49.636 12309 26960 E native  : === Source Location Trace: ===
09-15 21:50:49.636 12309 26960 E native  : googlex/gcam/creative_camera/object_removal/clients/model_registry.cc:72
09-15 21:50:49.636 12309 26960 E native  : E0000 00:00:1757944249.636085   26960 model_registry.cc:235] INVALID_ARGUMENT: No model with name mask_git_bert_model present in ModelRegistry.;  failed for key mask_git_bert_model
09-15 21:50:49.636 12309 26960 E native  : === Source Location Trace: ===
09-15 21:50:49.636 12309 26960 E native  : googlex/gcam/creative_camera/object_removal/clients/model_registry.cc:72
09-15 21:50:49.636 12309 26960 E native  : E0000 00:00:1757944249.636089   26960 model_registry.cc:235] INVALID_ARGUMENT: No model with name mask_git_image_decoder_model present in ModelRegistry.;  failed for key mask_git_image_decoder_model
09-15 21:50:49.636 12309 26960 E native  : === Source Location Trace: ===
09-15 21:50:49.636 12309 26960 E native  : googlex/gcam/creative_camera/object_removal/clients/model_registry.cc:72
09-15 21:50:49.636 12309 26960 E native  : E0000 00:00:1757944249.636094   26960 model_registry.cc:235] INVALID_ARGUMENT: No model with name mask_git_upsample_model present in ModelRegistry.;  failed for key mask_git_upsample_model
09-15 21:50:49.636 12309 26960 E native  : === Source Location Trace: ===
09-15 21:50:49.636 12309 26960 E native  : googlex/gcam/creative_camera/object_removal/clients/model_registry.cc:72
09-15 21:50:49.640 12309 28151 W CAM_RAW10w4000h3000: Distributing null to Stream-274 for frame 60 at 42647159389263 because it is older than Image-RAW10w4000h3000-42647192659810
09-15 21:50:49.646 12309 28151 W CAM_RAW10w4000h3000: Received onBufferLost from Stream-274 for frame 60 but was unable to find a matching request to abort.
09-15 21:50:49.647 12309 26575 W CAM_kma : RESULT_EXTENDED_FACE key is null
09-15 21:50:49.647 12309 12340 W CAM_hlx : Extractor (frame) of type feature.acmi.imu.frame-straightness depends on foreign type feature.acmi.imu.camera-orientation! Feature values may be calculated out of order!
09-15 21:50:49.648 12309 26699 W CAM_pob : Pet and BoH faces are not supported. [CONTEXT ratelimit_period="1 SECONDS" skipped=21 ]
09-15 21:50:49.655 12309 12309 W VfeExecutor: type=1400 audit(0.0:68593): avc:  denied  { getattr } for  name="/" dev="dmabuf" ino=1 scontext=u:r:google_camera_app:s0:c183,c256,c512,c768 tcontext=u:object_r:unlabeled:s0 tclass=filesystem permissive=0 app=com.google.android.GoogleCamera
09-15 21:50:49.655 12309 12309 W VfeExecutor: type=1400 audit(0.0:68594): avc:  denied  { getattr } for  name="/" dev="dmabuf" ino=1 scontext=u:r:google_camera_app:s0:c183,c256,c512,c768 tcontext=u:object_r:unlabeled:s0 tclass=filesystem permissive=0 app=com.google.android.GoogleCamera
09-15 21:50:49.663 12309 26960 I tflite  : Replacing 1 out of 1 node(s) with delegate (edgetpu-custom-op-2) node, yielding 1 partitions for subgraph 0.
09-15 21:50:49.669 12309 26960 E native  : E0000 00:00:1757944249.669864   26960 model_registry.cc:235] INVALID_ARGUMENT: No model with name hoi_classifier_256x128.tflite present in ModelRegistry.;  failed for key hoi_classifier_256x128.tflite
09-15 21:50:49.669 12309 26960 E native  : === Source Location Trace: ===
09-15 21:50:49.669 12309 26960 E native  : googlex/gcam/creative_camera/object_removal/clients/model_registry.cc:72
09-15 21:50:49.669 12309 26960 E native  : E0000 00:00:1757944249.669911   26960 model_registry.cc:235] INVALID_ARGUMENT: No model with name hoi_classifier_256x256_rgb_and_boxes.tflite present in ModelRegistry.;  failed for key hoi_classifier_256x256_rgb_and_boxes.tflite
09-15 21:50:49.669 12309 26960 E native  : === Source Location Trace: ===
09-15 21:50:49.669 12309 26960 E native  : googlex/gcam/creative_camera/object_removal/clients/model_registry.cc:72
09-15 21:50:49.669 12309 26960 E native  : E0000 00:00:1757944249.669917   26960 model_registry.cc:235] INVALID_ARGUMENT: No model with name pssd_large_8bit_v1.1.tflite present in ModelRegistry.;  failed for key pssd_large_8bit_v1.1.tflite
09-15 21:50:49.669 12309 26960 E native  : === Source Location Trace: ===
09-15 21:50:49.669 12309 26960 E native  : googlex/gcam/creative_camera/object_removal/clients/model_registry.cc:72
09-15 21:50:49.669 12309 26960 E native  : E0000 00:00:1757944249.669921   26960 model_registry.cc:235] INVALID_ARGUMENT: No model with name pssd_large_8bit_v1.1.300x300.tflite present in ModelRegistry.;  failed for key pssd_large_8bit_v1.1.300x300.tflite
09-15 21:50:49.669 12309 26960 E native  : === Source Location Trace: ===
09-15 21:50:49.669 12309 26960 E native  : googlex/gcam/creative_camera/object_removal/clients/model_registry.cc:72
09-15 21:50:49.669 12309 26960 E native  : E0000 00:00:1757944249.669926   26960 model_registry.cc:235] INVALID_ARGUMENT: No model with name pssd_large_8bit_v1.1.800x800.tflite present in ModelRegistry.;  failed for key pssd_large_8bit_v1.1.800x800.tflite
09-15 21:50:49.669 12309 26960 E native  : === Source Location Trace: ===
09-15 21:50:49.669 12309 26960 E native  : googlex/gcam/creative_camera/object_removal/clients/model_registry.cc:72
09-15 21:50:49.669 12309 26960 E native  : E0000 00:00:1757944249.669930   26960 model_registry.cc:235] INVALID_ARGUMENT: No model with name pssd_large_8bit_v1.1.640x640.tflite present in ModelRegistry.;  failed for key pssd_large_8bit_v1.1.640x640.tflite
09-15 21:50:49.669 12309 26960 E native  : === Source Location Trace: ===
09-15 21:50:49.669 12309 26960 E native  : googlex/gcam/creative_camera/object_removal/clients/model_registry.cc:72
09-15 21:50:49.669 12309 26960 E native  : E0000 00:00:1757944249.669933   26960 model_registry.cc:235] INVALID_ARGUMENT: No model with name pssd_large_8bit_v1.1.1024x1024.tflite present in ModelRegistry.;  failed for key pssd_large_8bit_v1.1.1024x1024.tflite
09-15 21:50:49.669 12309 26960 E native  : === Source Location Trace: ===
09-15 21:50:49.669 12309 26960 E native  : googlex/gcam/creative_camera/object_removal/clients/model_registry.cc:72
09-15 21:50:49.669 12309 26960 E native  : E0000 00:00:1757944249.669937   26960 model_registry.cc:235] INVALID_ARGUMENT: No model with name pssd_large_8bit_v1.1.1200x1200.tflite present in ModelRegistry.;  failed for key pssd_large_8bit_v1.1.1200x1200.tflite
09-15 21:50:49.669 12309 26960 E native  : === Source Location Trace: ===
09-15 21:50:49.669 12309 26960 E native  : googlex/gcam/creative_camera/object_removal/clients/model_registry.cc:72
09-15 21:50:49.669 12309 26960 E native  : E0000 00:00:1757944249.669940   26960 model_registry.cc:235] INVALID_ARGUMENT: No model with name pssd_large_8bit_v2.300x300.tflite present in ModelRegistry.;  failed for key pssd_large_8bit_v2.300x300.tflite
09-15 21:50:49.669 12309 26960 E native  : === Source Location Trace: ===
09-15 21:50:49.669 12309 26960 E native  : googlex/gcam/creative_camera/object_removal/clients/model_registry.cc:72
09-15 21:50:49.669 12309 26960 E native  : E0000 00:00:1757944249.669945   26960 model_registry.cc:235] INVALID_ARGUMENT: No model with name pssd_large_8bit_v2.1200x1200.tflite present in ModelRegistry.;  failed for key pssd_large_8bit_v2.1200x1200.tflite
09-15 21:50:49.669 12309 26960 E native  : === Source Location Trace: ===
09-15 21:50:49.669 12309 26960 E native  : googlex/gcam/creative_camera/object_removal/clients/model_registry.cc:72
09-15 21:50:49.669 12309 26960 E native  : E0000 00:00:1757944249.669948   26960 model_registry.cc:235] INVALID_ARGUMENT: No model with name shadow_segmenter.tflite present in ModelRegistry.;  failed for key shadow_segmenter.tflite
09-15 21:50:49.669 12309 26960 E native  : === Source Location Trace: ===
09-15 21:50:49.669 12309 26960 E native  : googlex/gcam/creative_camera/object_removal/clients/model_registry.cc:72
09-15 21:50:49.669 12309 26960 E native  : E0000 00:00:1757944249.669952   26960 model_registry.cc:235] INVALID_ARGUMENT: No model with name raid_person_segmenter_from_face_detection.tflite present in ModelRegistry.;  failed for key raid_person_segmenter_from_face_detection.tflite
09-15 21:50:49.669 12309 26960 E native  : === Source Location Trace: ===
09-15 21:50:49.669 12309 26960 E native  : googlex/gcam/creative_camera/object_removal/clients/model_registry.cc:72
09-15 21:50:49.669 12309 26960 E native  : E0000 00:00:1757944249.669957   26960 model_registry.cc:235] INVALID_ARGUMENT: No model with name raid_person_segmenter_from_face_detection_with_occlusions.tflite present in ModelRegistry.;  failed for key raid_person_segmenter_from_face_detection_with_occlusions.tflite
09-15 21:50:49.669 12309 26960 E native  : === Source Location Trace: ===
09-15 21:50:49.669 12309 26960 E native  : googlex/gcam/creative_camera/object_removal/clients/model_registry.cc:72
09-15 21:50:49.669 12309 26960 E native  : E0000 00:00:1757944249.669961   26960 model_registry.cc:235] INVALID_ARGUMENT: No model with name raid_person_segmenter_with_score.tflite present in ModelRegistry.;  failed for key raid_person_segmenter_with_score.tflite
09-15 21:50:49.669 12309 26960 E native  : === Source Location Trace: ===
09-15 21:50:49.669 12309 26960 E native  : googlex/gcam/creative_camera/object_removal/clients/model_registry.cc:72
09-15 21:50:49.669 12309 26960 E native  : E0000 00:00:1757944249.669966   26960 model_registry.cc:235] INVALID_ARGUMENT: No model with name raid_instance_segmenter_with_score.tflite present in ModelRegistry.;  failed for key raid_instance_segmenter_with_score.tflite
09-15 21:50:49.669 12309 26960 E native  : === Source Location Trace: ===
09-15 21:50:49.669 12309 26960 E native  : googlex/gcam/creative_camera/object_removal/clients/model_registry.cc:72
09-15 21:50:49.669 12309 26960 E native  : E0000 00:00:1757944249.669971   26960 model_registry.cc:235] INVALID_ARGUMENT: No model with name raid_foreground_mosaic_512_qat.tflite present in ModelRegistry.;  failed for key raid_foreground_mosaic_512_qat.tflite
09-15 21:50:49.669 12309 26960 E native  : === Source Location Trace: ===
09-15 21:50:49.669 12309 26960 E native  : googlex/gcam/creative_camera/object_removal/clients/model_registry.cc:72
09-15 21:50:49.669 12309 26960 E native  : E0000 00:00:1757944249.669975   26960 model_registry.cc:235] INVALID_ARGUMENT: No model with name raid_instance_segmenter_with_apparel.tflite present in ModelRegistry.;  failed for key raid_instance_segmenter_with_apparel.tflite
09-15 21:50:49.669 12309 26960 E native  : === Source Location Trace: ===
09-15 21:50:49.669 12309 26960 E native  : googlex/gcam/creative_camera/object_removal/clients/model_registry.cc:72
09-15 21:50:49.669 12309 26960 E native  : E0000 00:00:1757944249.669980   26960 model_registry.cc:235] INVALID_ARGUMENT: No model with name mobile_raid_v21_640_qat_u8_attached_objects_trained_no_post.tflite present in ModelRegistry.;  failed for key mobile_raid_v21_640_qat_u8_attached_objects_trained_no_post.tflite
09-15 21:50:49.669 12309 26960 E native  : === Source Location Trace: ===
09-15 21:50:49.669 12309 26960 E native  : googlex/gcam/creative_camera/object_removal/clients/model_registry.cc:72
09-15 21:50:49.669 12309 26960 E native  : E0000 00:00:1757944249.669983   26960 model_registry.cc:235] INVALID_ARGUMENT: No model with name mobile_raid_v26_640_qat_u8_attached_objects_trained_no_post.tflite present in ModelRegistry.;  failed for key mobile_raid_v26_640_qat_u8_attached_objects_trained_no_post.tflite
09-15 21:50:49.669 12309 26960 E native  : === Source Location Trace: ===
09-15 21:50:49.669 12309 26960 E native  : googlex/gcam/creative_camera/object_removal/clients/model_registry.cc:72
09-15 21:50:49.669 12309 26960 E native  : E0000 00:00:1757944249.669987   26960 model_registry.cc:235] INVALID_ARGUMENT: No model with name mask_git_bert_model present in ModelRegistry.;  failed for key mask_git_bert_model
09-15 21:50:49.669 12309 26960 E native  : === Source Location Trace: ===
09-15 21:50:49.669 12309 26960 E native  : googlex/gcam/creative_camera/object_removal/clients/model_registry.cc:72
09-15 21:50:49.669 12309 26960 E native  : E0000 00:00:1757944249.669991   26960 model_registry.cc:235] INVALID_ARGUMENT: No model with name mask_git_image_decoder_model present in ModelRegistry.;  failed for key mask_git_image_decoder_model
09-15 21:50:49.669 12309 26960 E native  : === Source Location Trace: ===
09-15 21:50:49.669 12309 26960 E native  : googlex/gcam/creative_camera/object_removal/clients/model_registry.cc:72
09-15 21:50:49.669 12309 26960 E native  : E0000 00:00:1757944249.669994   26960 model_registry.cc:235] INVALID_ARGUMENT: No model with name mask_git_upsample_model present in ModelRegistry.;  failed for key mask_git_upsample_model
09-15 21:50:49.669 12309 26960 E native  : === Source Location Trace: ===
09-15 21:50:49.669 12309 26960 E native  : googlex/gcam/creative_camera/object_removal/clients/model_registry.cc:72
09-15 21:50:49.670 12309 26960 I tflite  : Replacing 1 out of 1 node(s) with delegate (edgetpu-custom-op-2) node, yielding 1 partitions for subgraph 0.
09-15 21:50:49.681 12309 26960 E native  : E0000 00:00:1757944249.681052   26960 model_registry.cc:235] INVALID_ARGUMENT: No model with name hoi_classifier_256x128.tflite present in ModelRegistry.;  failed for key hoi_classifier_256x128.tflite
09-15 21:50:49.681 12309 26960 E native  : === Source Location Trace: ===
09-15 21:50:49.681 12309 26960 E native  : googlex/gcam/creative_camera/object_removal/clients/model_registry.cc:72
09-15 21:50:49.681 12309 26960 E native  : E0000 00:00:1757944249.681113   26960 model_registry.cc:235] INVALID_ARGUMENT: No model with name pssd_large_8bit_v1.1.tflite present in ModelRegistry.;  failed for key pssd_large_8bit_v1.1.tflite
09-15 21:50:49.681 12309 26960 E native  : === Source Location Trace: ===
09-15 21:50:49.681 12309 26960 E native  : googlex/gcam/creative_camera/object_removal/clients/model_registry.cc:72
09-15 21:50:49.681 12309 26960 E native  : E0000 00:00:1757944249.681124   26960 model_registry.cc:235] INVALID_ARGUMENT: No model with name pssd_large_8bit_v1.1.300x300.tflite present in ModelRegistry.;  failed for key pssd_large_8bit_v1.1.300x300.tflite
09-15 21:50:49.681 12309 26960 E native  : === Source Location Trace: ===
09-15 21:50:49.681 12309 26960 E native  : googlex/gcam/creative_camera/object_removal/clients/model_registry.cc:72
09-15 21:50:49.681 12309 26960 E native  : E0000 00:00:1757944249.681131   26960 model_registry.cc:235] INVALID_ARGUMENT: No model with name pssd_large_8bit_v1.1.800x800.tflite present in ModelRegistry.;  failed for key pssd_large_8bit_v1.1.800x800.tflite
09-15 21:50:49.681 12309 26960 E native  : === Source Location Trace: ===
09-15 21:50:49.681 12309 26960 E native  : googlex/gcam/creative_camera/object_removal/clients/model_registry.cc:72
09-15 21:50:49.681 12309 26960 E native  : E0000 00:00:1757944249.681137   26960 model_registry.cc:235] INVALID_ARGUMENT: No model with name pssd_large_8bit_v1.1.640x640.tflite present in ModelRegistry.;  failed for key pssd_large_8bit_v1.1.640x640.tflite
09-15 21:50:49.681 12309 26960 E native  : === Source Location Trace: ===
09-15 21:50:49.681 12309 26960 E native  : googlex/gcam/creative_camera/object_removal/clients/model_registry.cc:72
09-15 21:50:49.681 12309 26960 E native  : E0000 00:00:1757944249.681142   26960 model_registry.cc:235] INVALID_ARGUMENT: No model with name pssd_large_8bit_v1.1.1024x1024.tflite present in ModelRegistry.;  failed for key pssd_large_8bit_v1.1.1024x1024.tflite
09-15 21:50:49.681 12309 26960 E native  : === Source Location Trace: ===
09-15 21:50:49.681 12309 26960 E native  : googlex/gcam/creative_camera/object_removal/clients/model_registry.cc:72
09-15 21:50:49.681 12309 26960 E native  : E0000 00:00:1757944249.681148   26960 model_registry.cc:235] INVALID_ARGUMENT: No model with name pssd_large_8bit_v1.1.1200x1200.tflite present in ModelRegistry.;  failed for key pssd_large_8bit_v1.1.1200x1200.tflite
09-15 21:50:49.681 12309 26960 E native  : === Source Location Trace: ===
09-15 21:50:49.681 12309 26960 E native  : googlex/gcam/creative_camera/object_removal/clients/model_registry.cc:72
09-15 21:50:49.681 12309 26960 E native  : E0000 00:00:1757944249.681153   26960 model_registry.cc:235] INVALID_ARGUMENT: No model with name pssd_large_8bit_v2.300x300.tflite present in ModelRegistry.;  failed for key pssd_large_8bit_v2.300x300.tflite
09-15 21:50:49.681 12309 26960 E native  : === Source Location Trace: ===
09-15 21:50:49.681 12309 26960 E native  : googlex/gcam/creative_camera/object_removal/clients/model_registry.cc:72
09-15 21:50:49.681 12309 26960 E native  : E0000 00:00:1757944249.681158   26960 model_registry.cc:235] INVALID_ARGUMENT: No model with name pssd_large_8bit_v2.1200x1200.tflite present in ModelRegistry.;  failed for key pssd_large_8bit_v2.1200x1200.tflite
09-15 21:50:49.681 12309 26960 E native  : === Source Location Trace: ===
09-15 21:50:49.681 12309 26960 E native  : googlex/gcam/creative_camera/object_removal/clients/model_registry.cc:72
09-15 21:50:49.681 12309 26960 E native  : E0000 00:00:1757944249.681163   26960 model_registry.cc:235] INVALID_ARGUMENT: No model with name shadow_segmenter.tflite present in ModelRegistry.;  failed for key shadow_segmenter.tflite
09-15 21:50:49.681 12309 26960 E native  : === Source Location Trace: ===
09-15 21:50:49.681 12309 26960 E native  : googlex/gcam/creative_camera/object_removal/clients/model_registry.cc:72
09-15 21:50:49.681 12309 26960 E native  : E0000 00:00:1757944249.681168   26960 model_registry.cc:235] INVALID_ARGUMENT: No model with name raid_person_segmenter_from_face_detection.tflite present in ModelRegistry.;  failed for key raid_person_segmenter_from_face_detection.tflite
09-15 21:50:49.681 12309 26960 E native  : === Source Location Trace: ===
09-15 21:50:49.681 12309 26960 E native  : googlex/gcam/creative_camera/object_removal/clients/model_registry.cc:72
09-15 21:50:49.681 12309 26960 E native  : E0000 00:00:1757944249.681174   26960 model_registry.cc:235] INVALID_ARGUMENT: No model with name raid_person_segmenter_from_face_detection_with_occlusions.tflite present in ModelRegistry.;  failed for key raid_person_segmenter_from_face_detection_with_occlusions.tflite
09-15 21:50:49.681 12309 26960 E native  : === Source Location Trace: ===
09-15 21:50:49.681 12309 26960 E native  : googlex/gcam/creative_camera/object_removal/clients/model_registry.cc:72
09-15 21:50:49.681 12309 26960 E native  : E0000 00:00:1757944249.681179   26960 model_registry.cc:235] INVALID_ARGUMENT: No model with name raid_person_segmenter_with_score.tflite present in ModelRegistry.;  failed for key raid_person_segmenter_with_score.tflite
09-15 21:50:49.681 12309 26960 E native  : === Source Location Trace: ===
09-15 21:50:49.681 12309 26960 E native  : googlex/gcam/creative_camera/object_removal/clients/model_registry.cc:72
09-15 21:50:49.681 12309 26960 E native  : E0000 00:00:1757944249.681185   26960 model_registry.cc:235] INVALID_ARGUMENT: No model with name raid_instance_segmenter_with_score.tflite present in ModelRegistry.;  failed for key raid_instance_segmenter_with_score.tflite
09-15 21:50:49.681 12309 26960 E native  : === Source Location Trace: ===
09-15 21:50:49.681 12309 26960 E native  : googlex/gcam/creative_camera/object_removal/clients/model_registry.cc:72
09-15 21:50:49.681 12309 26960 E native  : E0000 00:00:1757944249.681191   26960 model_registry.cc:235] INVALID_ARGUMENT: No model with name raid_instance_segmenter_with_objects_no_people.tflite present in ModelRegistry.;  failed for key raid_instance_segmenter_with_objects_no_people.tflite
09-15 21:50:49.681 12309 26960 E native  : === Source Location Trace: ===
09-15 21:50:49.681 12309 26960 E native  : googlex/gcam/creative_camera/object_removal/clients/model_registry.cc:72
09-15 21:50:49.681 12309 26960 E native  : E0000 00:00:1757944249.681196   26960 model_registry.cc:235] INVALID_ARGUMENT: No model with name raid_foreground_mosaic_512_qat.tflite present in ModelRegistry.;  failed for key raid_foreground_mosaic_512_qat.tflite
09-15 21:50:49.681 12309 26960 E native  : === Source Location Trace: ===
09-15 21:50:49.681 12309 26960 E native  : googlex/gcam/creative_camera/object_removal/clients/model_registry.cc:72
09-15 21:50:49.681 12309 26960 E native  : E0000 00:00:1757944249.681201   26960 model_registry.cc:235] INVALID_ARGUMENT: No model with name raid_instance_segmenter_with_apparel.tflite present in ModelRegistry.;  failed for key raid_instance_segmenter_with_apparel.tflite
09-15 21:50:49.681 12309 26960 E native  : === Source Location Trace: ===
09-15 21:50:49.681 12309 26960 E native  : googlex/gcam/creative_camera/object_removal/clients/model_registry.cc:72
09-15 21:50:49.681 12309 26960 E native  : E0000 00:00:1757944249.681206   26960 model_registry.cc:235] INVALID_ARGUMENT: No model with name mobile_raid_v21_640_qat_u8_attached_objects_trained_no_post.tflite present in ModelRegistry.;  failed for key mobile_raid_v21_640_qat_u8_attached_objects_trained_no_post.tflite
09-15 21:50:49.681 12309 26960 E native  : === Source Location Trace: ===
09-15 21:50:49.681 12309 26960 E native  : googlex/gcam/creative_camera/object_removal/clients/model_registry.cc:72
09-15 21:50:49.681 12309 26960 E native  : E0000 00:00:1757944249.681211   26960 model_registry.cc:235] INVALID_ARGUMENT: No model with name mobile_raid_v26_640_qat_u8_attached_objects_trained_no_post.tflite present in ModelRegistry.;  failed for key mobile_raid_v26_640_qat_u8_attached_objects_trained_no_post.tflite
09-15 21:50:49.681 12309 26960 E native  : === Source Location Trace: ===
09-15 21:50:49.681 12309 26960 E native  : googlex/gcam/creative_camera/object_removal/clients/model_registry.cc:72
09-15 21:50:49.681 12309 26960 E native  : E0000 00:00:1757944249.681217   26960 model_registry.cc:235] INVALID_ARGUMENT: No model with name mask_git_bert_model present in ModelRegistry.;  failed for key mask_git_bert_model
09-15 21:50:49.681 12309 26960 E native  : === Source Location Trace: ===
09-15 21:50:49.681 12309 26960 E native  : googlex/gcam/creative_camera/object_removal/clients/model_registry.cc:72
09-15 21:50:49.681 12309 26960 E native  : E0000 00:00:1757944249.681222   26960 model_registry.cc:235] INVALID_ARGUMENT: No model with name mask_git_image_decoder_model present in ModelRegistry.;  failed for key mask_git_image_decoder_model
09-15 21:50:49.681 12309 26960 E native  : === Source Location Trace: ===
09-15 21:50:49.681 12309 26960 E native  : googlex/gcam/creative_camera/object_removal/clients/model_registry.cc:72
09-15 21:50:49.681 12309 26960 E native  : E0000 00:00:1757944249.681226   26960 model_registry.cc:235] INVALID_ARGUMENT: No model with name mask_git_upsample_model present in ModelRegistry.;  failed for key mask_git_upsample_model
09-15 21:50:49.681 12309 26960 E native  : === Source Location Trace: ===
09-15 21:50:49.681 12309 26960 E native  : googlex/gcam/creative_camera/object_removal/clients/model_registry.cc:72
09-15 21:50:49.681 12309 26960 I tflite  : Replacing 1 out of 1 node(s) with delegate (edgetpu-custom-op-2) node, yielding 1 partitions for subgraph 0.
09-15 21:50:49.686 12309 26960 I tflite  : Replacing 1 out of 1 node(s) with delegate (edgetpu-custom-op-2) node, yielding 1 partitions for subgraph 0.
09-15 21:50:49.693 12309 26575 W CAM_kma : RESULT_EXTENDED_FACE key is null
09-15 21:50:49.693 12309 28247 W native  : W0000 00:00:1757944249.693292   28247 foreground_color_estimator.cc:79] [GroupPhotos] - Inference doesn't run on GPU, so GPU boost will not be applied.
09-15 21:50:49.694 12309 28247 I tflite  : Replacing 1 out of 1 node(s) with delegate (edgetpu-custom-op-2) node, yielding 1 partitions for subgraph 0.
09-15 21:50:49.726 12309 26575 W CAM_kma : RESULT_EXTENDED_FACE key is null
09-15 21:50:49.752 12309 12314 I id.GoogleCamera: NativeAlloc concurrent mark compact GC freed 28MB AllocSpace bytes, 51(2728KB) LOS objects, 74% free, 32MB/128MB, paused 2.508ms,3.777ms total 132.490ms
09-15 21:50:49.759 12309 26575 W CAM_kma : RESULT_EXTENDED_FACE key is null
09-15 21:50:49.775 12309 26960 I tflite  : Replacing 710 out of 710 node(s) with delegate (unknown) node, yielding 1 partitions for subgraph 0.
09-15 21:50:49.781  1251  7421 I Camera2ClientBase: ~Camera2ClientBase: Client object's dtor for Camera Id 0 completed. Client was: com.google.android.GoogleCamera (PID 12309, UID 10183)
09-15 21:50:49.783 12309 12315 I BpBinder: onLastStrongRef automatically unlinking death recipients: 
09-15 21:50:49.786 12309 27840 E native  : E0000 00:00:1757944249.785390   27840 jni_environment.cc:85] Failed to detach current thread from the JVM. JavaVM::DetachCurrentThread returned: -1
09-15 21:50:49.789 12309 28066 E native  : E0000 00:00:1757944249.789551   28066 jni_environment.cc:85] Failed to detach current thread from the JVM. JavaVM::DetachCurrentThread returned: -1
09-15 21:50:49.790 12309 26575 W CAM_kma : RESULT_EXTENDED_FACE key is null
09-15 21:50:49.794 12309 26575 W CameraPipeCaptureResult: Please use unwrapAndroidObject to prevent the extra object wrapper.
09-15 21:50:49.795 12309 26575 I native  : I0000 00:00:1757944249.795655   26575 timebase_helpers.cc:184] Timebase offset initialized to 0
09-15 21:50:49.813 12309 28176 I native  : I0000 00:00:1757944249.813013   28176 input_synchronizer.cc:49] [InputSynchronizer] Received first frame sample at timestamp: 42647312117510
09-15 21:50:49.813 12309 28175 I native  : I0000 00:00:1757944249.813761   28175 vio_estimator.cc:1361] [VioEstimator] [PauseResume] HandleInitializationStage with feature tracks at timestamp: 42647312117510 ns.
09-15 21:50:49.814 12309 28170 I native  : I0000 00:00:1757944249.814109   28170 model_inference_cpu.cc:106] Successfully started the ArDepthCalculator graph.
09-15 21:50:49.814 12309 28249 I native  : I0000 00:00:1757944249.814190   28249 jni_util.cc:41] GetEnv: not attached
09-15 21:50:49.814 12309 28177 I native  : I0000 00:00:1757944249.814370   28177 data_manager.cc:87] [M] VisualInertialState is kNotTracking. Wait.
09-15 21:50:49.824 12309 26575 W CAM_kma : RESULT_EXTENDED_FACE key is null
09-15 21:50:49.825 12309 28249 I tflite  : Replacing 299 out of 299 node(s) with delegate (TfLiteXNNPackDelegate) node, yielding 1 partitions for subgraph 0.
09-15 21:50:49.827 12309 26575 W CameraPipeCaptureResult: Please use unwrapAndroidObject to prevent the extra object wrapper.
