09-15 14:23:05.919 12309 26575 W CAM_kma : RESULT_EXTENDED_FACE key is null
09-15 14:23:05.950 12309 26575 W CAM_kma : RESULT_EXTENDED_FACE key is null
09-15 14:23:05.985 12309 26575 W CAM_kma : RESULT_EXTENDED_FACE key is null
09-15 14:23:06.018 12309 26575 W CAM_kma : RESULT_EXTENDED_FACE key is null
09-15 14:23:06.049 12309 26575 W CAM_kma : RESULT_EXTENDED_FACE key is null
09-15 14:23:06.083 12309 26575 W CAM_kma : RESULT_EXTENDED_FACE key is null
09-15 14:23:06.115 12309 26575 W CAM_kma : RESULT_EXTENDED_FACE key is null
09-15 14:23:06.149 12309 26575 W CAM_kma : RESULT_EXTENDED_FACE key is null
09-15 14:23:06.186 12309 26575 W CAM_kma : RESULT_EXTENDED_FACE key is null
09-15 14:23:06.220 12309 26575 W CAM_kma : RESULT_EXTENDED_FACE key is null
09-15 14:23:06.250 12309 26575 W CAM_kma : RESULT_EXTENDED_FACE key is null
09-15 14:23:06.290 12309 26575 W CAM_kma : RESULT_EXTENDED_FACE key is null
09-15 14:23:06.319 12309 26575 W CAM_kma : RESULT_EXTENDED_FACE key is null
09-15 14:23:06.321 12309 26699 W CAM_pob : Pet and BoH faces are not supported. [CONTEXT ratelimit_period="1 SECONDS" skipped=29 ]
09-15 14:23:06.352 12309 26575 W CAM_kma : RESULT_EXTENDED_FACE key is null
09-15 14:23:06.386 12309 26575 W CAM_kma : RESULT_EXTENDED_FACE key is null
09-15 14:23:06.418 12309 26575 W CAM_kma : RESULT_EXTENDED_FACE key is null
09-15 14:23:06.449 12309 26575 W CAM_kma : RESULT_EXTENDED_FACE key is null
09-15 14:23:06.484 12309 26575 W CAM_kma : RESULT_EXTENDED_FACE key is null
09-15 14:23:06.519 12309 26575 W CAM_kma : RESULT_EXTENDED_FACE key is null
09-15 14:23:06.553 12309 26575 W CAM_kma : RESULT_EXTENDED_FACE key is null
09-15 14:23:06.583 12309 26575 W CAM_kma : RESULT_EXTENDED_FACE key is null
09-15 14:23:06.621 12309 26575 W CAM_kma : RESULT_EXTENDED_FACE key is null
09-15 14:23:06.651 12309 26575 W CAM_kma : RESULT_EXTENDED_FACE key is null
09-15 14:23:06.684 12309 26575 W CAM_kma : RESULT_EXTENDED_FACE key is null
09-15 14:23:06.681 12309 12309 W id.GoogleCamera: type=1400 audit(0.0:21754): avc:  denied  { getattr } for  name="/" dev="dmabuf" ino=1 scontext=u:r:google_camera_app:s0:c183,c256,c512,c768 tcontext=u:object_r:unlabeled:s0 tclass=filesystem permissive=0 app=com.google.android.GoogleCamera
09-15 14:23:06.724 12309 10542 W CAM_nph : [VFEPipeline-9][15784198570334](repeat=0) Pipeline was already closed. Skipping the image.
09-15 14:23:06.724 12309 26575 W CAM_kma : RESULT_EXTENDED_FACE key is null
09-15 14:23:06.725 12309 26575 W CAM_kzr : Camera update after close, ignoring.
09-15 14:23:06.732 12309 12309 W View    : requestLayout() improperly called by com.google.android.apps.camera.bottombar.SideButtonContainer{cabc851 V.E...... ......ID 322,181-449,308 #7f0b02af app:id/left_placeholder_container} during layout: running second layout pass
09-15 14:23:06.732 12309 12309 W View    : requestLayout() improperly called by android.widget.Space{bd328b6 I.ED..... ......I. 449,244-559,244 #7f0b0109 app:id/center_left_space} during layout: running second layout pass
09-15 14:23:06.732 12309 12309 W View    : requestLayout() improperly called by android.widget.FrameLayout{213f9b7 V.E...... ......ID 559,120-808,369 #7f0b010a app:id/center_placeholder} during layout: running second layout pass
09-15 14:23:06.732 12309 12309 W View    : requestLayout() improperly called by com.google.android.apps.camera.bottombar.SideButtonContainer{613988d V.E...... ......ID 808,181-935,308 #7f0b042d app:id/right_placeholder_container} during layout: running second layout pass
09-15 14:23:06.732 12309 12309 W View    : requestLayout() improperly called by android.widget.Space{ee47a53 I.ED..... ......I. 0,64-0,64 #7f0b042f app:id/right_space} during layout: running second layout pass
09-15 14:23:06.741 12309 12309 W CAM_ftu : Setting Auto Night Sight allowed to false for mode COTTAGE
09-15 14:23:06.745 12309 12309 W CAM_jkd : Brightness slider not found
09-15 14:23:06.748 12309 12309 E CAM_A   : Invalid background image resource.
09-15 14:23:06.751 12309 10605 W GraphicBufferSource: released unpopulated slots: [0, 1, 2, 3, 4, 5, 6, 7, 8, 9, 10, 11, 12, 13, 14, 15, 16, 17, 18, 19, 20, 21, 22, 23, 24, 25, 26, 27, 28, 29, 30, 31, 32, 33, 34, 35, 36, 37, 38, 39, 40, 41, 42, 43, 44, 45, 46, 47, 48, 49, 50, 51, 52, 53, 54, 55, 56, 57, 58, 59, 60, 61, 62, 63]
09-15 14:23:06.755 12309 12309 W CAM_ftu : Setting Auto Night Sight allowed to false for mode COTTAGE
09-15 14:23:06.756 12309 12388 W CAM_OutputDistributorFa: Tag OutputDistributorFac is 1 chars longer than limit.
09-15 14:23:06.758 12309 12388 W CAM_YUV_420_888w1440h10: Tag YUV_420_888w1440h1080 is 2 chars longer than limit.
09-15 14:23:06.759 12309 10653 D AidlBufferPool: Destruction - bufferpool2 0xb40000789b0a4278 cached: 0/0M, 0/0% in use; allocs: 0, 0% recycled; transfers: 0, 0% unfetched
09-15 14:23:06.759 12309 10612 W GraphicBufferSource: released unpopulated slots: [0, 1, 2, 3, 4, 5, 6, 7, 8, 9, 10, 11, 12, 13, 14, 15, 16, 17, 18, 19, 20, 21, 22, 23, 24, 25, 26, 27, 28, 29, 30, 31, 32, 33, 34, 35, 36, 37, 38, 39, 40, 41, 42, 43, 44, 45, 46, 47, 48, 49, 50, 51, 52, 53, 54, 55, 56, 57, 58, 59, 60, 61, 62, 63]
09-15 14:23:06.759 12309 12388 W CAM_YUV_420_888w1440h10: Tag YUV_420_888w1440h1080 is 2 chars longer than limit.
09-15 14:23:06.762 12309 10635 D AidlBufferPool: bufferpool2 0xb40000789b0bd4d8 : 0(0 size) total buffers - 0(0 size) used buffers - 0/0 (recycle/alloc) - 0/0 (fetch/transfer)
09-15 14:23:06.762 12309 10635 D AidlBufferPool: Destruction - bufferpool2 0xb40000789b0bd4d8 cached: 0/0M, 0/0% in use; allocs: 0, 0% recycled; transfers: 0, 0% unfetched
09-15 14:23:06.763 12309 12309 W View    : requestLayout() improperly called by com.google.android.apps.camera.bottombar.SideButtonContainer{cabc851 V.E...... ......ID 179,181-306,308 #7f0b02af app:id/left_placeholder_container} during layout: running second layout pass
09-15 14:23:06.763 12309 12309 W View    : requestLayout() improperly called by android.widget.Space{bd328b6 I.ED..... ......I. 306,244-416,244 #7f0b0109 app:id/center_left_space} during layout: running second layout pass
09-15 14:23:06.763 12309 12309 W View    : requestLayout() improperly called by android.widget.FrameLayout{213f9b7 V.E...... ......ID 416,120-665,369 #7f0b010a app:id/center_placeholder} during layout: running second layout pass
09-15 14:23:06.763 12309 12309 W View    : requestLayout() improperly called by com.google.android.apps.camera.bottombar.SideButtonContainer{613988d V.E...... ......ID 665,181-902,308 #7f0b042d app:id/right_placeholder_container} during layout: running second layout pass
09-15 14:23:06.763 12309 12309 W View    : requestLayout() improperly called by android.widget.Space{ee47a53 I.ED..... ......I. 0,64-110,64 #7f0b042f app:id/right_space} during layout: running second layout pass
09-15 14:23:06.765 12309 12388 W CAM_ldg : 3A_DEBUG Exclusive FrameServer session enabled: false.
09-15 14:23:06.766 12309 12388 I third_party/arcore/ar/core/android/sdk/session_create.cc: Entering ArSession_createWithFeaturesAndTrace
09-15 14:23:06.766 12309 12388 I third_party/arcore/ar/core/android/sdk/session_create.cc: ARCore Version: SDK build name: 1.50
09-15 14:23:06.767 12309 12388 I third_party/arcore/ar/core/android/sdk/session_create.cc: ARCore Version: APK version code: 251670093
09-15 14:23:06.768 12309 12388 I third_party/arcore/ar/core/android/sdk/session_create.cc: Dynamite load ok.
09-15 14:23:06.769 12309 12388 I third_party/arcore/ar/core/android/sdk/session_create.cc: ARCore SDK: dynamite number_of_symbols_loaded=506
09-15 14:23:06.769 12309 12388 I native  : I0000 00:00:1757917386.769105   12388 session_create_implementation.cc:263] Entering createImplementationWithFeaturesAndSettings. ARCore SDK version: [1.50.250330000].
09-15 14:23:06.777 12309 12388 I native  : I0000 00:00:1757917386.777664   12388 session_create_implementation.cc:224] AugmentedRegion downsample mode from Phenotype: true
09-15 14:23:06.779 12309 10717 V third_party/redwood/infrastructure/jni_common/jni_helper.cc: JniHelper: attached thread (Called from line 368).
09-15 14:23:06.783 12309 26820 I native  : I0000 00:00:1757917386.783881   26820 gxp_device.cc:219] GxpDevice closed.
09-15 14:23:06.789 12309 12388 I native  : I0000 00:00:1757917386.789874   12388 session_create_implementation_shared.cc:2543] min_apk_version_code is: 250330000, phenotype flag of enable_dual_camera_support is: false, phenotype flag of unified_data_source_status is: 2, is_dual_camera_supported based on device profile is: false
09-15 14:23:06.789 12309 12388 I native  : I0000 00:00:1757917386.789955   12388 session_create_implementation_shared.cc:2554] Settings.camera_stack_option is not specified
09-15 14:23:06.789 12309 12388 I native  : I0000 00:00:1757917386.789971   12388 session_create_implementation_shared.cc:2627] Datasource will be created with camera_stack_option = kUnifiedMono
09-15 14:23:06.789 12309 12388 I native  : I0000 00:00:1757917386.789985   12388 android_camera.cc:169] Camera start operation timeout set to 4000 ms.
09-15 14:23:06.790 12309 12388 E ACameraManager: getCurrentDeviceId: Failed to call getDeviceIdsForUid to determine device id for uid 10183: No error
09-15 14:23:06.790 12309 12388 I native  : I0000 00:00:1757917386.790327   12388 android_camera.cc:1825] Initializing camera manager.
09-15 14:23:06.791 12309 12388 E ACameraManager: getCurrentDeviceId: Failed to call getDeviceIdsForUid to determine device id for uid 10183: No error
09-15 14:23:06.793 12309 12388 E ACameraManager: getCurrentDeviceId: Failed to call getDeviceIdsForUid to determine device id for uid 10183: No error
09-15 14:23:06.794 12309 27156 D AidlBufferPool: bufferpool2 0xb40000789b055188 : 3(230400 size) total buffers - 3(230400 size) used buffers - 0/5 (recycle/alloc) - 0/0 (fetch/transfer)
09-15 14:23:06.794 12309 12388 I native  : I0000 00:00:1757917386.794541   12388 android_camera.cc:1851] Camera manager initialized successfully with 2 cameras.
09-15 14:23:06.794 12309 12388 I native  : I0000 00:00:1757917386.794681   12388 android_camera.cc:761] [Camera=1; State=CLOSED] Reset cleanly got to CLOSED state.
09-15 14:23:06.794 12309 12388 I native  : I0000 00:00:1757917386.794809   12388 android_camera.cc:761] [Camera=0; State=CLOSED] Reset cleanly got to CLOSED state.
09-15 14:23:06.795 12309 12388 I native  : I0000 00:00:1757917386.795754   12388 session_create_implementation_shared.cc:2726] Persistent online recalibration is enabled by Phenotype.
09-15 14:23:06.797 12309 12388 I tflite  : Replacing 2 out of 2 node(s) with delegate (TfLiteXNNPackDelegate) node, yielding 1 partitions for subgraph 0.
09-15 14:23:06.798 12309 12388 I native  : I0000 00:00:1757917386.798124   12388 online_calibration_manager.cc:94] OnlineCalibrationManager: Could not open /data/user/0/com.google.android.GoogleCamera/cache/arcore-online-recalibration for reading.
09-15 14:23:06.798 12309 26612 W CAM_MetadataDst: onCaptureFailed for Frame 330
09-15 14:23:06.798 12309 10546 W CAM_RAW10w4000h3000: Received onBufferLost from Stream-72 for frame 330 but was unable to find a matching request to abort.
09-15 14:23:06.798 12309 26612 W CAM_MetadataDst: onCaptureFailed for Frame 329
09-15 14:23:06.798 12309 10546 W CAM_RAW10w4000h3000: Received onBufferLost from Stream-72 for frame 329 but was unable to find a matching request to abort.
09-15 14:23:06.798 12309 26612 W CAM_MetadataDst: onCaptureFailed for Frame 331
09-15 14:23:06.798 12309 10546 W CAM_RAW10w4000h3000: Received onBufferLost from Stream-72 for frame 331 but was unable to find a matching request to abort.
09-15 14:23:06.799 12309 10542 W CAM_PRIVATEw1440h1080: Received onBufferLost from Stream-69 for frame 331 but was unable to find a matching request to abort.
09-15 14:23:06.799 12309 10545 W CAM_YUV_420_888w1440h10: Received onBufferLost from Stream-71 for frame 331 but was unable to find a matching request to abort.
09-15 14:23:06.799 12309 26575 E CAM_kya : Error retrieving metadata, ignoring frame
09-15 14:23:06.799 12309 26575 E CAM_kya : Error retrieving metadata, ignoring frame
09-15 14:23:06.799 12309 26612 W CAM_MetadataDst: onCaptureFailed for Frame 332
09-15 14:23:06.799 12309 10546 W CAM_RAW10w4000h3000: Received onBufferLost from Stream-72 for frame 332 but was unable to find a matching request to abort.
09-15 14:23:06.799 12309 26612 W CAM_MetadataDst: onCaptureFailed for Frame 333
09-15 14:23:06.799 12309 10546 W CAM_RAW10w4000h3000: Received onBufferLost from Stream-72 for frame 333 but was unable to find a matching request to abort.
09-15 14:23:06.800 12309 26612 W CAM_MetadataDst: onCaptureFailed for Frame 334
09-15 14:23:06.800 12309 10546 W CAM_RAW10w4000h3000: Received onBufferLost from Stream-72 for frame 334 but was unable to find a matching request to abort.
09-15 14:23:06.800 12309 10542 W CAM_PRIVATEw1440h1080: Received onBufferLost from Stream-69 for frame 332 but was unable to find a matching request to abort.
09-15 14:23:06.800 12309 10542 W CAM_PRIVATEw1440h1080: Received onBufferLost from Stream-69 for frame 333 but was unable to find a matching request to abort.
09-15 14:23:06.800 12309 10542 W CAM_PRIVATEw1440h1080: Received onBufferLost from Stream-69 for frame 334 but was unable to find a matching request to abort.
09-15 14:23:06.800 12309 10545 W CAM_YUV_420_888w1440h10: Received onBufferLost from Stream-71 for frame 332 but was unable to find a matching request to abort.
09-15 14:23:06.800 12309 10545 W CAM_YUV_420_888w1440h10: Received onBufferLost from Stream-71 for frame 333 but was unable to find a matching request to abort.
09-15 14:23:06.800 12309 10545 W CAM_YUV_420_888w1440h10: Received onBufferLost from Stream-71 for frame 334 but was unable to find a matching request to abort.
09-15 14:23:06.800 12309 10533 W CAM_RAW10w3840h2736: Received onBufferLost from Stream-67 for frame 331 but was unable to find a matching request to abort.
09-15 14:23:06.800 12309 10533 W CAM_RAW10w3840h2736: Received onBufferLost from Stream-67 for frame 332 but was unable to find a matching request to abort.
09-15 14:23:06.800 12309 10533 W CAM_RAW10w3840h2736: Received onBufferLost from Stream-67 for frame 333 but was unable to find a matching request to abort.
09-15 14:23:06.800 12309 10533 W CAM_RAW10w3840h2736: Received onBufferLost from Stream-67 for frame 334 but was unable to find a matching request to abort.
09-15 14:23:06.805 12309 10618 E CAM_jqb : onEncoded(0) was received but we weren't expecting this timestamp
09-15 14:23:06.805 12309 12388 W ARCore-ContextUtils: The API key for use with the Google AR service could not be obtained!
09-15 14:23:06.809 12309 10657 D CCodecBuffers: [c2.exynos.hevc.encoder#695:1D-Output] received null buffer
09-15 14:23:06.810 12309 10651 D CCodecBufferChannel: [c2.exynos.hevc.encoder#695] MediaCodec discarded an unknown buffer
09-15 14:23:06.810 12309 10651 D CCodecBufferChannel: [c2.exynos.hevc.encoder#695] MediaCodec discarded an unknown buffer
09-15 14:23:06.810 12309 10651 D CCodecBufferChannel: [c2.exynos.hevc.encoder#695] MediaCodec discarded an unknown buffer
09-15 14:23:06.816 12309 12388 I native  : I0000 00:00:1757917386.816655   12388 android_sensors.cc:141] Using uncalibrated accelerometer.
09-15 14:23:06.816 12309 12388 I native  : I0000 00:00:1757917386.816747   12388 android_sensors.cc:160] Uncalibrated magnetometer available.
09-15 14:23:06.816 12309 12388 I native  : I0000 00:00:1757917386.816779   12388 android_sensors.cc:168] Calibrated magnetometer available.
09-15 14:23:06.816 12309 12388 I native  : I0000 00:00:1757917386.816859   12388 android_sensors.cc:183] Using SENSOR_TYPE_LIGHT
09-15 14:23:06.816 12309 12388 I native  : I0000 00:00:1757917386.816883   12388 android_sensors.cc:183] Using SENSOR_TYPE_PRESSURE
09-15 14:23:06.816 12309 12388 I native  : I0000 00:00:1757917386.816899   12388 android_sensors.cc:183] Using SENSOR_TYPE_PROXIMITY
09-15 14:23:06.816 12309 12388 I native  : I0000 00:00:1757917386.816914   12388 android_sensors.cc:183] Using SENSOR_TYPE_GRAVITY
09-15 14:23:06.816 12309 12388 I native  : I0000 00:00:1757917386.816928   12388 android_sensors.cc:183] Using SENSOR_TYPE_ROTATION_VECTOR
09-15 14:23:06.816 12309 12388 I native  : I0000 00:00:1757917386.816943   12388 android_sensors.cc:183] Using SENSOR_TYPE_GAME_ROTATION_VECTOR
09-15 14:23:06.816 12309 12388 I native  : I0000 00:00:1757917386.816957   12388 android_sensors.cc:183] Using SENSOR_TYPE_GEOMAGNETIC_ROTATION_VECTOR
09-15 14:23:06.816 12309 12388 I native  : I0000 00:00:1757917386.816971   12388 android_sensors.cc:183] Using SENSOR_TYPE_STEP_DETECTOR
09-15 14:23:06.817 12309 12388 I native  : I0000 00:00:1757917386.817063   12388 android_sensors.cc:183] Using SENSOR_TYPE_HINGE_ANGLE
09-15 14:23:06.817 12309 12388 I native  : I0000 00:00:1757917386.817160   12388 android_sensors.cc:215] Found IMU temperature sensor.
09-15 14:23:06.817 12309 12388 I native  : I0000 00:00:1757917386.817867   12388 android_platform_checks.cc:206] IsZeroRotationLandscape = false
09-15 14:23:06.818 12309 12388 I native  : I0000 00:00:1757917386.818117   12388 app_version_util.cc:51] Package name: com.google.ar.core App version: 1.50.251670093
09-15 14:23:06.818 12309 10657 D AidlBufferPool: Destruction - bufferpool2 0xb40000789b139998 cached: 0/0M, 0/0% in use; allocs: 0, 0% recycled; transfers: 0, 0% unfetched
09-15 14:23:06.818 12309 12388 I native  : I0000 00:00:1757917386.818235   12388 session_create_implementation_shared.cc:1747] CPU Image enable frame delay to compensate delay: false
09-15 14:23:06.819 12309 12388 I native  : I0000 00:00:1757917386.819242   12388 session_create_implementation_shared.cc:836] Create ARCore session for All-In mode under package com.google.android.GoogleCamera
09-15 14:23:06.819 12309 12388 I native  : I0000 00:00:1757917386.819526   12388 session_create_implementation_shared.cc:867] Pixel 9/10 stationary detection using stronger zero velocity measurement.
09-15 14:23:06.826 12309 12388 I native  : I0000 00:00:1757917386.826582   12388 config_helpers.cc:441] IMU sigma values from data source are used
09-15 14:23:06.826 12309 12388 I native  : I0000 00:00:1757917386.826750   12388 deep_io.cc:106] Load deepIO config: deepio_v5_pb.uncompressed
09-15 14:23:06.826 12309 12388 I native  : I0000 00:00:1757917386.826872   12388 deep_io.cc:117] Load TFLite model: deepio_v5_tflite.uncompressed
09-15 14:23:06.827 12309 12388 I tflite  : Replacing 65 out of 83 node(s) with delegate (TfLiteXNNPackDelegate) node, yielding 19 partitions for subgraph 0.
09-15 14:23:06.832 12309 12388 I native  : I0000 00:00:1757917386.832872   12388 session_create_implementation_shared.cc:990] DeepIO release instantiated successfully.
09-15 14:23:06.832 12309 12388 I native  : I0000 00:00:1757917386.832943   12388 inertial_estimator.cc:102] DeepIO model id: 5
09-15 14:23:06.832 12309 12388 I native  : I0000 00:00:1757917386.832968   12388 config_helpers.cc:378] Failed to find IMU intrinsic covariance matrix in profile for id: 100
09-15 14:23:06.832 12309 12388 I native  : I0000 00:00:1757917386.832976   12388 config_helpers.cc:136] Does not find camera intrinsic covariance matrix in profile for id 0
09-15 14:23:06.832 12309 12388 I native  : I0000 00:00:1757917386.832979   12388 config_helpers.cc:209] Does not find extrinsic covariance matrix in profile for IMU id 100
09-15 14:23:06.833 12309 12388 I native  : I0000 00:00:1757917386.832998   12388 moving_platform_detector.cc:29] [MPD] MovingPlatformDetector status: Disabled, cpd_filt_threshold: 0.03
09-15 14:23:06.833 12309 12388 I native  : I0000 00:00:1757917386.833006   12388 motion_tracking_context_config_helpers.cc:806] [MTCC] MotionTrackingContextConfig Settings:
09-15 14:23:06.833 12309 12388 I native  : I0000 00:00:1757917386.833066   12388 motion_tracking_context_config_helpers.cc:810] [MTCC] DeviceMode: ARCore
09-15 14:23:06.833 12309 12388 I native  : I0000 00:00:1757917386.833069   12388 motion_tracking_context_config_helpers.cc:810] [MTCC] vio_estimator_options:
09-15 14:23:06.833 12309 12388 I native  : I0000 00:00:1757917386.833071   12388 motion_tracking_context_config_helpers.cc:810] [MTCC] vio-max_num_slam_landmarks: 15
09-15 14:23:06.833 12309 12388 I native  : I0000 00:00:1757917386.833074   12388 motion_tracking_context_config_helpers.cc:810] [MTCC] vio-max_num_keyframes: 5
09-15 14:23:06.833 12309 12388 I native  : I0000 00:00:1757917386.833076   12388 motion_tracking_context_config_helpers.cc:810] [MTCC] vio-pixel_noise_sigma_for_unmapped_landmarks: 0.8
09-15 14:23:06.833 12309 12388 I native  : I0000 00:00:1757917386.833079   12388 motion_tracking_context_config_helpers.cc:810] [MTCC] vio-max_unmapped_landmark_constraints: 51
09-15 14:23:06.833 12309 12388 I native  : I0000 00:00:1757917386.833083   12388 motion_tracking_context_config_helpers.cc:810] [MTCC] vio-max_total_visual_constraints: 102
09-15 14:23:06.833 12309 12388 I native  : I0000 00:00:1757917386.833086   12388 motion_tracking_context_config_helpers.cc:810] [MTCC] vio-sbr_mahalanobis_distance_threshold_factor: 1
09-15 14:23:06.833 12309 12388 I native  : I0000 00:00:1757917386.833090   12388 motion_tracking_context_config_helpers.cc:810] [MTCC] vio-mahalanobis_distance_upper_bound_approximation: 0
09-15 14:23:06.833 12309 12388 I native  : I0000 00:00:1757917386.833093   12388 motion_tracking_context_config_helpers.cc:810] [MTCC] vio-use_simplified_noise_integration: 0
09-15 14:23:06.833 12309 12388 I native  : I0000 00:00:1757917386.833096   12388 motion_tracking_context_config_helpers.cc:810] [MTCC] vio-use_block_monitor_for_online_calibration: 0
09-15 14:23:06.833 12309 12388 I native  : I0000 00:00:1757917386.833099   12388 motion_tracking_context_config_helpers.cc:810] [MTCC] vio-initial_velocity_variance: 0.01
09-15 14:23:06.833 12309 12388 I native  : I0000 00:00:1757917386.833101   12388 motion_tracking_context_config_helpers.cc:810] [MTCC] vio-initial_roll_variance: 0.000685389
09-15 14:23:06.833 12309 12388 I native  : I0000 00:00:1757917386.833120   12388 motion_tracking_context_config_helpers.cc:810] [MTCC] vio-initial_pitch_variance: 0.000685389
09-15 14:23:06.833 12309 12388 I native  : I0000 00:00:1757917386.833123   12388 motion_tracking_context_config_helpers.cc:810] [MTCC] vio-gyro_noise_sigma: -1
09-15 14:23:06.833 12309 12388 I native  : I0000 00:00:1757917386.833125   12388 motion_tracking_context_config_helpers.cc:810] [MTCC] vio-gyro_bias_sigma: -1
09-15 14:23:06.833 12309 12388 I native  : I0000 00:00:1757917386.833128   12388 motion_tracking_context_config_helpers.cc:810] [MTCC] vio-accel_noise_sigma: -1
09-15 14:23:06.833 12309 12388 I native  : I0000 00:00:1757917386.833130   12388 motion_tracking_context_config_helpers.cc:810] [MTCC] vio-accel_bias_sigma: -1
09-15 14:23:06.833 12309 12388 I native  : I0000 00:00:1757917386.833132   12388 motion_tracking_context_config_helpers.cc:810] [MTCC] vio-output_vio_state_covariance: 1
09-15 14:23:06.833 12309 12388 I native  : I0000 00:00:1757917386.833135   12388 motion_tracking_context_config_helpers.cc:810] [MTCC] vio-disable_expected_features_hints: 0
09-15 14:23:06.833 12309 12388 I native  : I0000 00:00:1757917386.833137   12388 motion_tracking_context_config_helpers.cc:810] [MTCC] vio-max_consecutive_failed_inits_before_discarding_online_calibration: 7
09-15 14:23:06.833 12309 12388 I native  : I0000 00:00:1757917386.833139   12388 motion_tracking_context_config_helpers.cc:810] [MTCC] vio-discard_online_calibration_after_vio_fault: 0
09-15 14:23:06.833 12309 12388 I native  : I0000 00:00:1757917386.833142   12388 motion_tracking_context_config_helpers.cc:810] [MTCC] vio-max_dropout_duration_for_tracking_initialization: 400ms
09-15 14:23:06.833 12309 12388 I native  : I0000 00:00:1757917386.833144   12388 motion_tracking_context_config_helpers.cc:810] [MTCC] vio-initialization_solver_type: 0
09-15 14:23:06.833 12309 12388 I native  : I0000 00:00:1757917386.833146   12388 motion_tracking_context_config_helpers.cc:810] [MTCC] vio-use_inverse_depth_prioritizing_policy_for_slam_landmarks: 0
09-15 14:23:06.833 12309 12388 I native  : I0000 00:00:1757917386.833149   12388 motion_tracking_context_config_helpers.cc:810] [MTCC] mapping_options:
09-15 14:23:06.833 12309 12388 I native  : I0000 00:00:1757917386.833151   12388 motion_tracking_context_config_helpers.cc:810] [MTCC] map-enable_dsp: 0
09-15 14:23:06.833 12309 12388 I native  : I0000 00:00:1757917386.833154   12388 motion_tracking_context_config_helpers.cc:810] [MTCC] map-active_map_manager_mode: 0
09-15 14:23:06.833 12309 12388 I native  : I0000 00:00:1757917386.833157   12388 motion_tracking_context_config_helpers.cc:810] [MTCC] map-map_publish_keyframe_position_baseline_meter_squared_threshold: 0
09-15 14:23:06.833 12309 12388 I native  : I0000 00:00:1757917386.833159   12388 motion_tracking_context_config_helpers.cc:810] [MTCC] map-map_publish_keyframe_orientation_diff_rad_threshold: 0
09-15 14:23:06.833 12309 12388 I native  : I0000 00:00:1757917386.833162   12388 motion_tracking_context_config_helpers.cc:810] [MTCC] map-multi_map_process_mode: 2
09-15 14:23:06.833 12309 12388 I native  : I0000 00:00:1757917386.833164   12388 motion_tracking_context_config_helpers.cc:810] [MTCC] map-map_optimizer_type: 1
09-15 14:23:06.833 12309 12388 I native  : I0000 00:00:1757917386.833167   12388 motion_tracking_context_config_helpers.cc:810] [MTCC] map-enable_loop_closure: 1
09-15 14:23:06.833 12309 12388 I native  : I0000 00:00:1757917386.833169   12388 motion_tracking_context_config_helpers.cc:810] [MTCC] map-run_pgo_before_bundle_adjustment: 0
09-15 14:23:06.833 12309 12388 I native  : I0000 00:00:1757917386.833173   12388 motion_tracking_context_config_helpers.cc:810] [MTCC] map-loop_closure_max_keyframe_matches: 1
09-15 14:23:06.833 12309 12388 I native  : I0000 00:00:1757917386.833175   12388 motion_tracking_context_config_helpers.cc:810] [MTCC] map-loop_closure_query_delta_time_sec: 0.5
09-15 14:23:06.833 12309 12388 I native  : I0000 00:00:1757917386.833178   12388 motion_tracking_context_config_helpers.cc:810] [MTCC] map-loop_closure_query_every_nth_keyframe: -1
09-15 14:23:06.833 12309 12388 I native  : I0000 00:00:1757917386.833181   12388 motion_tracking_context_config_helpers.cc:810] [MTCC] map-loop_closure_keyframe_insert_every_nth: 1
09-15 14:23:06.833 12309 12388 I native  : I0000 00:00:1757917386.833183   12388 motion_tracking_context_config_helpers.cc:810] [MTCC] map-loop_closure_query_mode: 0
09-15 14:23:06.833 12309 12388 I native  : I0000 00:00:1757917386.833186   12388 motion_tracking_context_config_helpers.cc:810] [MTCC] map-min_landmark_observations: 5
09-15 14:23:06.833 12309 12388 I native  : I0000 00:00:1757917386.833188   12388 motion_tracking_context_config_helpers.cc:810] [MTCC] map-landmark_associator_reprojection_error_threshold: 10
09-15 14:23:06.833 12309 12388 I native  : I0000 00:00:1757917386.833190   12388 motion_tracking_context_config_helpers.cc:810] [MTCC] map-map_optimizer_triangulation_reprojection_error_threshold: 7.5
09-15 14:23:06.833 12309 12388 I native  : I0000 00:00:1757917386.833193   12388 motion_tracking_context_config_helpers.cc:810] [MTCC] map-map_marginalization_enable: 1
09-15 14:23:06.833 12309 12388 I native  : I0000 00:00:1757917386.833195   12388 motion_tracking_context_config_helpers.cc:810] [MTCC] map-map_marginalization_num_keyframes_to_marginalize: 10
09-15 14:23:06.833 12309 12388 I native  : I0000 00:00:1757917386.833199   12388 motion_tracking_context_config_helpers.cc:810] [MTCC] map-map_marginalization_num_keyframes_to_retain: 5
09-15 14:23:06.833 12309 12388 I native  : I0000 00:00:1757917386.833201   12388 motion_tracking_context_config_helpers.cc:810] [MTCC] map-map_marginalization_solver_type: 0
09-15 14:23:06.833 12309 12388 I native  : I0000 00:00:1757917386.833203   12388 motion_tracking_context_config_helpers.cc:810] [MTCC] map-add_keyframe_delta_time_seconds: 1
09-15 14:23:06.833 12309 12388 I native  : I0000 00:00:1757917386.833206   12388 motion_tracking_context_config_helpers.cc:810] [MTCC] map-add_keyframe_delta_rotation_degrees: 5
09-15 14:23:06.833 12309 12388 I native  : I0000 00:00:1757917386.833208   12388 motion_tracking_context_config_helpers.cc:810] [MTCC] map-add_keyframe_delta_translation_meters: 0.06
09-15 14:23:06.833 12309 12388 I native  : I0000 00:00:1757917386.833210   12388 motion_tracking_context_config_helpers.cc:810] [MTCC] map-add_keyframe_llc_percentage_threshold: 0.5
09-15 14:23:06.833 12309 12388 I native  : I0000 00:00:1757917386.833212   12388 motion_tracking_context_config_helpers.cc:810] [MTCC] map-add_keyframe_min_llc_match_threshold: 30
09-15 14:23:06.833 12309 12388 I native  : I0000 00:00:1757917386.833216   12388 motion_tracking_context_config_helpers.cc:810] [MTCC] map-enable_spatial_keyframing: 1
09-15 14:23:06.833 12309 12388 I native  : I0000 00:00:1757917386.833219   12388 motion_tracking_context_config_helpers.cc:810] [MTCC] map-estimate_camera_intrinsics_mode: 0
09-15 14:23:06.833 12309 12388 I native  : I0000 00:00:1757917386.833222   12388 motion_tracking_context_config_helpers.cc:810] [MTCC] map-estimate_imu_camera_extrinsics_mode: 0
09-15 14:23:06.833 12309 12388 I native  : I0000 00:00:1757917386.833224   12388 motion_tracking_context_config_helpers.cc:810] [MTCC] map-estimate_imu_intrinsics: 0
09-15 14:23:06.833 12309 12388 I native  : I0000 00:00:1757917386.833227   12388 motion_tracking_context_config_helpers.cc:810] [MTCC] map-use_prior_terms_in_calibration: 0
09-15 14:23:06.833 12309 12388 I native  : I0000 00:00:1757917386.833231   12388 motion_tracking_context_config_helpers.cc:810] [MTCC] map-use_motion_constraints: 1
09-15 14:23:06.833 12309 12388 I native  : I0000 00:00:1757917386.833233   12388 motion_tracking_context_config_helpers.cc:810] [MTCC] map-use_keyframe_freezing_strategy: 0
09-15 14:23:06.833 12309 12388 I native  : I0000 00:00:1757917386.833236   12388 motion_tracking_context_config_helpers.cc:810] [MTCC] map-use_visual_constraints_sparsification: 0
09-15 14:23:06.833 12309 12388 I native  : I0000 00:00:1757917386.833238   12388 motion_tracking_context_config_helpers.cc:810] [MTCC] map-visual_constraints_temporal_downsampling_rate: 1
09-15 14:23:06.833 12309 12388 I native  : I0000 00:00:1757917386.833241   12388 motion_tracking_context_config_helpers.cc:810] [MTCC] map-max_consecutive_skipped_online_solves: 5
09-15 14:23:06.833 12309 12388 I native  : I0000 00:00:1757917386.833243   12388 motion_tracking_context_config_helpers.cc:810] [MTCC] map-map_landmark_keypoint_pixel_sigma: 1.5
09-15 14:23:06.833 12309 12388 I native  : I0000 00:00:1757917386.833246   12388 motion_tracking_context_config_helpers.cc:810] [MTCC] map-remove_outlier_landmark_mode: 0
09-15 14:23:06.833 12309 12388 I native  : I0000 00:00:1757917386.833248   12388 motion_tracking_context_config_helpers.cc:810] [MTCC] map-remove_outlier_landmark_with_covariance_mode: 0
09-15 14:23:06.833 12309 12388 I native  : I0000 00:00:1757917386.833251   12388 motion_tracking_context_config_helpers.cc:810] [MTCC] map-landmark_outlier_rejection_threshold: 3
09-15 14:23:06.833 12309 12388 I native  : I0000 00:00:1757917386.833253   12388 motion_tracking_context_config_helpers.cc:810] [MTCC] map-visual_error_pixel_sigma_multiplier: 1.5
09-15 14:23:06.833 12309 12388 I native  : I0000 00:00:1757917386.833256   12388 motion_tracking_context_config_helpers.cc:810] [MTCC] map-visual_error_huber_loss_multiplier: 3
09-15 14:23:06.833 12309 12388 I native  : I0000 00:00:1757917386.833258   12388 motion_tracking_context_config_helpers.cc:810] [MTCC] map-zero_velocity_error_sigma: 0.1
09-15 14:23:06.833 12309 12388 I native  : I0000 00:00:1757917386.833260   12388 motion_tracking_context_config_helpers.cc:810] [MTCC] map-zero_velocity_error_huber_loss_multiplier: 3
09-15 14:23:06.833 12309 12388 I native  : I0000 00:00:1757917386.833263   12388 motion_tracking_context_config_helpers.cc:810] [MTCC] map-enable_keypoint_pruning: 0
09-15 14:23:06.833 12309 12388 I native  : I0000 00:00:1757917386.833265   12388 motion_tracking_context_config_helpers.cc:810] [MTCC] map-max_num_of_inactive_maps: 4
09-15 14:23:06.833 12309 12388 I native  : I0000 00:00:1757917386.833267   12388 motion_tracking_context_config_helpers.cc:810] [MTCC] map-keyframe_initialization_strategy: 0
09-15 14:23:06.833 12309 12388 I native  : I0000 00:00:1757917386.833269   12388 motion_tracking_context_config_helpers.cc:810] [MTCC] localization_options:
09-15 14:23:06.833 12309 12388 I native  : I0000 00:00:1757917386.833272   12388 motion_tracking_context_config_helpers.cc:810] [MTCC] tracking_mode: LiteConcurrentOdometryAndMapping
09-15 14:23:06.833 12309 12388 I native  : I0000 00:00:1757917386.833274   12388 motion_tracking_context_config_helpers.cc:810] [MTCC] multicamera_litecom: 0
09-15 14:23:06.833 12309 12388 I native  : I0000 00:00:1757917386.833276   12388 motion_tracking_context_config_helpers.cc:810] [MTCC] buffering_policy: 0
09-15 14:23:06.833 12309 12388 I native  : I0000 00:00:1757917386.833279   12388 motion_tracking_context_config_helpers.cc:810] [MTCC] time_sync_estimation_mode: 1
09-15 14:23:06.833 12309 12388 I native  : I0000 00:00:1757917386.833281   12388 motion_tracking_context_config_helpers.cc:810] [MTCC] camera_intrinsics_recalibration_mode: 1
09-15 14:23:06.833 12309 12388 I native  : I0000 00:00:1757917386.833283   12388 motion_tracking_context_config_helpers.cc:810] [MTCC] imu_intrinsics_recalibration_mode: 1
09-15 14:23:06.833 12309 12388 I native  : I0000 00:00:1757917386.833285   12388 motion_tracking_context_config_helpers.cc:810] [MTCC] extrinsics_recalibration_mode: 1
09-15 14:23:06.833 12309 12388 I native  : I0000 00:00:1757917386.833288   12388 motion_tracking_context_config_helpers.cc:810] [MTCC] inertial_tracking_policy: 2
09-15 14:23:06.833 12309 12388 I native  : I0000 00:00:1757917386.833290   12388 motion_tracking_context_config_helpers.cc:810] [MTCC] max_alignment_transforms: 4
09-15 14:23:06.833 12309 12388 I native  : I0000 00:00:1757917386.833292   12388 motion_tracking_context_config_helpers.cc:810] [MTCC] reset_world_if_no_vio: 1
09-15 14:23:06.833 12309 12388 I native  : I0000 00:00:1757917386.833295   12388 motion_tracking_context_config_helpers.cc:810] [MTCC] enable_stereo_matching: 0
09-15 14:23:06.833 12309 12388 I native  : I0000 00:00:1757917386.833298   12388 motion_tracking_context_config_helpers.cc:810] [MTCC] num_matching_threads: 1
09-15 14:23:06.833 12309 12388 I native  : I0000 00:00:1757917386.833300   12388 motion_tracking_context_config_helpers.cc:810] [MTCC] use_klt_track_stitching: 0
09-15 14:23:06.833 12309 12388 I native  : I0000 00:00:1757917386.833302   12388 motion_tracking_context_config_helpers.cc:810] [MTCC] startup_ignore_selection_duration: 0
09-15 14:23:06.833 12309 12388 I native  : I0000 00:00:1757917386.833305   12388 motion_tracking_context_config_helpers.cc:810] [MTCC] enable_dsp_triangulator: 0
09-15 14:23:06.833 12309 12388 I native  : I0000 00:00:1757917386.833308   12388 motion_tracking_context_config_helpers.cc:810] [MTCC] max_valid_tracking_velocity: 6
09-15 14:23:06.833 12309 12388 I native  : I0000 00:00:1757917386.833310   12388 motion_tracking_context_config_helpers.cc:810] [MTCC] min_velocity_for_feature_filtering_based_verification: 0.5
09-15 14:23:06.833 12309 12388 I native  : I0000 00:00:1757917386.833313   12388 motion_tracking_context_config_helpers.cc:810] [MTCC] fault_detector_min_ransac_inlier_ratio: 0.15
09-15 14:23:06.833 12309 12388 I native  : I0000 00:00:1757917386.833317   12388 motion_tracking_context_config_helpers.cc:810] [MTCC] fault_detector_min_num_matches: 20
09-15 14:23:06.833 12309 12388 I native  : I0000 00:00:1757917386.833319   12388 motion_tracking_context_config_helpers.cc:810] [MTCC] fault_detector_max_accel_value_for_fault: 100
09-15 14:23:06.833 12309 12388 I native  : I0000 00:00:1757917386.833321   12388 motion_tracking_context_config_helpers.cc:810] [MTCC] fault_detector_no_valid_translation_from_ransac_duration: inf
09-15 14:23:06.833 12309 12388 I native  : I0000 00:00:1757917386.833324   12388 motion_tracking_context_config_helpers.cc:810] [MTCC] fault_detector_max_time_delta_between_feature_sets: 180ms
09-15 14:23:06.833 12309 12388 I native  : I0000 00:00:1757917386.833326   12388 motion_tracking_context_config_helpers.cc:810] [MTCC] linear_velocity_measurement_noise_sigma: 0
09-15 14:23:06.833 12309 12388 I native  : I0000 00:00:1757917386.833328   12388 motion_tracking_context_config_helpers.cc:810] [MTCC] target_imu_frequency_hz: 110
09-15 14:23:06.833 12309 12388 I native  : I0000 00:00:1757917386.833331   12388 motion_tracking_context_config_helpers.cc:810] [MTCC] target_imu_frequency_hz_for_other_modules: 90
09-15 14:23:06.833 12309 12388 I native  : I0000 00:00:1757917386.833333   12388 motion_tracking_context_config_helpers.cc:810] [MTCC] enable_moving_features_robustification: 1
09-15 14:23:06.833 12309 12388 I native  : I0000 00:00:1757917386.833336   12388 motion_tracking_context_config_helpers.cc:810] [MTCC] feature_matcher_sampson_pixel_error_threshold: 1.6
09-15 14:23:06.833 12309 12388 I native  : I0000 00:00:1757917386.833338   12388 motion_tracking_context_config_helpers.cc:810] [MTCC] zero_point_ransac_low_parallax_degree_threshold: 0.9
09-15 14:23:06.833 12309 12388 I native  : I0000 00:00:1757917386.833341   12388 motion_tracking_context_config_helpers.cc:810] [MTCC] enable_robust_initialization: 1
09-15 14:23:06.833 12309 12388 I native  : I0000 00:00:1757917386.833343   12388 motion_tracking_context_config_helpers.cc:810] [MTCC] enable_use_tof_plane_in_vio: 0
09-15 14:23:06.833 12309 12388 I native  : I0000 00:00:1757917386.833346   12388 motion_tracking_context_config_helpers.cc:810] [MTCC] enable_static_poses_constraints: 0
09-15 14:23:06.833 12309 12388 I native  : I0000 00:00:1757917386.833348   12388 motion_tracking_context_config_helpers.cc:810] [MTCC] static_poses_uses_imu_only: 0
09-15 14:23:06.833 12309 12388 I native  : I0000 00:00:1757917386.833351   12388 motion_tracking_context_config_helpers.cc:810] [MTCC] zero_vel_uses_accel_and_gyro: 0
09-15 14:23:06.833 12309 12388 I native  : I0000 00:00:1757917386.833355   12388 motion_tracking_context_config_helpers.cc:810] [MTCC] zero_velocity_noise_sigma: 0.006
09-15 14:23:06.833 12309 12388 I native  : I0000 00:00:1757917386.833357   12388 motion_tracking_context_config_helpers.cc:810] [MTCC] pose_confidence_asset_path: pose_confidence_v0.tflite
09-15 14:23:06.833 12309 12388 I native  : I0000 00:00:1757917386.833360   12388 motion_tracking_context_config_helpers.cc:810] [MTCC] enable_alphatrack_debug_logging: 0
09-15 14:23:06.833 12309 12388 I native  : I0000 00:00:1757917386.833362   12388 motion_tracking_context_config_helpers.cc:810] [MTCC] debug_map_load_paths: 
09-15 14:23:06.833 12309 12388 I native  : I0000 00:00:1757917386.833364   12388 motion_tracking_context_config_helpers.cc:810] [MTCC] allow_persistent_map_without_annotations: 0
09-15 14:23:06.833 12309 12388 I native  : I0000 00:00:1757917386.833367   12388 motion_tracking_context_config_helpers.cc:810] [MTCC] output_maps_filepath: 
09-15 14:23:06.833 12309 12388 I native  : I0000 00:00:1757917386.833369   12388 motion_tracking_context_config_helpers.cc:810] [MTCC] export_summary_maps: 0
09-15 14:23:06.833 12309 12388 I native  : I0000 00:00:1757917386.833372   12388 motion_tracking_context_config_helpers.cc:810] [MTCC] sufficient_number_of_landmarks_for_vio_initialization: 200
09-15 14:23:06.833 12309 12388 I native  : I0000 00:00:1757917386.833374   12388 motion_tracking_context_config_helpers.cc:810] [MTCC] enable_qualify_translation_in_fault_detector: 1
09-15 14:23:06.833 12309 12388 I native  : I0000 00:00:1757917386.833376   12388 motion_tracking_context_config_helpers.cc:810] [MTCC] ignore_speed_measurement_in_filter: 0
09-15 14:23:06.833 12309 12388 I native  : I0000 00:00:1757917386.833379   12388 motion_tracking_context_config_helpers.cc:810] [MTCC] minimum_number_of_frames_for_tracking_initialization: 5
09-15 14:23:06.833 12309 12388 I native  : I0000 00:00:1757917386.833381   12388 motion_tracking_context_config_helpers.cc:810] [MTCC] maximum_iterations_for_tracking_ba_initialization: 18
09-15 14:23:06.833 12309 12388 I native  : I0000 00:00:1757917386.833384   12388 motion_tracking_context_config_helpers.cc:810] [MTCC] max_allowable_velocity_change_after_ba_initialization: 1.5
09-15 14:23:06.833 12309 12388 I native  : I0000 00:00:1757917386.833386   12388 motion_tracking_context_config_helpers.cc:810] [MTCC] max_initialization_velocity: 50
09-15 14:23:06.833 12309 12388 I native  : I0000 00:00:1757917386.833442   12388 motion_tracking_context_config_helpers.cc:810] [MTCC] restrict_pose_displacement_in_initialization: 0
09-15 14:23:06.833 12309 12388 I native  : I0000 00:00:1757917386.833445   12388 motion_tracking_context_config_helpers.cc:810] [MTCC] restrict_pose_drift_in_initialization: 0
09-15 14:23:06.833 12309 12388 I native  : I0000 00:00:1757917386.833447   12388 motion_tracking_context_config_helpers.cc:810] [MTCC] estimator_stationary_state_detector_mode: 1
09-15 14:23:06.833 12309 12388 I native  : I0000 00:00:1757917386.833450   12388 motion_tracking_context_config_helpers.cc:810] [MTCC] enable_region_of_interest: 1
09-15 14:23:06.833 12309 12388 I native  : I0000 00:00:1757917386.833454   12388 motion_tracking_context_config_helpers.cc:810] [MTCC] enable_high_precision_vio_bad_performance_detection: 1
09-15 14:23:06.833 12309 12388 I native  : I0000 00:00:1757917386.833457   12388 motion_tracking_context_config_helpers.cc:810] [MTCC] disable_thresholding_calibration_convergence_detection: 1
09-15 14:23:06.833 12309 12388 I native  : I0000 00:00:1757917386.833459   12388 motion_tracking_context_config_helpers.cc:810] [MTCC] share_state_between_sessions: 1
09-15 14:23:06.833 12309 12388 I native  : I0000 00:00:1757917386.833461   12388 motion_tracking_context_config_helpers.cc:810] [MTCC] share_state_between_sessions_after_stable: 0
09-15 14:23:06.833 12309 12388 I native  : I0000 00:00:1757917386.833465   12388 motion_tracking_context_config_helpers.cc:810] [MTCC] min_successful_tracking_frames_to_share_state: 10
09-15 14:23:06.833 12309 12388 I native  : I0000 00:00:1757917386.833468   12388 motion_tracking_context_config_helpers.cc:810] [MTCC] camera_to_camera_delta_theta_sigma: 0.00174533
09-15 14:23:06.833 12309 12388 I native  : I0000 00:00:1757917386.833471   12388 motion_tracking_context_config_helpers.cc:810] [MTCC] camera_to_camera_p_sigma: 0.005
09-15 14:23:06.833 12309 12388 I native  : I0000 00:00:1757917386.833473   12388 motion_tracking_context_config_helpers.cc:810] [MTCC] multi_cameras_timestamp_sync_tolerance: 1ms
09-15 14:23:06.833 12309 12388 I native  : I0000 00:00:1757917386.833476   12388 motion_tracking_context_config_helpers.cc:810] [MTCC] visual_measurements_timestamp_clamp_tolerance: 0
09-15 14:23:06.833 12309 12388 I native  : I0000 00:00:1757917386.833478   12388 motion_tracking_context_config_helpers.cc:810] [MTCC] duration_to_drop_camera_from_system: 300ms
09-15 14:23:06.833 12309 12388 I native  : I0000 00:00:1757917386.833480   12388 motion_tracking_context_config_helpers.cc:810] [MTCC] no_feature_wait_time_for_reset: 1.2s
09-15 14:23:06.833 12309 12388 I native  : I0000 00:00:1757917386.833483   12388 motion_tracking_context_config_helpers.cc:810] [MTCC] max_consecutive_delta_adf_position_vio: 0.2
09-15 14:23:06.833 12309 12388 I native  : I0000 00:00:1757917386.833486   12388 motion_tracking_context_config_helpers.cc:810] [MTCC] max_consecutive_delta_adf_rotation_vio: 4
09-15 14:23:06.833 12309 12388 I native  : I0000 00:00:1757917386.833490   12388 motion_tracking_context_config_helpers.cc:810] [MTCC] max_map_vs_vio_delta_adf_position_vio: 0.3
09-15 14:23:06.833 12309 12388 I native  : I0000 00:00:1757917386.833492   12388 motion_tracking_context_config_helpers.cc:810] [MTCC] max_map_vs_vio_delta_adf_rotation_vio: 5
09-15 14:23:06.833 12309 12388 I native  : I0000 00:00:1757917386.833495   12388 motion_tracking_context_config_helpers.cc:810] [MTCC] enable_accel_bias_refinement: 0
09-15 14:23:06.833 12309 12388 I native  : I0000 00:00:1757917386.833497   12388 motion_tracking_context_config_helpers.cc:810] [MTCC] max_pose_extrapolation_time: 50ms
09-15 14:23:06.833 12309 12388 I native  : I0000 00:00:1757917386.833500   12388 motion_tracking_context_config_helpers.cc:810] [MTCC] enable_visual_feature_track_depth_provider_for_initialization: 1
09-15 14:23:06.833 12309 12388 I native  : I0000 00:00:1757917386.833502   12388 motion_tracking_context_config_helpers.cc:810] [MTCC] enable_gravity_vector_estimation_for_initialization: 0
09-15 14:23:06.833 12309 12388 I native  : I0000 00:00:1757917386.833506   12388 motion_tracking_context_config_helpers.cc:810] [MTCC] enable_landmark_triangulator_lite: 0
09-15 14:23:06.833 12309 12388 I native  : I0000 00:00:1757917386.833509   12388 motion_tracking_context_config_helpers.cc:810] [MTCC] geometric_loop_closure_verification: 0
09-15 14:23:06.833 12309 12388 I native  : I0000 00:00:1757917386.833511   12388 motion_tracking_context_config_helpers.cc:810] [MTCC] klt_feature_tracks_provider_update_mode: 0
09-15 14:23:06.833 12309 12388 I native  : I0000 00:00:1757917386.833514   12388 motion_tracking_context_config_helpers.cc:810] [MTCC] max_ram_usage_size_in_kb_for_mapping: -1
09-15 14:23:06.833 12309 12388 I native  : I0000 00:00:1757917386.833516   12388 motion_tracking_context_config_helpers.cc:810] [MTCC] mapping_memory_threshold_mb: 50
09-15 14:23:06.833 12309 12388 I native  : I0000 00:00:1757917386.833518   12388 motion_tracking_context_config_helpers.cc:810] [MTCC] critical_path_priority: 0
09-15 14:23:06.833 12309 12388 I native  : I0000 00:00:1757917386.833522   12388 motion_tracking_context_config_helpers.cc:810] [MTCC] max_rolling_shutter_readout_duration: 35ms
09-15 14:23:06.833 12309 12388 I native  : I0000 00:00:1757917386.833524   12388 motion_tracking_context_config_helpers.cc:810] [MTCC] dsp_acceleration_mode: 0
09-15 14:23:06.833 12309 12388 I native  : I0000 00:00:1757917386.833527   12388 motion_tracking_context_config_helpers.cc:810] [MTCC] enable_multi_location_persistence: 0
09-15 14:23:06.833 12309 12388 I native  : I0000 00:00:1757917386.833529   12388 motion_tracking_context_config_helpers.cc:810] [MTCC] enable_geometry_based_map_refresh: 0
09-15 14:23:06.833 12309 12388 I native  : I0000 00:00:1757917386.833532   12388 motion_tracking_context_config_helpers.cc:810] [MTCC] enable_persistent_map_selection_using_image_embedding: 0
09-15 14:23:06.833 12309 12388 I native  : I0000 00:00:1757917386.833535   12388 motion_tracking_context_config_helpers.cc:810] [MTCC] enable_eva_booster_for_descriptor_projection: 0
09-15 14:23:06.833 12309 12388 I native  : I0000 00:00:1757917386.833537   12388 motion_tracking_context_config_helpers.cc:810] [MTCC] enable_learning_based_localization: 0
09-15 14:23:06.833 12309 12388 I native  : I0000 00:00:1757917386.833540   12388 motion_tracking_context_config_helpers.cc:810] [MTCC] enable_dsp_feature_processing: 0
09-15 14:23:06.833 12309 12388 I native  : I0000 00:00:1757917386.833543   12388 motion_tracking_context_config_helpers.cc:810] [MTCC] temporal_feature_matcher_type: 1
09-15 14:23:06.833 12309 12388 I native  : I0000 00:00:1757917386.833546   12388 motion_tracking_context_config_helpers.cc:810] [MTCC] pose_prediction_method: 0
09-15 14:23:06.833 12309 12388 I native  : I0000 00:00:1757917386.833549   12388 motion_tracking_context_config_helpers.cc:810] [MTCC] init_max_reprojection_error_per_landmark_in_pixels: 14
09-15 14:23:06.833 12309 12388 I native  : I0000 00:00:1757917386.833551   12388 motion_tracking_context_config_helpers.cc:810] [MTCC] init_min_features_to_keyframe: 0
09-15 14:23:06.833 12309 12388 I native  : I0000 00:00:1757917386.833554   12388 motion_tracking_context_config_helpers.cc:810] [MTCC] init_min_landmarks_per_image: 9
09-15 14:23:06.833 12309 12388 I native  : I0000 00:00:1757917386.833557   12388 motion_tracking_context_config_helpers.cc:810] [MTCC] expected_feature_frame_rate: 2
09-15 14:23:06.833 12309 12388 I native  : I0000 00:00:1757917386.833560   12388 motion_tracking_context_config_helpers.cc:810] [MTCC] moving_platform_detector_config:
09-15 14:23:06.833 12309 12388 I native  : I0000 00:00:1757917386.833563   12388 motion_tracking_context_config_helpers.cc:810] [MTCC] mpd-enable_moving_platform_detector: 0
09-15 14:23:06.833 12309 12388 I native  : I0000 00:00:1757917386.833567   12388 motion_tracking_context_config_helpers.cc:810] [MTCC] mpd-filter_alpha: 0.9
09-15 14:23:06.833 12309 12388 I native  : I0000 00:00:1757917386.833569   12388 motion_tracking_context_config_helpers.cc:810] [MTCC] mpd-correction_position_delta_threshold: 0.03
09-15 14:23:06.833 12309 12388 I native  : I0000 00:00:1757917386.833571   12388 motion_tracking_context_config_helpers.cc:810] [MTCC] mpd-enable_extra_logging: 0
09-15 14:23:06.833 12309 12388 I native  : I0000 00:00:1757917386.833574   12388 motion_tracking_context_config_helpers.cc:810] [MTCC] max_sbr_failures_for_localization_reevaluation: 2
09-15 14:23:06.833 12309 12388 I native  : I0000 00:00:1757917386.833588   12388 motion_tracking_context.cc:914] VPS data synchronizer is successfully initialized.
09-15 14:23:06.833 12309 12388 I native  : I0000 00:00:1757917386.833600   12388 feature_matcher_and_filter.cc:302] Enabled the robustification to large-sized and fast-moving objects on this mono-camera device.
09-15 14:23:06.835 12309 12388 I tflite  : Replacing 3 out of 3 node(s) with delegate (TfLiteXNNPackDelegate) node, yielding 1 partitions for subgraph 0.
09-15 14:23:06.835 12309 12388 I native  : I0000 00:00:1757917386.835374   12388 pose_confidence_estimator.cc:230] Pose confidence model loaded successfully
